Power Management Unit
Voltage: 16.77
Current: 5.88
Power Consumption: 493.72
Energy Regen: 57%
Energy Storage: 50%
Power Management Unit
Voltage: 11.20
Current: -37.63
Power Consumption: 740.81
Energy Regen: 99%
Energy Storage: 58%
Power Management Unit
Voltage: 13.59
Current: 1337.00
Power Consumption: 451.62
Energy Regen: 28%
Energy Storage: 62%
Power Management Unit
Voltage: 16.49
Current: 59.47
Power Consumption: 596.49
Energy Regen: 32%
Energy Storage: 58%
Power Management Unit
Voltage: 12.86
Current: -49.12
Power Consumption: 436.53
Energy Regen: 94%
Energy Storage: 6%
Power Management Unit
Voltage: 15.07
Current: 1337.00
Power Consumption: 30.20
Energy Regen: 16%
Energy Storage: 55%
Power Management Unit
Voltage: 15.59
Current: 88.18
Power Consumption: 509.20
Energy Regen: 71%
Energy Storage: 89%
Power Management Unit
Voltage: 15.98
Current: -13.90
Power Consumption: 211.97
Energy Regen: 75%
Energy Storage: 28%
Power Management Unit
Voltage: -1337.00
Current: 34.38
Power Consumption: 394.60
Energy Regen: 22%
Energy Storage: 85%
Power Management Unit
Voltage: 10.57
Current: 1337.00
Power Consumption: 475.66
Energy Regen: 77%
Energy Storage: 69%
Power Management Unit
Voltage: 19.18
Current: -90.61
Power Consumption: 325.29
Energy Regen: 34%
Energy Storage: 15%
Power Management Unit
Voltage: 11.50
Current: -83.27
Power Consumption: 367.75
Energy Regen: 38%
Energy Storage: 5%
Power Management Unit
Voltage: 13.01
Current: -74.58
Power Consumption: 615.25
Energy Regen: 81%
Energy Storage: 98%
Power Management Unit
Voltage: 19.96
Current: 60.83
Power Consumption: 1337.00
Energy Regen: 67%
Energy Storage: 44%
Power Management Unit
Voltage: 16.00
Current: 73.73
Power Consumption: 413.78
Energy Regen: 100%
Energy Storage: 11%
Power Management Unit
Voltage: 19.83
Current: -64.03
Power Consumption: 794.18
Energy Regen: 99%
Energy Storage: 17%
Power Management Unit
Voltage: 13.75
Current: 82.48
Power Consumption: 618.50
Energy Regen: 3%
Energy Storage: 31%
Power Management Unit
Voltage: 17.93
Current: 91.38
Power Consumption: 265.64
Energy Regen: 53%
Energy Storage: 28%
Power Management Unit
Voltage: 18.21
Current: 6.01
Power Consumption: 331.93
Energy Regen: 87%
Energy Storage: 72%
Power Management Unit
Voltage: 16.35
Current: -97.14
Power Consumption: 35.77
Energy Regen: 38%
Energy Storage: 24%
Power Management Unit
Voltage: 13.16
Current: -82.90
Power Consumption: 902.76
Energy Regen: 1%
Energy Storage: 21%
Power Management Unit
Voltage: 16.69
Current: -87.90
Power Consumption: 861.10
Energy Regen: 33%
Energy Storage: 22%
Power Management Unit
Voltage: 18.77
Current: 24.26
Power Consumption: 5.08
Energy Regen: 56%
Energy Storage: 85%
Power Management Unit
Voltage: 11.31
Current: -19.55
Power Consumption: 935.33
Energy Regen: 90%
Energy Storage: 96%
Power Management Unit
Voltage: -1337.00
Current: -99.29
Power Consumption: 631.52
Energy Regen: 97%
Energy Storage: 10%
Power Management Unit
Voltage: 16.10
Current: 91.49
Power Consumption: 443.21
Energy Regen: 57%
Energy Storage: 34%
Power Management Unit
Voltage: 16.21
Current: 16.22
Power Consumption: 566.16
Energy Regen: 19%
Energy Storage: 3%
Power Management Unit
Voltage: 17.71
Current: 17.16
Power Consumption: 874.27
Energy Regen: 62%
Energy Storage: 1337%
Power Management Unit
Voltage: 10.65
Current: 27.62
Power Consumption: 996.85
Energy Regen: 6%
Energy Storage: 75%
Power Management Unit
Voltage: 13.88
Current: -54.38
Power Consumption: 311.91
Energy Regen: 55%
Energy Storage: 4%
Power Management Unit
Voltage: 14.49
Current: 29.06
Power Consumption: 695.59
Energy Regen: 59%
Energy Storage: 77%
Power Management Unit
Voltage: 16.96
Current: -42.55
Power Consumption: 247.40
Energy Regen: 9%
Energy Storage: 22%
Power Management Unit
Voltage: 12.81
Current: 19.63
Power Consumption: 843.65
Energy Regen: 43%
Energy Storage: 59%
Power Management Unit
Voltage: 11.80
Current: 20.57
Power Consumption: 428.24
Energy Regen: 96%
Energy Storage: 45%
Power Management Unit
Voltage: 14.48
Current: 9.38
Power Consumption: 803.61
Energy Regen: 96%
Energy Storage: 51%
Power Management Unit
Voltage: 18.50
Current: 32.54
Power Consumption: 967.00
Energy Regen: 51%
Energy Storage: 46%
Power Management Unit
Voltage: 17.27
Current: 86.17
Power Consumption: 505.86
Energy Regen: 85%
Energy Storage: 65%
Power Management Unit
Voltage: 15.29
Current: -89.55
Power Consumption: 938.03
Energy Regen: 24%
Energy Storage: 73%
Power Management Unit
Voltage: 14.12
Current: 72.37
Power Consumption: 99.12
Energy Regen: 60%
Energy Storage: 32%
Power Management Unit
Voltage: 13.03
Current: 14.52
Power Consumption: 381.71
Energy Regen: 61%
Energy Storage: 65%
Power Management Unit
Voltage: 10.31
Current: 50.28
Power Consumption: 277.53
Energy Regen: 56%
Energy Storage: 79%
Power Management Unit
Voltage: 12.08
Current: -41.35
Power Consumption: 109.10
Energy Regen: 94%
Energy Storage: 54%
Power Management Unit
Voltage: 15.56
Current: -12.07
Power Consumption: 570.82
Energy Regen: 11%
Energy Storage: 63%
Power Management Unit
Voltage: 16.44
Current: 63.11
Power Consumption: 219.83
Energy Regen: 47%
Energy Storage: 79%
Power Management Unit
Voltage: 16.53
Current: -51.59
Power Consumption: 631.97
Energy Regen: 100%
Energy Storage: 61%
Power Management Unit
Voltage: 12.42
Current: -18.29
Power Consumption: 899.95
Energy Regen: 9%
Energy Storage: 71%
Power Management Unit
Voltage: 19.73
Current: 34.96
Power Consumption: 2.84
Energy Regen: 35%
Energy Storage: 62%
Power Management Unit
Voltage: 10.86
Current: 5.58
Power Consumption: 980.77
Energy Regen: 31%
Energy Storage: 68%
Power Management Unit
Voltage: 17.01
Current: 23.27
Power Consumption: 394.88
Energy Regen: 66%
Energy Storage: 1337%
Power Management Unit
Voltage: 13.57
Current: 74.30
Power Consumption: 479.85
Energy Regen: 36%
Energy Storage: 10%
Power Management Unit
Voltage: 18.71
Current: 82.16
Power Consumption: 805.57
Energy Regen: 33%
Energy Storage: 90%
Power Management Unit
Voltage: 16.50
Current: -6.44
Power Consumption: 713.20
Energy Regen: 52%
Energy Storage: 1337%
Power Management Unit
Voltage: -1337.00
Current: -54.44
Power Consumption: 367.17
Energy Regen: 69%
Energy Storage: 74%
Power Management Unit
Voltage: 11.54
Current: 31.42
Power Consumption: 580.54
Energy Regen: 81%
Energy Storage: 25%
Power Management Unit
Voltage: 10.05
Current: -50.28
Power Consumption: 130.52
Energy Regen: 16%
Energy Storage: 29%
Power Management Unit
Voltage: 14.60
Current: 1337.00
Power Consumption: 408.44
Energy Regen: 3%
Energy Storage: 67%
Power Management Unit
Voltage: 12.87
Current: 48.68
Power Consumption: 762.88
Energy Regen: 58%
Energy Storage: 66%
Power Management Unit
Voltage: 15.19
Current: -24.21
Power Consumption: 645.64
Energy Regen: -1337%
Energy Storage: 98%
Power Management Unit
Voltage: 15.26
Current: 51.42
Power Consumption: 548.13
Energy Regen: 66%
Energy Storage: 39%
Power Management Unit
Voltage: 13.33
Current: -87.10
Power Consumption: 864.83
Energy Regen: 36%
Energy Storage: 34%
Power Management Unit
Voltage: 15.97
Current: -19.13
Power Consumption: 819.73
Energy Regen: 76%
Energy Storage: 54%
Power Management Unit
Voltage: 17.26
Current: 96.69
Power Consumption: 92.12
Energy Regen: 84%
Energy Storage: 34%
Power Management Unit
Voltage: 14.14
Current: -41.01
Power Consumption: 737.00
Energy Regen: -1337%
Energy Storage: 44%
Power Management Unit
Voltage: 16.82
Current: -5.90
Power Consumption: 942.06
Energy Regen: 90%
Energy Storage: 92%
Power Management Unit
Voltage: 15.86
Current: 20.96
Power Consumption: 798.13
Energy Regen: 88%
Energy Storage: 33%
Power Management Unit
Voltage: 16.82
Current: 67.30
Power Consumption: 932.46
Energy Regen: 22%
Energy Storage: 37%
Power Management Unit
Voltage: 19.09
Current: 80.83
Power Consumption: 709.00
Energy Regen: -1337%
Energy Storage: 10%
Power Management Unit
Voltage: 18.87
Current: -6.17
Power Consumption: 923.72
Energy Regen: 39%
Energy Storage: 51%
Power Management Unit
Voltage: 12.21
Current: 40.63
Power Consumption: 735.20
Energy Regen: 95%
Energy Storage: 91%
Power Management Unit
Voltage: 13.48
Current: 99.76
Power Consumption: 654.86
Energy Regen: 79%
Energy Storage: 83%
Power Management Unit
Voltage: 10.90
Current: -46.92
Power Consumption: 311.87
Energy Regen: 81%
Energy Storage: 47%
Power Management Unit
Voltage: 11.89
Current: 12.60
Power Consumption: 329.95
Energy Regen: 38%
Energy Storage: 73%
Power Management Unit
Voltage: 15.65
Current: 69.02
Power Consumption: 196.82
Energy Regen: 14%
Energy Storage: 6%
Power Management Unit
Voltage: -1337.00
Current: 39.17
Power Consumption: 57.80
Energy Regen: 87%
Energy Storage: 19%
Power Management Unit
Voltage: 10.39
Current: 61.71
Power Consumption: 294.83
Energy Regen: 97%
Energy Storage: 1337%
Power Management Unit
Voltage: 15.11
Current: 13.49
Power Consumption: 801.75
Energy Regen: 100%
Energy Storage: 70%
Power Management Unit
Voltage: 19.21
Current: 29.89
Power Consumption: 1337.00
Energy Regen: 95%
Energy Storage: 16%
Power Management Unit
Voltage: 14.90
Current: 1337.00
Power Consumption: 743.41
Energy Regen: 22%
Energy Storage: 26%
Power Management Unit
Voltage: 12.98
Current: -39.33
Power Consumption: 237.43
Energy Regen: 69%
Energy Storage: 1%
Power Management Unit
Voltage: 10.66
Current: 27.06
Power Consumption: 84.13
Energy Regen: 19%
Energy Storage: 38%
Power Management Unit
Voltage: 14.89
Current: -62.57
Power Consumption: 523.71
Energy Regen: 6%
Energy Storage: 60%
Power Management Unit
Voltage: 14.31
Current: -62.13
Power Consumption: 813.39
Energy Regen: 48%
Energy Storage: 1337%
Power Management Unit
Voltage: 16.31
Current: -78.01
Power Consumption: 883.50
Energy Regen: 85%
Energy Storage: 19%
Power Management Unit
Voltage: 16.00
Current: 37.35
Power Consumption: 965.85
Energy Regen: 80%
Energy Storage: 42%
Power Management Unit
Voltage: 19.62
Current: -88.37
Power Consumption: 647.19
Energy Regen: 27%
Energy Storage: 92%
Power Management Unit
Voltage: 12.46
Current: -23.51
Power Consumption: 402.95
Energy Regen: 83%
Energy Storage: 5%
Power Management Unit
Voltage: 14.47
Current: 52.37
Power Consumption: 410.36
Energy Regen: 94%
Energy Storage: 21%
Power Management Unit
Voltage: 16.72
Current: -97.10
Power Consumption: 422.80
Energy Regen: -1337%
Energy Storage: 80%
Power Management Unit
Voltage: 16.23
Current: -9.61
Power Consumption: 15.69
Energy Regen: 30%
Energy Storage: 49%
Power Management Unit
Voltage: 12.12
Current: 24.06
Power Consumption: 539.13
Energy Regen: 83%
Energy Storage: 33%
Power Management Unit
Voltage: 15.67
Current: 40.48
Power Consumption: 928.58
Energy Regen: -1337%
Energy Storage: 39%
Power Management Unit
Voltage: 10.20
Current: -19.46
Power Consumption: 213.59
Energy Regen: 10%
Energy Storage: 71%
Power Management Unit
Voltage: 19.99
Current: -39.73
Power Consumption: 1337.00
Energy Regen: 65%
Energy Storage: 25%
Power Management Unit
Voltage: 12.36
Current: 63.32
Power Consumption: 558.11
Energy Regen: 35%
Energy Storage: 18%
Power Management Unit
Voltage: 17.57
Current: -36.33
Power Consumption: 448.29
Energy Regen: 50%
Energy Storage: 74%
Power Management Unit
Voltage: 11.15
Current: 62.66
Power Consumption: 655.14
Energy Regen: 96%
Energy Storage: 48%
Power Management Unit
Voltage: 15.42
Current: 62.81
Power Consumption: 77.98
Energy Regen: 79%
Energy Storage: 55%
Power Management Unit
Voltage: 17.35
Current: -82.38
Power Consumption: 388.43
Energy Regen: 8%
Energy Storage: 1337%
Power Management Unit
Voltage: 18.88
Current: 60.18
Power Consumption: 170.39
Energy Regen: 41%
Energy Storage: 7%
Power Management Unit
Voltage: 18.50
Current: 4.13
Power Consumption: 983.49
Energy Regen: 32%
Energy Storage: 22%
Power Management Unit
Voltage: 15.23
Current: -63.10
Power Consumption: 604.22
Energy Regen: 86%
Energy Storage: 45%
Power Management Unit
Voltage: 17.85
Current: -55.61
Power Consumption: 60.61
Energy Regen: 1%
Energy Storage: 51%
Power Management Unit
Voltage: -1337.00
Current: 45.52
Power Consumption: 569.46
Energy Regen: 88%
Energy Storage: 36%
Power Management Unit
Voltage: 11.48
Current: 89.50
Power Consumption: 862.78
Energy Regen: 78%
Energy Storage: 90%
Power Management Unit
Voltage: 11.08
Current: -6.17
Power Consumption: 346.34
Energy Regen: 7%
Energy Storage: 38%
Power Management Unit
Voltage: 10.76
Current: -27.07
Power Consumption: 66.39
Energy Regen: 78%
Energy Storage: 29%
Power Management Unit
Voltage: 17.14
Current: -83.51
Power Consumption: 905.99
Energy Regen: 73%
Energy Storage: 43%
Power Management Unit
Voltage: 17.34
Current: -49.98
Power Consumption: 1337.00
Energy Regen: 47%
Energy Storage: 32%
Power Management Unit
Voltage: 13.61
Current: -88.72
Power Consumption: 654.14
Energy Regen: 23%
Energy Storage: 20%
Power Management Unit
Voltage: 16.59
Current: -25.42
Power Consumption: 603.83
Energy Regen: 9%
Energy Storage: 46%
Power Management Unit
Voltage: 11.16
Current: -55.40
Power Consumption: 410.47
Energy Regen: 31%
Energy Storage: 76%
Power Management Unit
Voltage: 10.54
Current: -42.06
Power Consumption: 979.29
Energy Regen: 9%
Energy Storage: 76%
Power Management Unit
Voltage: 16.42
Current: 84.02
Power Consumption: 185.49
Energy Regen: 91%
Energy Storage: 32%
Power Management Unit
Voltage: 14.68
Current: -68.52
Power Consumption: 375.41
Energy Regen: 31%
Energy Storage: 20%
Power Management Unit
Voltage: 14.60
Current: 58.80
Power Consumption: 356.02
Energy Regen: 21%
Energy Storage: 90%
Power Management Unit
Voltage: 13.50
Current: -64.71
Power Consumption: 472.01
Energy Regen: 59%
Energy Storage: 81%
Power Management Unit
Voltage: 14.68
Current: 89.28
Power Consumption: 701.96
Energy Regen: 47%
Energy Storage: 18%
Power Management Unit
Voltage: 11.86
Current: -6.19
Power Consumption: 835.31
Energy Regen: 69%
Energy Storage: 3%
Power Management Unit
Voltage: 11.66
Current: -59.94
Power Consumption: 993.79
Energy Regen: 17%
Energy Storage: 32%
Power Management Unit
Voltage: 19.21
Current: -3.16
Power Consumption: 909.03
Energy Regen: 95%
Energy Storage: 20%
Power Management Unit
Voltage: 17.45
Current: -11.46
Power Consumption: 544.62
Energy Regen: 5%
Energy Storage: 27%
Power Management Unit
Voltage: 12.15
Current: 40.62
Power Consumption: 893.22
Energy Regen: 80%
Energy Storage: 6%
Power Management Unit
Voltage: -1337.00
Current: 17.38
Power Consumption: 956.65
Energy Regen: 44%
Energy Storage: 45%
Power Management Unit
Voltage: 14.40
Current: 56.74
Power Consumption: 535.49
Energy Regen: 67%
Energy Storage: 1337%
Power Management Unit
Voltage: 17.33
Current: -32.21
Power Consumption: 508.74
Energy Regen: 11%
Energy Storage: 45%
Power Management Unit
Voltage: 17.08
Current: -95.90
Power Consumption: 950.13
Energy Regen: 89%
Energy Storage: 61%
Power Management Unit
Voltage: 18.64
Current: 19.14
Power Consumption: 152.61
Energy Regen: 1%
Energy Storage: 74%
Power Management Unit
Voltage: 19.42
Current: 75.97
Power Consumption: 753.34
Energy Regen: 69%
Energy Storage: 95%
Power Management Unit
Voltage: 19.35
Current: -23.18
Power Consumption: 898.54
Energy Regen: 44%
Energy Storage: 92%
Power Management Unit
Voltage: 17.23
Current: -15.56
Power Consumption: 367.08
Energy Regen: 36%
Energy Storage: 27%
Power Management Unit
Voltage: 16.28
Current: -64.99
Power Consumption: 29.18
Energy Regen: 65%
Energy Storage: 1337%
Power Management Unit
Voltage: 11.93
Current: -65.17
Power Consumption: 324.85
Energy Regen: 21%
Energy Storage: 12%
Power Management Unit
Voltage: 14.43
Current: 30.10
Power Consumption: 603.74
Energy Regen: 25%
Energy Storage: 55%
Power Management Unit
Voltage: 14.10
Current: -42.22
Power Consumption: 913.61
Energy Regen: 94%
Energy Storage: 62%
Power Management Unit
Voltage: 19.09
Current: 1337.00
Power Consumption: 446.73
Energy Regen: 100%
Energy Storage: 33%
Power Management Unit
Voltage: 15.17
Current: -66.56
Power Consumption: 625.76
Energy Regen: 64%
Energy Storage: 30%
Power Management Unit
Voltage: 13.61
Current: -98.59
Power Consumption: 109.70
Energy Regen: 12%
Energy Storage: 74%
Power Management Unit
Voltage: 11.06
Current: -92.00
Power Consumption: 100.22
Energy Regen: 53%
Energy Storage: 60%
Power Management Unit
Voltage: 19.97
Current: -13.04
Power Consumption: 988.14
Energy Regen: 27%
Energy Storage: 18%
Power Management Unit
Voltage: 16.37
Current: 95.97
Power Consumption: 303.22
Energy Regen: 91%
Energy Storage: 61%
Power Management Unit
Voltage: 19.89
Current: -50.65
Power Consumption: 309.13
Energy Regen: 30%
Energy Storage: 73%
Power Management Unit
Voltage: 10.07
Current: 41.60
Power Consumption: 89.32
Energy Regen: 0%
Energy Storage: 82%
Power Management Unit
Voltage: 11.61
Current: -27.74
Power Consumption: 126.22
Energy Regen: 76%
Energy Storage: 28%
Power Management Unit
Voltage: 18.78
Current: -93.89
Power Consumption: 93.46
Energy Regen: 17%
Energy Storage: 1337%
Power Management Unit
Voltage: 13.42
Current: -24.18
Power Consumption: 236.83
Energy Regen: 13%
Energy Storage: 21%
Power Management Unit
Voltage: 13.63
Current: -41.40
Power Consumption: 153.40
Energy Regen: 26%
Energy Storage: 28%
Power Management Unit
Voltage: 11.88
Current: -26.62
Power Consumption: 16.66
Energy Regen: 78%
Energy Storage: 52%
Power Management Unit
Voltage: 18.35
Current: -86.09
Power Consumption: 665.96
Energy Regen: 25%
Energy Storage: 21%
Power Management Unit
Voltage: 15.41
Current: -33.94
Power Consumption: 478.71
Energy Regen: 96%
Energy Storage: 25%
Power Management Unit
Voltage: 19.55
Current: -31.26
Power Consumption: 172.60
Energy Regen: 51%
Energy Storage: 53%
Power Management Unit
Voltage: -1337.00
Current: 92.07
Power Consumption: 313.72
Energy Regen: 13%
Energy Storage: 61%
Power Management Unit
Voltage: 17.52
Current: -3.81
Power Consumption: 993.87
Energy Regen: 23%
Energy Storage: 0%
Power Management Unit
Voltage: 11.95
Current: -52.24
Power Consumption: 259.11
Energy Regen: 49%
Energy Storage: 85%
Power Management Unit
Voltage: 14.45
Current: -86.85
Power Consumption: 403.98
Energy Regen: 25%
Energy Storage: 84%
Power Management Unit
Voltage: -1337.00
Current: -42.77
Power Consumption: 596.59
Energy Regen: 19%
Energy Storage: 45%
Power Management Unit
Voltage: 15.59
Current: -8.14
Power Consumption: 130.19
Energy Regen: 65%
Energy Storage: 1%
Power Management Unit
Voltage: 12.33
Current: 99.92
Power Consumption: 175.11
Energy Regen: 17%
Energy Storage: 48%
Power Management Unit
Voltage: 15.63
Current: 14.97
Power Consumption: 19.53
Energy Regen: 26%
Energy Storage: 87%
Power Management Unit
Voltage: 10.55
Current: 1337.00
Power Consumption: 746.07
Energy Regen: 88%
Energy Storage: 19%
Power Management Unit
Voltage: 18.34
Current: 56.26
Power Consumption: 401.23
Energy Regen: 12%
Energy Storage: 30%
Power Management Unit
Voltage: 11.45
Current: -27.99
Power Consumption: 403.51
Energy Regen: 0%
Energy Storage: 3%
Power Management Unit
Voltage: 17.64
Current: 35.12
Power Consumption: 211.60
Energy Regen: 9%
Energy Storage: 24%
Power Management Unit
Voltage: 10.86
Current: -89.42
Power Consumption: 671.47
Energy Regen: 31%
Energy Storage: 93%
Power Management Unit
Voltage: 14.82
Current: -11.88
Power Consumption: 221.83
Energy Regen: 62%
Energy Storage: 55%
Power Management Unit
Voltage: 10.21
Current: 96.99
Power Consumption: 411.61
Energy Regen: 90%
Energy Storage: 4%
Power Management Unit
Voltage: 18.03
Current: 8.83
Power Consumption: 391.40
Energy Regen: 91%
Energy Storage: 76%
Power Management Unit
Voltage: 16.97
Current: -17.33
Power Consumption: 884.09
Energy Regen: 93%
Energy Storage: 78%
Power Management Unit
Voltage: 16.35
Current: 46.13
Power Consumption: 359.51
Energy Regen: 24%
Energy Storage: 43%
Power Management Unit
Voltage: 16.07
Current: 42.02
Power Consumption: 327.20
Energy Regen: 15%
Energy Storage: 88%
Power Management Unit
Voltage: 16.36
Current: -38.59
Power Consumption: 28.41
Energy Regen: 35%
Energy Storage: 94%
Power Management Unit
Voltage: 11.42
Current: -73.47
Power Consumption: 987.57
Energy Regen: 85%
Energy Storage: 28%
Power Management Unit
Voltage: 19.57
Current: 3.16
Power Consumption: 923.35
Energy Regen: 89%
Energy Storage: 31%
Power Management Unit
Voltage: 10.29
Current: 78.54
Power Consumption: 1337.00
Energy Regen: 50%
Energy Storage: 40%
Power Management Unit
Voltage: 17.63
Current: -47.53
Power Consumption: 98.08
Energy Regen: 53%
Energy Storage: 1337%
Power Management Unit
Voltage: 19.93
Current: 26.74
Power Consumption: 711.55
Energy Regen: 94%
Energy Storage: 31%
Power Management Unit
Voltage: 13.28
Current: -94.11
Power Consumption: 515.00
Energy Regen: 90%
Energy Storage: 57%
Power Management Unit
Voltage: 17.70
Current: 56.10
Power Consumption: 251.93
Energy Regen: 13%
Energy Storage: 17%
Power Management Unit
Voltage: 15.43
Current: -91.25
Power Consumption: 27.67
Energy Regen: 51%
Energy Storage: 15%
Power Management Unit
Voltage: 13.47
Current: 62.00
Power Consumption: 108.33
Energy Regen: 31%
Energy Storage: 71%
Power Management Unit
Voltage: -1337.00
Current: -88.04
Power Consumption: 39.16
Energy Regen: 81%
Energy Storage: 97%
Power Management Unit
Voltage: 15.46
Current: -13.21
Power Consumption: 47.32
Energy Regen: 98%
Energy Storage: 40%
Power Management Unit
Voltage: 17.95
Current: 18.73
Power Consumption: 726.98
Energy Regen: 1%
Energy Storage: 4%
Power Management Unit
Voltage: 18.22
Current: -84.85
Power Consumption: 881.89
Energy Regen: 35%
Energy Storage: 34%
Power Management Unit
Voltage: 12.43
Current: -29.19
Power Consumption: 945.07
Energy Regen: 46%
Energy Storage: 16%
Power Management Unit
Voltage: -1337.00
Current: 3.52
Power Consumption: 539.00
Energy Regen: 1%
Energy Storage: 61%
Power Management Unit
Voltage: -1337.00
Current: 40.14
Power Consumption: 887.28
Energy Regen: 75%
Energy Storage: 33%
Power Management Unit
Voltage: 12.86
Current: -60.59
Power Consumption: 1337.00
Energy Regen: 14%
Energy Storage: 0%
Power Management Unit
Voltage: 16.67
Current: 73.57
Power Consumption: 1337.00
Energy Regen: 88%
Energy Storage: 78%
Power Management Unit
Voltage: 15.46
Current: 36.40
Power Consumption: 893.87
Energy Regen: 99%
Energy Storage: 1%
Power Management Unit
Voltage: 19.12
Current: -30.50
Power Consumption: 717.03
Energy Regen: 80%
Energy Storage: 92%
Power Management Unit
Voltage: 15.83
Current: 1337.00
Power Consumption: 436.28
Energy Regen: 73%
Energy Storage: 15%
Power Management Unit
Voltage: 15.93
Current: 12.33
Power Consumption: 931.12
Energy Regen: 65%
Energy Storage: 9%
Power Management Unit
Voltage: 15.18
Current: -29.40
Power Consumption: 757.43
Energy Regen: 1%
Energy Storage: 32%
Power Management Unit
Voltage: 12.92
Current: 56.25
Power Consumption: 956.44
Energy Regen: 52%
Energy Storage: 12%
Power Management Unit
Voltage: 10.55
Current: 98.68
Power Consumption: 916.17
Energy Regen: 15%
Energy Storage: 63%
Power Management Unit
Voltage: 18.28
Current: 65.66
Power Consumption: 696.75
Energy Regen: 84%
Energy Storage: 43%
Power Management Unit
Voltage: 18.95
Current: 99.35
Power Consumption: 913.05
Energy Regen: 50%
Energy Storage: 32%
Power Management Unit
Voltage: 13.59
Current: 80.67
Power Consumption: 794.10
Energy Regen: 67%
Energy Storage: 64%
Power Management Unit
Voltage: 16.27
Current: -99.68
Power Consumption: 860.60
Energy Regen: 16%
Energy Storage: 79%
Power Management Unit
Voltage: 11.77
Current: 81.35
Power Consumption: 135.90
Energy Regen: 6%
Energy Storage: 1%
Power Management Unit
Voltage: 19.23
Current: 92.13
Power Consumption: 74.49
Energy Regen: 51%
Energy Storage: 57%
Power Management Unit
Voltage: 12.59
Current: 5.54
Power Consumption: 372.85
Energy Regen: 33%
Energy Storage: 23%
Power Management Unit
Voltage: 18.07
Current: 95.20
Power Consumption: 1337.00
Energy Regen: 2%
Energy Storage: 2%
Power Management Unit
Voltage: 10.05
Current: 38.32
Power Consumption: 1337.00
Energy Regen: 5%
Energy Storage: 98%
Power Management Unit
Voltage: 16.35
Current: 16.03
Power Consumption: 765.98
Energy Regen: 44%
Energy Storage: 50%
Power Management Unit
Voltage: 15.87
Current: 3.16
Power Consumption: 626.96
Energy Regen: 42%
Energy Storage: 23%
Power Management Unit
Voltage: 18.63
Current: -82.45
Power Consumption: 994.08
Energy Regen: 13%
Energy Storage: 27%
Power Management Unit
Voltage: 12.28
Current: -94.51
Power Consumption: 406.71
Energy Regen: 60%
Energy Storage: 29%
Power Management Unit
Voltage: 13.72
Current: -43.99
Power Consumption: 302.25
Energy Regen: 54%
Energy Storage: 6%
Power Management Unit
Voltage: -1337.00
Current: -9.75
Power Consumption: 60.46
Energy Regen: 12%
Energy Storage: 72%
Power Management Unit
Voltage: 19.87
Current: 79.50
Power Consumption: 229.06
Energy Regen: 62%
Energy Storage: 43%
Power Management Unit
Voltage: 17.45
Current: -75.72
Power Consumption: 834.06
Energy Regen: 56%
Energy Storage: 36%
Power Management Unit
Voltage: 15.97
Current: -12.47
Power Consumption: 544.09
Energy Regen: 89%
Energy Storage: 5%
Power Management Unit
Voltage: 11.84
Current: -89.33
Power Consumption: 795.21
Energy Regen: 99%
Energy Storage: 1337%
Power Management Unit
Voltage: 18.88
Current: 62.07
Power Consumption: 468.29
Energy Regen: 88%
Energy Storage: 4%
Power Management Unit
Voltage: 18.63
Current: -86.03
Power Consumption: 721.21
Energy Regen: 46%
Energy Storage: 12%
Power Management Unit
Voltage: 18.89
Current: 71.45
Power Consumption: 684.77
Energy Regen: 68%
Energy Storage: 85%
Power Management Unit
Voltage: 18.52
Current: 24.35
Power Consumption: 749.14
Energy Regen: 36%
Energy Storage: 23%
Power Management Unit
Voltage: 12.23
Current: 54.34
Power Consumption: 842.36
Energy Regen: 27%
Energy Storage: 77%
Power Management Unit
Voltage: 19.06
Current: -65.25
Power Consumption: 354.26
Energy Regen: 9%
Energy Storage: 55%
Power Management Unit
Voltage: 11.13
Current: 4.91
Power Consumption: 711.05
Energy Regen: 26%
Energy Storage: 95%
Power Management Unit
Voltage: 19.95
Current: 1337.00
Power Consumption: 191.54
Energy Regen: 44%
Energy Storage: 88%
Power Management Unit
Voltage: -1337.00
Current: 82.21
Power Consumption: 828.80
Energy Regen: 67%
Energy Storage: 92%
Tire Sensor
Pressure: 23.49
Temperature: 31.88
Wear Level: 44%
Performance Score: Not Calculated
Tire Sensor
Pressure: 22.34
Temperature: 118.08
Wear Level: 31%
Performance Score: Not Calculated
Tire Sensor
Pressure: 24.69
Temperature: 59.91
Wear Level: 10%
Performance Score: Not Calculated
Tire Sensor
Pressure: 24.84
Temperature: 53.28
Wear Level: 14%
Performance Score: Not Calculated
Tire Sensor
Pressure: -1337.00
Temperature: 32.09
Wear Level: 18%
Performance Score: Not Calculated
Tire Sensor
Pressure: 19.87
Temperature: 72.31
Wear Level: 68%
Performance Score: Not Calculated
Tire Sensor
Pressure: 19.00
Temperature: 70.23
Wear Level: 92%
Performance Score: Not Calculated
Tire Sensor
Pressure: 23.52
Temperature: 12.25
Wear Level: 24%
Performance Score: Not Calculated
Tire Sensor
Pressure: 19.53
Temperature: 69.94
Wear Level: 60%
Performance Score: Not Calculated
Tire Sensor
Pressure: 23.31
Temperature: 28.75
Wear Level: 15%
Performance Score: Not Calculated
Tire Sensor
Pressure: 20.28
Temperature: 82.53
Wear Level: 63%
Performance Score: Not Calculated
Tire Sensor
Pressure: 21.60
Temperature: 3.63
Wear Level: 3%
Performance Score: Not Calculated
Tire Sensor
Pressure: 21.71
Temperature: 9.61
Wear Level: 60%
Performance Score: Not Calculated
Tire Sensor
Pressure: 22.30
Temperature: 20.36
Wear Level: 69%
Performance Score: Not Calculated
Tire Sensor
Pressure: 21.90
Temperature: 55.32
Wear Level: 88%
Performance Score: Not Calculated
Tire Sensor
Pressure: 25.55
Temperature: 114.71
Wear Level: 5%
Performance Score: Not Calculated
Tire Sensor
Pressure: 19.87
Temperature: 34.00
Wear Level: 46%
Performance Score: Not Calculated
Tire Sensor
Pressure: 20.18
Temperature: 73.32
Wear Level: 37%
Performance Score: Not Calculated
Tire Sensor
Pressure: 20.70
Temperature: 84.27
Wear Level: 88%
Performance Score: Not Calculated
Tire Sensor
Pressure: 20.89
Temperature: 51.00
Wear Level: 7%
Performance Score: Not Calculated
Tire Sensor
Pressure: 21.05
Temperature: 23.43
Wear Level: 43%
Performance Score: Not Calculated
Tire Sensor
Pressure: -1337.00
Temperature: 42.50
Wear Level: 83%
Performance Score: Not Calculated
Tire Sensor
Pressure: 19.97
Temperature: 82.67
Wear Level: 7%
Performance Score: Not Calculated
Tire Sensor
Pressure: 19.80
Temperature: 53.26
Wear Level: 60%
Performance Score: Not Calculated
Tire Sensor
Pressure: 25.82
Temperature: 111.77
Wear Level: 68%
Performance Score: Not Calculated
Tire Sensor
Pressure: 22.18
Temperature: 104.15
Wear Level: 82%
Performance Score: Not Calculated
Tire Sensor
Pressure: 25.59
Temperature: 100.09
Wear Level: 90%
Performance Score: Not Calculated
Tire Sensor
Pressure: 21.81
Temperature: 23.13
Wear Level: 17%
Performance Score: Not Calculated
Tire Sensor
Pressure: 24.40
Temperature: 56.71
Wear Level: 11%
Performance Score: Not Calculated
Tire Sensor
Pressure: 19.51
Temperature: 78.60
Wear Level: 36%
Performance Score: Not Calculated
Tire Sensor
Pressure: -1337.00
Temperature: 118.77
Wear Level: 22%
Performance Score: Not Calculated
Tire Sensor
Pressure: 24.61
Temperature: 61.31
Wear Level: 32%
Performance Score: Not Calculated
Tire Sensor
Pressure: 24.04
Temperature: 12.17
Wear Level: 61%
Performance Score: Not Calculated
Tire Sensor
Pressure: 25.41
Temperature: 6.95
Wear Level: 88%
Performance Score: Not Calculated
Tire Sensor
Pressure: 21.79
Temperature: 70.63
Wear Level: 65%
Performance Score: Not Calculated
Tire Sensor
Pressure: 25.75
Temperature: 92.05
Wear Level: 1337%
Performance Score: Not Calculated
Tire Sensor
Pressure: 19.49
Temperature: 50.21
Wear Level: 14%
Performance Score: Not Calculated
Tire Sensor
Pressure: 25.44
Temperature: 9.92
Wear Level: 96%
Performance Score: Not Calculated
Tire Sensor
Pressure: -1337.00
Temperature: 109.11
Wear Level: 79%
Performance Score: Not Calculated
Tire Sensor
Pressure: 23.45
Temperature: 90.82
Wear Level: 11%
Performance Score: Not Calculated
Tire Sensor
Pressure: 24.06
Temperature: 7.89
Wear Level: 1337%
Performance Score: Not Calculated
Tire Sensor
Pressure: 23.75
Temperature: 32.13
Wear Level: 96%
Performance Score: Not Calculated
Tire Sensor
Pressure: 24.01
Temperature: 61.90
Wear Level: 79%
Performance Score: Not Calculated
Tire Sensor
Pressure: 20.88
Temperature: 67.55
Wear Level: 21%
Performance Score: Not Calculated
Tire Sensor
Pressure: 21.91
Temperature: 1337.00
Wear Level: 24%
Performance Score: Not Calculated
Tire Sensor
Pressure: 19.70
Temperature: 17.50
Wear Level: 21%
Performance Score: Not Calculated
Tire Sensor
Pressure: 23.39
Temperature: 108.14
Wear Level: 30%
Performance Score: Not Calculated
Tire Sensor
Pressure: 24.73
Temperature: 115.45
Wear Level: 18%
Performance Score: Not Calculated
Tire Sensor
Pressure: 21.26
Temperature: 16.84
Wear Level: 8%
Performance Score: Not Calculated
Tire Sensor
Pressure: 22.96
Temperature: 19.59
Wear Level: 30%
Performance Score: Not Calculated
Tire Sensor
Pressure: 25.25
Temperature: 28.77
Wear Level: 22%
Performance Score: Not Calculated
Tire Sensor
Pressure: 20.79
Temperature: 112.29
Wear Level: 19%
Performance Score: Not Calculated
Tire Sensor
Pressure: 19.24
Temperature: 11.31
Wear Level: 47%
Performance Score: Not Calculated
Tire Sensor
Pressure: 19.88
Temperature: 104.92
Wear Level: 82%
Performance Score: Not Calculated
Tire Sensor
Pressure: 21.36
Temperature: 64.60
Wear Level: 42%
Performance Score: Not Calculated
Tire Sensor
Pressure: 21.24
Temperature: 114.03
Wear Level: 1337%
Performance Score: Not Calculated
Tire Sensor
Pressure: 19.67
Temperature: 112.98
Wear Level: 1337%
Performance Score: Not Calculated
Tire Sensor
Pressure: 19.06
Temperature: 69.32
Wear Level: 36%
Performance Score: Not Calculated
Tire Sensor
Pressure: 22.21
Temperature: 87.06
Wear Level: 49%
Performance Score: Not Calculated
Tire Sensor
Pressure: 22.19
Temperature: 28.15
Wear Level: 7%
Performance Score: Not Calculated
Tire Sensor
Pressure: 24.83
Temperature: 6.59
Wear Level: 4%
Performance Score: Not Calculated
Tire Sensor
Pressure: 19.04
Temperature: 60.08
Wear Level: 43%
Performance Score: Not Calculated
Tire Sensor
Pressure: 20.89
Temperature: 17.77
Wear Level: 18%
Performance Score: Not Calculated
Tire Sensor
Pressure: 19.45
Temperature: 87.89
Wear Level: 52%
Performance Score: Not Calculated
Tire Sensor
Pressure: 20.40
Temperature: 59.59
Wear Level: 69%
Performance Score: Not Calculated
Tire Sensor
Pressure: 22.20
Temperature: 58.44
Wear Level: 1337%
Performance Score: Not Calculated
Tire Sensor
Pressure: 25.21
Temperature: 79.41
Wear Level: 34%
Performance Score: Not Calculated
Tire Sensor
Pressure: 22.29
Temperature: 69.77
Wear Level: 8%
Performance Score: Not Calculated
Tire Sensor
Pressure: 21.73
Temperature: 62.21
Wear Level: 13%
Performance Score: Not Calculated
Tire Sensor
Pressure: 23.78
Temperature: 81.70
Wear Level: 98%
Performance Score: Not Calculated
Tire Sensor
Pressure: 21.85
Temperature: 85.66
Wear Level: 38%
Performance Score: Not Calculated
Tire Sensor
Pressure: 21.83
Temperature: 18.28
Wear Level: 87%
Performance Score: Not Calculated
Tire Sensor
Pressure: 19.99
Temperature: 67.14
Wear Level: 1337%
Performance Score: Not Calculated
Tire Sensor
Pressure: 24.65
Temperature: 1337.00
Wear Level: 19%
Performance Score: Not Calculated
Tire Sensor
Pressure: 22.49
Temperature: 8.55
Wear Level: 39%
Performance Score: Not Calculated
Tire Sensor
Pressure: 24.35
Temperature: 7.79
Wear Level: 66%
Performance Score: Not Calculated
Tire Sensor
Pressure: 19.93
Temperature: 97.85
Wear Level: 41%
Performance Score: Not Calculated
Tire Sensor
Pressure: 24.00
Temperature: 74.14
Wear Level: 23%
Performance Score: Not Calculated
Tire Sensor
Pressure: -1337.00
Temperature: 2.44
Wear Level: 52%
Performance Score: Not Calculated
Tire Sensor
Pressure: 24.88
Temperature: 113.54
Wear Level: 41%
Performance Score: Not Calculated
Tire Sensor
Pressure: 24.55
Temperature: 16.96
Wear Level: 91%
Performance Score: Not Calculated
Tire Sensor
Pressure: 24.46
Temperature: 10.85
Wear Level: 46%
Performance Score: Not Calculated
Tire Sensor
Pressure: 20.15
Temperature: 94.05
Wear Level: 82%
Performance Score: Not Calculated
Tire Sensor
Pressure: 24.52
Temperature: 51.79
Wear Level: 5%
Performance Score: Not Calculated
Tire Sensor
Pressure: 20.64
Temperature: 46.00
Wear Level: 74%
Performance Score: Not Calculated
Tire Sensor
Pressure: 22.95
Temperature: 27.21
Wear Level: 98%
Performance Score: Not Calculated
Tire Sensor
Pressure: 24.90
Temperature: 6.49
Wear Level: 1337%
Performance Score: Not Calculated
Tire Sensor
Pressure: 23.65
Temperature: 65.02
Wear Level: 56%
Performance Score: Not Calculated
Tire Sensor
Pressure: 21.66
Temperature: 108.59
Wear Level: 54%
Performance Score: Not Calculated
Tire Sensor
Pressure: 19.78
Temperature: 59.62
Wear Level: 87%
Performance Score: Not Calculated
Tire Sensor
Pressure: -1337.00
Temperature: 58.46
Wear Level: 61%
Performance Score: Not Calculated
Tire Sensor
Pressure: 22.69
Temperature: 14.84
Wear Level: 34%
Performance Score: Not Calculated
Tire Sensor
Pressure: 25.94
Temperature: 85.94
Wear Level: 90%
Performance Score: Not Calculated
Tire Sensor
Pressure: 22.58
Temperature: 6.49
Wear Level: 56%
Performance Score: Not Calculated
Tire Sensor
Pressure: 20.11
Temperature: 114.69
Wear Level: 83%
Performance Score: Not Calculated
Tire Sensor
Pressure: 21.04
Temperature: 35.59
Wear Level: 59%
Performance Score: Not Calculated
Tire Sensor
Pressure: 22.06
Temperature: 115.67
Wear Level: 89%
Performance Score: Not Calculated
Tire Sensor
Pressure: 23.61
Temperature: 108.87
Wear Level: 37%
Performance Score: Not Calculated
Tire Sensor
Pressure: 19.29
Temperature: 44.32
Wear Level: 4%
Performance Score: Not Calculated
Tire Sensor
Pressure: 19.63
Temperature: 30.73
Wear Level: 7%
Performance Score: Not Calculated
Tire Sensor
Pressure: 24.55
Temperature: 0.54
Wear Level: 87%
Performance Score: Not Calculated
Tire Sensor
Pressure: 22.71
Temperature: 48.11
Wear Level: 77%
Performance Score: Not Calculated
Tire Sensor
Pressure: 24.12
Temperature: 103.93
Wear Level: 1337%
Performance Score: Not Calculated
Tire Sensor
Pressure: 19.57
Temperature: 104.22
Wear Level: 30%
Performance Score: Not Calculated
Tire Sensor
Pressure: 19.92
Temperature: 73.61
Wear Level: 57%
Performance Score: Not Calculated
Tire Sensor
Pressure: 20.76
Temperature: 73.07
Wear Level: 23%
Performance Score: Not Calculated
Tire Sensor
Pressure: -1337.00
Temperature: 44.79
Wear Level: 42%
Performance Score: Not Calculated
Tire Sensor
Pressure: 23.56
Temperature: 103.37
Wear Level: 50%
Performance Score: Not Calculated
Tire Sensor
Pressure: 22.62
Temperature: 35.64
Wear Level: 81%
Performance Score: Not Calculated
Tire Sensor
Pressure: 20.79
Temperature: 51.22
Wear Level: 51%
Performance Score: Not Calculated
Tire Sensor
Pressure: 24.50
Temperature: 90.94
Wear Level: 1337%
Performance Score: Not Calculated
Tire Sensor
Pressure: 23.65
Temperature: 40.87
Wear Level: 1337%
Performance Score: Not Calculated
Tire Sensor
Pressure: 19.84
Temperature: 102.30
Wear Level: 97%
Performance Score: Not Calculated
Tire Sensor
Pressure: 23.46
Temperature: 69.11
Wear Level: 20%
Performance Score: Not Calculated
Tire Sensor
Pressure: 19.22
Temperature: 9.76
Wear Level: 34%
Performance Score: Not Calculated
Tire Sensor
Pressure: 19.69
Temperature: 39.37
Wear Level: 31%
Performance Score: Not Calculated
Tire Sensor
Pressure: 23.70
Temperature: 23.29
Wear Level: 56%
Performance Score: Not Calculated
Tire Sensor
Pressure: 22.93
Temperature: 118.18
Wear Level: 52%
Performance Score: Not Calculated
Tire Sensor
Pressure: -1337.00
Temperature: 12.92
Wear Level: 40%
Performance Score: Not Calculated
Tire Sensor
Pressure: 24.96
Temperature: 1.75
Wear Level: 69%
Performance Score: Not Calculated
Tire Sensor
Pressure: 19.91
Temperature: 39.40
Wear Level: 93%
Performance Score: Not Calculated
Tire Sensor
Pressure: 19.31
Temperature: 119.56
Wear Level: 18%
Performance Score: Not Calculated
Tire Sensor
Pressure: 24.26
Temperature: 10.52
Wear Level: 12%
Performance Score: Not Calculated
Tire Sensor
Pressure: 24.04
Temperature: 37.85
Wear Level: 67%
Performance Score: Not Calculated
Tire Sensor
Pressure: 23.70
Temperature: 79.44
Wear Level: 23%
Performance Score: Not Calculated
Tire Sensor
Pressure: 21.36
Temperature: 83.04
Wear Level: 65%
Performance Score: Not Calculated
Tire Sensor
Pressure: 20.59
Temperature: 13.46
Wear Level: 1337%
Performance Score: Not Calculated
Tire Sensor
Pressure: 23.28
Temperature: 98.26
Wear Level: 90%
Performance Score: Not Calculated
Tire Sensor
Pressure: 21.40
Temperature: 37.66
Wear Level: 73%
Performance Score: Not Calculated
Tire Sensor
Pressure: 21.62
Temperature: 55.70
Wear Level: 42%
Performance Score: Not Calculated
Tire Sensor
Pressure: 24.87
Temperature: 85.29
Wear Level: 26%
Performance Score: Not Calculated
Tire Sensor
Pressure: -1337.00
Temperature: 111.30
Wear Level: 36%
Performance Score: Not Calculated
Tire Sensor
Pressure: 25.42
Temperature: 4.36
Wear Level: 1337%
Performance Score: Not Calculated
Tire Sensor
Pressure: 23.60
Temperature: 1337.00
Wear Level: 41%
Performance Score: Not Calculated
Tire Sensor
Pressure: 25.59
Temperature: 55.48
Wear Level: 87%
Performance Score: Not Calculated
Tire Sensor
Pressure: 24.57
Temperature: 58.10
Wear Level: 64%
Performance Score: Not Calculated
Tire Sensor
Pressure: 25.59
Temperature: 5.37
Wear Level: 58%
Performance Score: Not Calculated
Tire Sensor
Pressure: 25.16
Temperature: 7.35
Wear Level: 48%
Performance Score: Not Calculated
Tire Sensor
Pressure: -1337.00
Temperature: 99.96
Wear Level: 27%
Performance Score: Not Calculated
Tire Sensor
Pressure: 21.05
Temperature: 19.31
Wear Level: 17%
Performance Score: Not Calculated
Tire Sensor
Pressure: 20.23
Temperature: 1337.00
Wear Level: 69%
Performance Score: Not Calculated
Tire Sensor
Pressure: 22.75
Temperature: 77.55
Wear Level: 32%
Performance Score: Not Calculated
Tire Sensor
Pressure: 21.06
Temperature: 13.36
Wear Level: 93%
Performance Score: Not Calculated
Tire Sensor
Pressure: 24.08
Temperature: 14.02
Wear Level: 80%
Performance Score: Not Calculated
Tire Sensor
Pressure: 25.95
Temperature: 9.03
Wear Level: 69%
Performance Score: Not Calculated
Tire Sensor
Pressure: 19.50
Temperature: 53.09
Wear Level: 96%
Performance Score: Not Calculated
Tire Sensor
Pressure: 20.08
Temperature: 115.42
Wear Level: 21%
Performance Score: Not Calculated
Tire Sensor
Pressure: 19.19
Temperature: 80.10
Wear Level: 97%
Performance Score: Not Calculated
Tire Sensor
Pressure: 24.45
Temperature: 106.23
Wear Level: 30%
Performance Score: Not Calculated
Tire Sensor
Pressure: 25.51
Temperature: 52.50
Wear Level: 72%
Performance Score: Not Calculated
Tire Sensor
Pressure: 23.24
Temperature: 79.35
Wear Level: 76%
Performance Score: Not Calculated
Tire Sensor
Pressure: 20.06
Temperature: 1337.00
Wear Level: 80%
Performance Score: Not Calculated
Tire Sensor
Pressure: -1337.00
Temperature: 69.21
Wear Level: 42%
Performance Score: Not Calculated
Tire Sensor
Pressure: 22.66
Temperature: 90.38
Wear Level: 24%
Performance Score: Not Calculated
Tire Sensor
Pressure: 25.06
Temperature: 108.35
Wear Level: 39%
Performance Score: Not Calculated
Tire Sensor
Pressure: 24.68
Temperature: 96.11
Wear Level: 75%
Performance Score: Not Calculated
Tire Sensor
Pressure: 22.79
Temperature: 82.82
Wear Level: 70%
Performance Score: Not Calculated
Tire Sensor
Pressure: 20.13
Temperature: 76.86
Wear Level: 78%
Performance Score: Not Calculated
Tire Sensor
Pressure: 25.82
Temperature: 1337.00
Wear Level: 30%
Performance Score: Not Calculated
Tire Sensor
Pressure: 19.93
Temperature: 107.76
Wear Level: 53%
Performance Score: Not Calculated
Tire Sensor
Pressure: 22.04
Temperature: 37.75
Wear Level: 31%
Performance Score: Not Calculated
Tire Sensor
Pressure: 21.94
Temperature: 14.02
Wear Level: 1337%
Performance Score: Not Calculated
Tire Sensor
Pressure: 23.63
Temperature: 15.70
Wear Level: 30%
Performance Score: Not Calculated
Tire Sensor
Pressure: 21.47
Temperature: 36.02
Wear Level: 12%
Performance Score: Not Calculated
Tire Sensor
Pressure: 21.73
Temperature: 24.16
Wear Level: 1337%
Performance Score: Not Calculated
Tire Sensor
Pressure: 19.23
Temperature: 76.64
Wear Level: 1337%
Performance Score: Not Calculated
Tire Sensor
Pressure: 21.50
Temperature: 119.29
Wear Level: 1337%
Performance Score: Not Calculated
Tire Sensor
Pressure: 20.00
Temperature: 68.64
Wear Level: 84%
Performance Score: Not Calculated
Tire Sensor
Pressure: 21.23
Temperature: 19.93
Wear Level: 25%
Performance Score: Not Calculated
Tire Sensor
Pressure: 20.35
Temperature: 106.38
Wear Level: 53%
Performance Score: Not Calculated
Tire Sensor
Pressure: -1337.00
Temperature: 63.28
Wear Level: 61%
Performance Score: Not Calculated
Tire Sensor
Pressure: 21.64
Temperature: 52.38
Wear Level: 39%
Performance Score: Not Calculated
Tire Sensor
Pressure: 22.59
Temperature: 109.80
Wear Level: 77%
Performance Score: Not Calculated
Tire Sensor
Pressure: 25.89
Temperature: 99.66
Wear Level: 68%
Performance Score: Not Calculated
Tire Sensor
Pressure: 20.67
Temperature: 107.40
Wear Level: 18%
Performance Score: Not Calculated
Tire Sensor
Pressure: 24.36
Temperature: 54.54
Wear Level: 57%
Performance Score: Not Calculated
Tire Sensor
Pressure: 25.32
Temperature: 34.72
Wear Level: 85%
Performance Score: Not Calculated
Tire Sensor
Pressure: 24.51
Temperature: 45.21
Wear Level: 14%
Performance Score: Not Calculated
Tire Sensor
Pressure: 21.58
Temperature: 109.67
Wear Level: 1337%
Performance Score: Not Calculated
Tire Sensor
Pressure: -1337.00
Temperature: 88.88
Wear Level: 43%
Performance Score: Not Calculated
Tire Sensor
Pressure: 25.62
Temperature: 67.67
Wear Level: 30%
Performance Score: Not Calculated
Tire Sensor
Pressure: 24.39
Temperature: 96.45
Wear Level: 4%
Performance Score: Not Calculated
Tire Sensor
Pressure: 24.78
Temperature: 88.01
Wear Level: 24%
Performance Score: Not Calculated
Tire Sensor
Pressure: 23.31
Temperature: 99.72
Wear Level: 98%
Performance Score: Not Calculated
Tire Sensor
Pressure: 19.58
Temperature: 5.84
Wear Level: 16%
Performance Score: Not Calculated
Tire Sensor
Pressure: 22.79
Temperature: 1.06
Wear Level: 92%
Performance Score: Not Calculated
Tire Sensor
Pressure: 19.44
Temperature: 107.07
Wear Level: 20%
Performance Score: Not Calculated
Tire Sensor
Pressure: 23.51
Temperature: 22.96
Wear Level: 29%
Performance Score: Not Calculated
Tire Sensor
Pressure: 21.57
Temperature: 109.54
Wear Level: 81%
Performance Score: Not Calculated
Tire Sensor
Pressure: 22.52
Temperature: 37.60
Wear Level: 50%
Performance Score: Not Calculated
Tire Sensor
Pressure: 23.09
Temperature: 61.05
Wear Level: 25%
Performance Score: Not Calculated
Tire Sensor
Pressure: 25.12
Temperature: 94.58
Wear Level: 24%
Performance Score: Not Calculated
Tire Sensor
Pressure: 23.57
Temperature: 1337.00
Wear Level: 63%
Performance Score: Not Calculated
Tire Sensor
Pressure: 22.46
Temperature: 94.61
Wear Level: 80%
Performance Score: Not Calculated
Tire Sensor
Pressure: 21.58
Temperature: 36.28
Wear Level: 34%
Performance Score: Not Calculated
Tire Sensor
Pressure: -1337.00
Temperature: 4.59
Wear Level: 11%
Performance Score: Not Calculated
Tire Sensor
Pressure: 21.39
Temperature: 1337.00
Wear Level: 31%
Performance Score: Not Calculated
Tire Sensor
Pressure: 22.15
Temperature: 95.53
Wear Level: 79%
Performance Score: Not Calculated
Tire Sensor
Pressure: 22.63
Temperature: 21.95
Wear Level: 7%
Performance Score: Not Calculated
Tire Sensor
Pressure: 19.33
Temperature: 70.77
Wear Level: 45%
Performance Score: Not Calculated
Tire Sensor
Pressure: 22.10
Temperature: 56.55
Wear Level: 36%
Performance Score: Not Calculated
Tire Sensor
Pressure: 21.59
Temperature: 25.95
Wear Level: 55%
Performance Score: Not Calculated
Tire Sensor
Pressure: 24.49
Temperature: 22.01
Wear Level: 5%
Performance Score: Not Calculated
Tire Sensor
Pressure: 19.12
Temperature: 14.37
Wear Level: 19%
Performance Score: Not Calculated
Tire Sensor
Pressure: 23.31
Temperature: 87.35
Wear Level: 3%
Performance Score: Not Calculated
Tire Sensor
Pressure: 25.63
Temperature: 113.46
Wear Level: 45%
Performance Score: Not Calculated
Tire Sensor
Pressure: 23.33
Temperature: 3.39
Wear Level: 1337%
Performance Score: Not Calculated
Tire Sensor
Pressure: 19.36
Temperature: 92.34
Wear Level: 14%
Performance Score: Not Calculated
Tire Sensor
Pressure: 25.59
Temperature: 1337.00
Wear Level: 71%
Performance Score: Not Calculated
Tire Sensor
Pressure: 19.46
Temperature: 89.67
Wear Level: 54%
Performance Score: Not Calculated
Tire Sensor
Pressure: 22.66
Temperature: 40.62
Wear Level: 54%
Performance Score: Not Calculated
Tire Sensor
Pressure: 23.31
Temperature: 67.90
Wear Level: 38%
Performance Score: Not Calculated
Tire Sensor
Pressure: 23.80
Temperature: 1.95
Wear Level: 95%
Performance Score: Not Calculated
Tire Sensor
Pressure: 19.68
Temperature: 2.15
Wear Level: 3%
Performance Score: Not Calculated
Tire Sensor
Pressure: 25.76
Temperature: 99.66
Wear Level: 1337%
Performance Score: Not Calculated
Tire Sensor
Pressure: 23.07
Temperature: 49.09
Wear Level: 20%
Performance Score: Not Calculated
Tire Sensor
Pressure: 21.46
Temperature: 32.25
Wear Level: 66%
Performance Score: Not Calculated
Tire Sensor
Pressure: 25.89
Temperature: 39.72
Wear Level: 31%
Performance Score: Not Calculated
Tire Sensor
Pressure: 19.25
Temperature: 76.34
Wear Level: 52%
Performance Score: Not Calculated
Tire Sensor
Pressure: 20.35
Temperature: 84.03
Wear Level: 32%
Performance Score: Not Calculated
Tire Sensor
Pressure: 20.10
Temperature: 107.70
Wear Level: 92%
Performance Score: Not Calculated
Tire Sensor
Pressure: 21.94
Temperature: 15.77
Wear Level: 14%
Performance Score: Not Calculated
Tire Sensor
Pressure: 24.29
Temperature: 66.31
Wear Level: 89%
Performance Score: Not Calculated
Tire Sensor
Pressure: 24.95
Temperature: 31.66
Wear Level: 30%
Performance Score: Not Calculated
Tire Sensor
Pressure: 24.91
Temperature: 104.19
Wear Level: 84%
Performance Score: Not Calculated
Tire Sensor
Pressure: 19.67
Temperature: 45.78
Wear Level: 94%
Performance Score: Not Calculated
Power Management Unit
Voltage: 16.77
Current: 5.88
Power Consumption: 493.72
Energy Regen: 57%
Energy Storage: 50%
Power Management Unit
Voltage: 11.20
Current: -37.63
Power Consumption: 740.81
Energy Regen: 99%
Energy Storage: 58%
Power Management Unit
Voltage: 16.49
Current: 59.47
Power Consumption: 596.49
Energy Regen: 32%
Energy Storage: 58%
Power Management Unit
Voltage: 12.86
Current: -49.12
Power Consumption: 436.53
Energy Regen: 94%
Energy Storage: 6%
Power Management Unit
Voltage: 15.59
Current: 88.18
Power Consumption: 509.20
Energy Regen: 71%
Energy Storage: 89%
Power Management Unit
Voltage: 15.98
Current: -13.90
Power Consumption: 211.97
Energy Regen: 75%
Energy Storage: 28%
Power Management Unit
Voltage: 19.18
Current: -90.61
Power Consumption: 325.29
Energy Regen: 34%
Energy Storage: 15%
Power Management Unit
Voltage: 11.50
Current: -83.27
Power Consumption: 367.75
Energy Regen: 38%
Energy Storage: 5%
Power Management Unit
Voltage: 13.01
Current: -74.58
Power Consumption: 615.25
Energy Regen: 81%
Energy Storage: 98%
Power Management Unit
Voltage: 16.00
Current: 73.73
Power Consumption: 413.78
Energy Regen: 100%
Energy Storage: 11%
Power Management Unit
Voltage: 19.83
Current: -64.03
Power Consumption: 794.18
Energy Regen: 99%
Energy Storage: 17%
Power Management Unit
Voltage: 13.75
Current: 82.48
Power Consumption: 618.50
Energy Regen: 3%
Energy Storage: 31%
Power Management Unit
Voltage: 17.93
Current: 91.38
Power Consumption: 265.64
Energy Regen: 53%
Energy Storage: 28%
Power Management Unit
Voltage: 18.21
Current: 6.01
Power Consumption: 331.93
Energy Regen: 87%
Energy Storage: 72%
Power Management Unit
Voltage: 16.35
Current: -97.14
Power Consumption: 35.77
Energy Regen: 38%
Energy Storage: 24%
Power Management Unit
Voltage: 13.16
Current: -82.90
Power Consumption: 902.76
Energy Regen: 1%
Energy Storage: 21%
Power Management Unit
Voltage: 16.69
Current: -87.90
Power Consumption: 861.10
Energy Regen: 33%
Energy Storage: 22%
Power Management Unit
Voltage: 18.77
Current: 24.26
Power Consumption: 5.08
Energy Regen: 56%
Energy Storage: 85%
Power Management Unit
Voltage: 11.31
Current: -19.55
Power Consumption: 935.33
Energy Regen: 90%
Energy Storage: 96%
Power Management Unit
Voltage: 16.10
Current: 91.49
Power Consumption: 443.21
Energy Regen: 57%
Energy Storage: 34%
Power Management Unit
Voltage: 16.21
Current: 16.22
Power Consumption: 566.16
Energy Regen: 19%
Energy Storage: 3%
Power Management Unit
Voltage: 10.65
Current: 27.62
Power Consumption: 996.85
Energy Regen: 6%
Energy Storage: 75%
Power Management Unit
Voltage: 13.88
Current: -54.38
Power Consumption: 311.91
Energy Regen: 55%
Energy Storage: 4%
Power Management Unit
Voltage: 14.49
Current: 29.06
Power Consumption: 695.59
Energy Regen: 59%
Energy Storage: 77%
Power Management Unit
Voltage: 16.96
Current: -42.55
Power Consumption: 247.40
Energy Regen: 9%
Energy Storage: 22%
Power Management Unit
Voltage: 12.81
Current: 19.63
Power Consumption: 843.65
Energy Regen: 43%
Energy Storage: 59%
Power Management Unit
Voltage: 11.80
Current: 20.57
Power Consumption: 428.24
Energy Regen: 96%
Energy Storage: 45%
Power Management Unit
Voltage: 14.48
Current: 9.38
Power Consumption: 803.61
Energy Regen: 96%
Energy Storage: 51%
Power Management Unit
Voltage: 18.50
Current: 32.54
Power Consumption: 967.00
Energy Regen: 51%
Energy Storage: 46%
Power Management Unit
Voltage: 17.27
Current: 86.17
Power Consumption: 505.86
Energy Regen: 85%
Energy Storage: 65%
Power Management Unit
Voltage: 15.29
Current: -89.55
Power Consumption: 938.03
Energy Regen: 24%
Energy Storage: 73%
Power Management Unit
Voltage: 14.12
Current: 72.37
Power Consumption: 99.12
Energy Regen: 60%
Energy Storage: 32%
Power Management Unit
Voltage: 13.03
Current: 14.52
Power Consumption: 381.71
Energy Regen: 61%
Energy Storage: 65%
Power Management Unit
Voltage: 10.31
Current: 50.28
Power Consumption: 277.53
Energy Regen: 56%
Energy Storage: 79%
Power Management Unit
Voltage: 12.08
Current: -41.35
Power Consumption: 109.10
Energy Regen: 94%
Energy Storage: 54%
Power Management Unit
Voltage: 15.56
Current: -12.07
Power Consumption: 570.82
Energy Regen: 11%
Energy Storage: 63%
Power Management Unit
Voltage: 16.44
Current: 63.11
Power Consumption: 219.83
Energy Regen: 47%
Energy Storage: 79%
Power Management Unit
Voltage: 16.53
Current: -51.59
Power Consumption: 631.97
Energy Regen: 100%
Energy Storage: 61%
Power Management Unit
Voltage: 12.42
Current: -18.29
Power Consumption: 899.95
Energy Regen: 9%
Energy Storage: 71%
Power Management Unit
Voltage: 19.73
Current: 34.96
Power Consumption: 2.84
Energy Regen: 35%
Energy Storage: 62%
Power Management Unit
Voltage: 10.86
Current: 5.58
Power Consumption: 980.77
Energy Regen: 31%
Energy Storage: 68%
Power Management Unit
Voltage: 13.57
Current: 74.30
Power Consumption: 479.85
Energy Regen: 36%
Energy Storage: 10%
Power Management Unit
Voltage: 18.71
Current: 82.16
Power Consumption: 805.57
Energy Regen: 33%
Energy Storage: 90%
Power Management Unit
Voltage: 11.54
Current: 31.42
Power Consumption: 580.54
Energy Regen: 81%
Energy Storage: 25%
Power Management Unit
Voltage: 10.05
Current: -50.28
Power Consumption: 130.52
Energy Regen: 16%
Energy Storage: 29%
Power Management Unit
Voltage: 12.87
Current: 48.68
Power Consumption: 762.88
Energy Regen: 58%
Energy Storage: 66%
Power Management Unit
Voltage: 15.26
Current: 51.42
Power Consumption: 548.13
Energy Regen: 66%
Energy Storage: 39%
Power Management Unit
Voltage: 13.33
Current: -87.10
Power Consumption: 864.83
Energy Regen: 36%
Energy Storage: 34%
Power Management Unit
Voltage: 15.97
Current: -19.13
Power Consumption: 819.73
Energy Regen: 76%
Energy Storage: 54%
Power Management Unit
Voltage: 17.26
Current: 96.69
Power Consumption: 92.12
Energy Regen: 84%
Energy Storage: 34%
Power Management Unit
Voltage: 16.82
Current: -5.90
Power Consumption: 942.06
Energy Regen: 90%
Energy Storage: 92%
Power Management Unit
Voltage: 15.86
Current: 20.96
Power Consumption: 798.13
Energy Regen: 88%
Energy Storage: 33%
Power Management Unit
Voltage: 16.82
Current: 67.30
Power Consumption: 932.46
Energy Regen: 22%
Energy Storage: 37%
Power Management Unit
Voltage: 18.87
Current: -6.17
Power Consumption: 923.72
Energy Regen: 39%
Energy Storage: 51%
Power Management Unit
Voltage: 12.21
Current: 40.63
Power Consumption: 735.20
Energy Regen: 95%
Energy Storage: 91%
Power Management Unit
Voltage: 13.48
Current: 99.76
Power Consumption: 654.86
Energy Regen: 79%
Energy Storage: 83%
Power Management Unit
Voltage: 10.90
Current: -46.92
Power Consumption: 311.87
Energy Regen: 81%
Energy Storage: 47%
Power Management Unit
Voltage: 11.89
Current: 12.60
Power Consumption: 329.95
Energy Regen: 38%
Energy Storage: 73%
Power Management Unit
Voltage: 15.65
Current: 69.02
Power Consumption: 196.82
Energy Regen: 14%
Energy Storage: 6%
Power Management Unit
Voltage: 15.11
Current: 13.49
Power Consumption: 801.75
Energy Regen: 100%
Energy Storage: 70%
Power Management Unit
Voltage: 12.98
Current: -39.33
Power Consumption: 237.43
Energy Regen: 69%
Energy Storage: 1%
Power Management Unit
Voltage: 10.66
Current: 27.06
Power Consumption: 84.13
Energy Regen: 19%
Energy Storage: 38%
Power Management Unit
Voltage: 14.89
Current: -62.57
Power Consumption: 523.71
Energy Regen: 6%
Energy Storage: 60%
Power Management Unit
Voltage: 16.31
Current: -78.01
Power Consumption: 883.50
Energy Regen: 85%
Energy Storage: 19%
Power Management Unit
Voltage: 16.00
Current: 37.35
Power Consumption: 965.85
Energy Regen: 80%
Energy Storage: 42%
Power Management Unit
Voltage: 19.62
Current: -88.37
Power Consumption: 647.19
Energy Regen: 27%
Energy Storage: 92%
Power Management Unit
Voltage: 12.46
Current: -23.51
Power Consumption: 402.95
Energy Regen: 83%
Energy Storage: 5%
Power Management Unit
Voltage: 14.47
Current: 52.37
Power Consumption: 410.36
Energy Regen: 94%
Energy Storage: 21%
Power Management Unit
Voltage: 16.23
Current: -9.61
Power Consumption: 15.69
Energy Regen: 30%
Energy Storage: 49%
Power Management Unit
Voltage: 12.12
Current: 24.06
Power Consumption: 539.13
Energy Regen: 83%
Energy Storage: 33%
Power Management Unit
Voltage: 10.20
Current: -19.46
Power Consumption: 213.59
Energy Regen: 10%
Energy Storage: 71%
Power Management Unit
Voltage: 12.36
Current: 63.32
Power Consumption: 558.11
Energy Regen: 35%
Energy Storage: 18%
Power Management Unit
Voltage: 17.57
Current: -36.33
Power Consumption: 448.29
Energy Regen: 50%
Energy Storage: 74%
Power Management Unit
Voltage: 11.15
Current: 62.66
Power Consumption: 655.14
Energy Regen: 96%
Energy Storage: 48%
Power Management Unit
Voltage: 15.42
Current: 62.81
Power Consumption: 77.98
Energy Regen: 79%
Energy Storage: 55%
Power Management Unit
Voltage: 18.88
Current: 60.18
Power Consumption: 170.39
Energy Regen: 41%
Energy Storage: 7%
Power Management Unit
Voltage: 18.50
Current: 4.13
Power Consumption: 983.49
Energy Regen: 32%
Energy Storage: 22%
Power Management Unit
Voltage: 15.23
Current: -63.10
Power Consumption: 604.22
Energy Regen: 86%
Energy Storage: 45%
Power Management Unit
Voltage: 17.85
Current: -55.61
Power Consumption: 60.61
Energy Regen: 1%
Energy Storage: 51%
Power Management Unit
Voltage: 11.48
Current: 89.50
Power Consumption: 862.78
Energy Regen: 78%
Energy Storage: 90%
Power Management Unit
Voltage: 11.08
Current: -6.17
Power Consumption: 346.34
Energy Regen: 7%
Energy Storage: 38%
Power Management Unit
Voltage: 10.76
Current: -27.07
Power Consumption: 66.39
Energy Regen: 78%
Energy Storage: 29%
Power Management Unit
Voltage: 17.14
Current: -83.51
Power Consumption: 905.99
Energy Regen: 73%
Energy Storage: 43%
Power Management Unit
Voltage: 13.61
Current: -88.72
Power Consumption: 654.14
Energy Regen: 23%
Energy Storage: 20%
Power Management Unit
Voltage: 16.59
Current: -25.42
Power Consumption: 603.83
Energy Regen: 9%
Energy Storage: 46%
Power Management Unit
Voltage: 11.16
Current: -55.40
Power Consumption: 410.47
Energy Regen: 31%
Energy Storage: 76%
Power Management Unit
Voltage: 10.54
Current: -42.06
Power Consumption: 979.29
Energy Regen: 9%
Energy Storage: 76%
Power Management Unit
Voltage: 16.42
Current: 84.02
Power Consumption: 185.49
Energy Regen: 91%
Energy Storage: 32%
Power Management Unit
Voltage: 14.68
Current: -68.52
Power Consumption: 375.41
Energy Regen: 31%
Energy Storage: 20%
Power Management Unit
Voltage: 14.60
Current: 58.80
Power Consumption: 356.02
Energy Regen: 21%
Energy Storage: 90%
Power Management Unit
Voltage: 13.50
Current: -64.71
Power Consumption: 472.01
Energy Regen: 59%
Energy Storage: 81%
Power Management Unit
Voltage: 14.68
Current: 89.28
Power Consumption: 701.96
Energy Regen: 47%
Energy Storage: 18%
Power Management Unit
Voltage: 11.86
Current: -6.19
Power Consumption: 835.31
Energy Regen: 69%
Energy Storage: 3%
Power Management Unit
Voltage: 11.66
Current: -59.94
Power Consumption: 993.79
Energy Regen: 17%
Energy Storage: 32%
Power Management Unit
Voltage: 19.21
Current: -3.16
Power Consumption: 909.03
Energy Regen: 95%
Energy Storage: 20%
Power Management Unit
Voltage: 17.45
Current: -11.46
Power Consumption: 544.62
Energy Regen: 5%
Energy Storage: 27%
Power Management Unit
Voltage: 12.15
Current: 40.62
Power Consumption: 893.22
Energy Regen: 80%
Energy Storage: 6%
Power Management Unit
Voltage: 17.33
Current: -32.21
Power Consumption: 508.74
Energy Regen: 11%
Energy Storage: 45%
Power Management Unit
Voltage: 17.08
Current: -95.90
Power Consumption: 950.13
Energy Regen: 89%
Energy Storage: 61%
Power Management Unit
Voltage: 18.64
Current: 19.14
Power Consumption: 152.61
Energy Regen: 1%
Energy Storage: 74%
Power Management Unit
Voltage: 19.42
Current: 75.97
Power Consumption: 753.34
Energy Regen: 69%
Energy Storage: 95%
Power Management Unit
Voltage: 19.35
Current: -23.18
Power Consumption: 898.54
Energy Regen: 44%
Energy Storage: 92%
Power Management Unit
Voltage: 17.23
Current: -15.56
Power Consumption: 367.08
Energy Regen: 36%
Energy Storage: 27%
Power Management Unit
Voltage: 11.93
Current: -65.17
Power Consumption: 324.85
Energy Regen: 21%
Energy Storage: 12%
Power Management Unit
Voltage: 14.43
Current: 30.10
Power Consumption: 603.74
Energy Regen: 25%
Energy Storage: 55%
Power Management Unit
Voltage: 14.10
Current: -42.22
Power Consumption: 913.61
Energy Regen: 94%
Energy Storage: 62%
Power Management Unit
Voltage: 15.17
Current: -66.56
Power Consumption: 625.76
Energy Regen: 64%
Energy Storage: 30%
Power Management Unit
Voltage: 13.61
Current: -98.59
Power Consumption: 109.70
Energy Regen: 12%
Energy Storage: 74%
Power Management Unit
Voltage: 11.06
Current: -92.00
Power Consumption: 100.22
Energy Regen: 53%
Energy Storage: 60%
Power Management Unit
Voltage: 19.97
Current: -13.04
Power Consumption: 988.14
Energy Regen: 27%
Energy Storage: 18%
Power Management Unit
Voltage: 16.37
Current: 95.97
Power Consumption: 303.22
Energy Regen: 91%
Energy Storage: 61%
Power Management Unit
Voltage: 19.89
Current: -50.65
Power Consumption: 309.13
Energy Regen: 30%
Energy Storage: 73%
Power Management Unit
Voltage: 10.07
Current: 41.60
Power Consumption: 89.32
Energy Regen: 0%
Energy Storage: 82%
Power Management Unit
Voltage: 11.61
Current: -27.74
Power Consumption: 126.22
Energy Regen: 76%
Energy Storage: 28%
Power Management Unit
Voltage: 13.42
Current: -24.18
Power Consumption: 236.83
Energy Regen: 13%
Energy Storage: 21%
Power Management Unit
Voltage: 13.63
Current: -41.40
Power Consumption: 153.40
Energy Regen: 26%
Energy Storage: 28%
Power Management Unit
Voltage: 11.88
Current: -26.62
Power Consumption: 16.66
Energy Regen: 78%
Energy Storage: 52%
Power Management Unit
Voltage: 18.35
Current: -86.09
Power Consumption: 665.96
Energy Regen: 25%
Energy Storage: 21%
Power Management Unit
Voltage: 15.41
Current: -33.94
Power Consumption: 478.71
Energy Regen: 96%
Energy Storage: 25%
Power Management Unit
Voltage: 19.55
Current: -31.26
Power Consumption: 172.60
Energy Regen: 51%
Energy Storage: 53%
Power Management Unit
Voltage: 17.52
Current: -3.81
Power Consumption: 993.87
Energy Regen: 23%
Energy Storage: 0%
Power Management Unit
Voltage: 11.95
Current: -52.24
Power Consumption: 259.11
Energy Regen: 49%
Energy Storage: 85%
Power Management Unit
Voltage: 14.45
Current: -86.85
Power Consumption: 403.98
Energy Regen: 25%
Energy Storage: 84%
Power Management Unit
Voltage: 15.59
Current: -8.14
Power Consumption: 130.19
Energy Regen: 65%
Energy Storage: 1%
Power Management Unit
Voltage: 12.33
Current: 99.92
Power Consumption: 175.11
Energy Regen: 17%
Energy Storage: 48%
Power Management Unit
Voltage: 15.63
Current: 14.97
Power Consumption: 19.53
Energy Regen: 26%
Energy Storage: 87%
Power Management Unit
Voltage: 18.34
Current: 56.26
Power Consumption: 401.23
Energy Regen: 12%
Energy Storage: 30%
Power Management Unit
Voltage: 11.45
Current: -27.99
Power Consumption: 403.51
Energy Regen: 0%
Energy Storage: 3%
Power Management Unit
Voltage: 17.64
Current: 35.12
Power Consumption: 211.60
Energy Regen: 9%
Energy Storage: 24%
Power Management Unit
Voltage: 10.86
Current: -89.42
Power Consumption: 671.47
Energy Regen: 31%
Energy Storage: 93%
Power Management Unit
Voltage: 14.82
Current: -11.88
Power Consumption: 221.83
Energy Regen: 62%
Energy Storage: 55%
Power Management Unit
Voltage: 10.21
Current: 96.99
Power Consumption: 411.61
Energy Regen: 90%
Energy Storage: 4%
Power Management Unit
Voltage: 18.03
Current: 8.83
Power Consumption: 391.40
Energy Regen: 91%
Energy Storage: 76%
Power Management Unit
Voltage: 16.97
Current: -17.33
Power Consumption: 884.09
Energy Regen: 93%
Energy Storage: 78%
Power Management Unit
Voltage: 16.35
Current: 46.13
Power Consumption: 359.51
Energy Regen: 24%
Energy Storage: 43%
Power Management Unit
Voltage: 16.07
Current: 42.02
Power Consumption: 327.20
Energy Regen: 15%
Energy Storage: 88%
Power Management Unit
Voltage: 16.36
Current: -38.59
Power Consumption: 28.41
Energy Regen: 35%
Energy Storage: 94%
Power Management Unit
Voltage: 11.42
Current: -73.47
Power Consumption: 987.57
Energy Regen: 85%
Energy Storage: 28%
Power Management Unit
Voltage: 19.57
Current: 3.16
Power Consumption: 923.35
Energy Regen: 89%
Energy Storage: 31%
Power Management Unit
Voltage: 19.93
Current: 26.74
Power Consumption: 711.55
Energy Regen: 94%
Energy Storage: 31%
Power Management Unit
Voltage: 13.28
Current: -94.11
Power Consumption: 515.00
Energy Regen: 90%
Energy Storage: 57%
Power Management Unit
Voltage: 17.70
Current: 56.10
Power Consumption: 251.93
Energy Regen: 13%
Energy Storage: 17%
Power Management Unit
Voltage: 15.43
Current: -91.25
Power Consumption: 27.67
Energy Regen: 51%
Energy Storage: 15%
Power Management Unit
Voltage: 13.47
Current: 62.00
Power Consumption: 108.33
Energy Regen: 31%
Energy Storage: 71%
Power Management Unit
Voltage: 15.46
Current: -13.21
Power Consumption: 47.32
Energy Regen: 98%
Energy Storage: 40%
Power Management Unit
Voltage: 17.95
Current: 18.73
Power Consumption: 726.98
Energy Regen: 1%
Energy Storage: 4%
Power Management Unit
Voltage: 18.22
Current: -84.85
Power Consumption: 881.89
Energy Regen: 35%
Energy Storage: 34%
Power Management Unit
Voltage: 12.43
Current: -29.19
Power Consumption: 945.07
Energy Regen: 46%
Energy Storage: 16%
Power Management Unit
Voltage: 15.46
Current: 36.40
Power Consumption: 893.87
Energy Regen: 99%
Energy Storage: 1%
Power Management Unit
Voltage: 19.12
Current: -30.50
Power Consumption: 717.03
Energy Regen: 80%
Energy Storage: 92%
Power Management Unit
Voltage: 15.93
Current: 12.33
Power Consumption: 931.12
Energy Regen: 65%
Energy Storage: 9%
Power Management Unit
Voltage: 15.18
Current: -29.40
Power Consumption: 757.43
Energy Regen: 1%
Energy Storage: 32%
Power Management Unit
Voltage: 12.92
Current: 56.25
Power Consumption: 956.44
Energy Regen: 52%
Energy Storage: 12%
Power Management Unit
Voltage: 10.55
Current: 98.68
Power Consumption: 916.17
Energy Regen: 15%
Energy Storage: 63%
Power Management Unit
Voltage: 18.28
Current: 65.66
Power Consumption: 696.75
Energy Regen: 84%
Energy Storage: 43%
Power Management Unit
Voltage: 18.95
Current: 99.35
Power Consumption: 913.05
Energy Regen: 50%
Energy Storage: 32%
Power Management Unit
Voltage: 13.59
Current: 80.67
Power Consumption: 794.10
Energy Regen: 67%
Energy Storage: 64%
Power Management Unit
Voltage: 16.27
Current: -99.68
Power Consumption: 860.60
Energy Regen: 16%
Energy Storage: 79%
Power Management Unit
Voltage: 11.77
Current: 81.35
Power Consumption: 135.90
Energy Regen: 6%
Energy Storage: 1%
Power Management Unit
Voltage: 19.23
Current: 92.13
Power Consumption: 74.49
Energy Regen: 51%
Energy Storage: 57%
Power Management Unit
Voltage: 12.59
Current: 5.54
Power Consumption: 372.85
Energy Regen: 33%
Energy Storage: 23%
Power Management Unit
Voltage: 16.35
Current: 16.03
Power Consumption: 765.98
Energy Regen: 44%
Energy Storage: 50%
Power Management Unit
Voltage: 15.87
Current: 3.16
Power Consumption: 626.96
Energy Regen: 42%
Energy Storage: 23%
Power Management Unit
Voltage: 18.63
Current: -82.45
Power Consumption: 994.08
Energy Regen: 13%
Energy Storage: 27%
Power Management Unit
Voltage: 12.28
Current: -94.51
Power Consumption: 406.71
Energy Regen: 60%
Energy Storage: 29%
Power Management Unit
Voltage: 13.72
Current: -43.99
Power Consumption: 302.25
Energy Regen: 54%
Energy Storage: 6%
Power Management Unit
Voltage: 19.87
Current: 79.50
Power Consumption: 229.06
Energy Regen: 62%
Energy Storage: 43%
Power Management Unit
Voltage: 17.45
Current: -75.72
Power Consumption: 834.06
Energy Regen: 56%
Energy Storage: 36%
Power Management Unit
Voltage: 15.97
Current: -12.47
Power Consumption: 544.09
Energy Regen: 89%
Energy Storage: 5%
Power Management Unit
Voltage: 18.88
Current: 62.07
Power Consumption: 468.29
Energy Regen: 88%
Energy Storage: 4%
Power Management Unit
Voltage: 18.63
Current: -86.03
Power Consumption: 721.21
Energy Regen: 46%
Energy Storage: 12%
Power Management Unit
Voltage: 18.89
Current: 71.45
Power Consumption: 684.77
Energy Regen: 68%
Energy Storage: 85%
Power Management Unit
Voltage: 18.52
Current: 24.35
Power Consumption: 749.14
Energy Regen: 36%
Energy Storage: 23%
Power Management Unit
Voltage: 12.23
Current: 54.34
Power Consumption: 842.36
Energy Regen: 27%
Energy Storage: 77%
Power Management Unit
Voltage: 19.06
Current: -65.25
Power Consumption: 354.26
Energy Regen: 9%
Energy Storage: 55%
Power Management Unit
Voltage: 11.13
Current: 4.91
Power Consumption: 711.05
Energy Regen: 26%
Energy Storage: 95%
Tire Sensor
Pressure: 23.49
Temperature: 31.88
Wear Level: 44%
Performance Score: Not Calculated
Tire Sensor
Pressure: 22.34
Temperature: 118.08
Wear Level: 31%
Performance Score: Not Calculated
Tire Sensor
Pressure: 24.69
Temperature: 59.91
Wear Level: 10%
Performance Score: Not Calculated
Tire Sensor
Pressure: 24.84
Temperature: 53.28
Wear Level: 14%
Performance Score: Not Calculated
Tire Sensor
Pressure: 19.87
Temperature: 72.31
Wear Level: 68%
Performance Score: Not Calculated
Tire Sensor
Pressure: 19.00
Temperature: 70.23
Wear Level: 92%
Performance Score: Not Calculated
Tire Sensor
Pressure: 23.52
Temperature: 12.25
Wear Level: 24%
Performance Score: Not Calculated
Tire Sensor
Pressure: 19.53
Temperature: 69.94
Wear Level: 60%
Performance Score: Not Calculated
Tire Sensor
Pressure: 23.31
Temperature: 28.75
Wear Level: 15%
Performance Score: Not Calculated
Tire Sensor
Pressure: 20.28
Temperature: 82.53
Wear Level: 63%
Performance Score: Not Calculated
Tire Sensor
Pressure: 21.60
Temperature: 3.63
Wear Level: 3%
Performance Score: Not Calculated
Tire Sensor
Pressure: 21.71
Temperature: 9.61
Wear Level: 60%
Performance Score: Not Calculated
Tire Sensor
Pressure: 22.30
Temperature: 20.36
Wear Level: 69%
Performance Score: Not Calculated
Tire Sensor
Pressure: 21.90
Temperature: 55.32
Wear Level: 88%
Performance Score: Not Calculated
Tire Sensor
Pressure: 25.55
Temperature: 114.71
Wear Level: 5%
Performance Score: Not Calculated
Tire Sensor
Pressure: 19.87
Temperature: 34.00
Wear Level: 46%
Performance Score: Not Calculated
Tire Sensor
Pressure: 20.18
Temperature: 73.32
Wear Level: 37%
Performance Score: Not Calculated
Tire Sensor
Pressure: 20.70
Temperature: 84.27
Wear Level: 88%
Performance Score: Not Calculated
Tire Sensor
Pressure: 20.89
Temperature: 51.00
Wear Level: 7%
Performance Score: Not Calculated
Tire Sensor
Pressure: 21.05
Temperature: 23.43
Wear Level: 43%
Performance Score: Not Calculated
Tire Sensor
Pressure: 19.97
Temperature: 82.67
Wear Level: 7%
Performance Score: Not Calculated
Tire Sensor
Pressure: 19.80
Temperature: 53.26
Wear Level: 60%
Performance Score: Not Calculated
Tire Sensor
Pressure: 25.82
Temperature: 111.77
Wear Level: 68%
Performance Score: Not Calculated
Tire Sensor
Pressure: 22.18
Temperature: 104.15
Wear Level: 82%
Performance Score: Not Calculated
Tire Sensor
Pressure: 25.59
Temperature: 100.09
Wear Level: 90%
Performance Score: Not Calculated
Tire Sensor
Pressure: 21.81
Temperature: 23.13
Wear Level: 17%
Performance Score: Not Calculated
Tire Sensor
Pressure: 24.40
Temperature: 56.71
Wear Level: 11%
Performance Score: Not Calculated
Tire Sensor
Pressure: 19.51
Temperature: 78.60
Wear Level: 36%
Performance Score: Not Calculated
Tire Sensor
Pressure: 24.61
Temperature: 61.31
Wear Level: 32%
Performance Score: Not Calculated
Tire Sensor
Pressure: 24.04
Temperature: 12.17
Wear Level: 61%
Performance Score: Not Calculated
Tire Sensor
Pressure: 25.41
Temperature: 6.95
Wear Level: 88%
Performance Score: Not Calculated
Tire Sensor
Pressure: 21.79
Temperature: 70.63
Wear Level: 65%
Performance Score: Not Calculated
Tire Sensor
Pressure: 19.49
Temperature: 50.21
Wear Level: 14%
Performance Score: Not Calculated
Tire Sensor
Pressure: 25.44
Temperature: 9.92
Wear Level: 96%
Performance Score: Not Calculated
Tire Sensor
Pressure: 23.45
Temperature: 90.82
Wear Level: 11%
Performance Score: Not Calculated
Tire Sensor
Pressure: 23.75
Temperature: 32.13
Wear Level: 96%
Performance Score: Not Calculated
Tire Sensor
Pressure: 24.01
Temperature: 61.90
Wear Level: 79%
Performance Score: Not Calculated
Tire Sensor
Pressure: 20.88
Temperature: 67.55
Wear Level: 21%
Performance Score: Not Calculated
Tire Sensor
Pressure: 19.70
Temperature: 17.50
Wear Level: 21%
Performance Score: Not Calculated
Tire Sensor
Pressure: 23.39
Temperature: 108.14
Wear Level: 30%
Performance Score: Not Calculated
Tire Sensor
Pressure: 24.73
Temperature: 115.45
Wear Level: 18%
Performance Score: Not Calculated
Tire Sensor
Pressure: 21.26
Temperature: 16.84
Wear Level: 8%
Performance Score: Not Calculated
Tire Sensor
Pressure: 22.96
Temperature: 19.59
Wear Level: 30%
Performance Score: Not Calculated
Tire Sensor
Pressure: 25.25
Temperature: 28.77
Wear Level: 22%
Performance Score: Not Calculated
Tire Sensor
Pressure: 20.79
Temperature: 112.29
Wear Level: 19%
Performance Score: Not Calculated
Tire Sensor
Pressure: 19.24
Temperature: 11.31
Wear Level: 47%
Performance Score: Not Calculated
Tire Sensor
Pressure: 19.88
Temperature: 104.92
Wear Level: 82%
Performance Score: Not Calculated
Tire Sensor
Pressure: 21.36
Temperature: 64.60
Wear Level: 42%
Performance Score: Not Calculated
Tire Sensor
Pressure: 19.06
Temperature: 69.32
Wear Level: 36%
Performance Score: Not Calculated
Tire Sensor
Pressure: 22.21
Temperature: 87.06
Wear Level: 49%
Performance Score: Not Calculated
Tire Sensor
Pressure: 22.19
Temperature: 28.15
Wear Level: 7%
Performance Score: Not Calculated
Tire Sensor
Pressure: 24.83
Temperature: 6.59
Wear Level: 4%
Performance Score: Not Calculated
Tire Sensor
Pressure: 19.04
Temperature: 60.08
Wear Level: 43%
Performance Score: Not Calculated
Tire Sensor
Pressure: 20.89
Temperature: 17.77
Wear Level: 18%
Performance Score: Not Calculated
Tire Sensor
Pressure: 19.45
Temperature: 87.89
Wear Level: 52%
Performance Score: Not Calculated
Tire Sensor
Pressure: 20.40
Temperature: 59.59
Wear Level: 69%
Performance Score: Not Calculated
Tire Sensor
Pressure: 25.21
Temperature: 79.41
Wear Level: 34%
Performance Score: Not Calculated
Tire Sensor
Pressure: 22.29
Temperature: 69.77
Wear Level: 8%
Performance Score: Not Calculated
Tire Sensor
Pressure: 21.73
Temperature: 62.21
Wear Level: 13%
Performance Score: Not Calculated
Tire Sensor
Pressure: 23.78
Temperature: 81.70
Wear Level: 98%
Performance Score: Not Calculated
Tire Sensor
Pressure: 21.85
Temperature: 85.66
Wear Level: 38%
Performance Score: Not Calculated
Tire Sensor
Pressure: 21.83
Temperature: 18.28
Wear Level: 87%
Performance Score: Not Calculated
Tire Sensor
Pressure: 22.49
Temperature: 8.55
Wear Level: 39%
Performance Score: Not Calculated
Tire Sensor
Pressure: 24.35
Temperature: 7.79
Wear Level: 66%
Performance Score: Not Calculated
Tire Sensor
Pressure: 19.93
Temperature: 97.85
Wear Level: 41%
Performance Score: Not Calculated
Tire Sensor
Pressure: 24.00
Temperature: 74.14
Wear Level: 23%
Performance Score: Not Calculated
Tire Sensor
Pressure: 24.88
Temperature: 113.54
Wear Level: 41%
Performance Score: Not Calculated
Tire Sensor
Pressure: 24.55
Temperature: 16.96
Wear Level: 91%
Performance Score: Not Calculated
Tire Sensor
Pressure: 24.46
Temperature: 10.85
Wear Level: 46%
Performance Score: Not Calculated
Tire Sensor
Pressure: 20.15
Temperature: 94.05
Wear Level: 82%
Performance Score: Not Calculated
Tire Sensor
Pressure: 24.52
Temperature: 51.79
Wear Level: 5%
Performance Score: Not Calculated
Tire Sensor
Pressure: 20.64
Temperature: 46.00
Wear Level: 74%
Performance Score: Not Calculated
Tire Sensor
Pressure: 22.95
Temperature: 27.21
Wear Level: 98%
Performance Score: Not Calculated
Tire Sensor
Pressure: 23.65
Temperature: 65.02
Wear Level: 56%
Performance Score: Not Calculated
Tire Sensor
Pressure: 21.66
Temperature: 108.59
Wear Level: 54%
Performance Score: Not Calculated
Tire Sensor
Pressure: 19.78
Temperature: 59.62
Wear Level: 87%
Performance Score: Not Calculated
Tire Sensor
Pressure: 22.69
Temperature: 14.84
Wear Level: 34%
Performance Score: Not Calculated
Tire Sensor
Pressure: 25.94
Temperature: 85.94
Wear Level: 90%
Performance Score: Not Calculated
Tire Sensor
Pressure: 22.58
Temperature: 6.49
Wear Level: 56%
Performance Score: Not Calculated
Tire Sensor
Pressure: 20.11
Temperature: 114.69
Wear Level: 83%
Performance Score: Not Calculated
Tire Sensor
Pressure: 21.04
Temperature: 35.59
Wear Level: 59%
Performance Score: Not Calculated
Tire Sensor
Pressure: 22.06
Temperature: 115.67
Wear Level: 89%
Performance Score: Not Calculated
Tire Sensor
Pressure: 23.61
Temperature: 108.87
Wear Level: 37%
Performance Score: Not Calculated
Tire Sensor
Pressure: 19.29
Temperature: 44.32
Wear Level: 4%
Performance Score: Not Calculated
Tire Sensor
Pressure: 19.63
Temperature: 30.73
Wear Level: 7%
Performance Score: Not Calculated
Tire Sensor
Pressure: 24.55
Temperature: 0.54
Wear Level: 87%
Performance Score: Not Calculated
Tire Sensor
Pressure: 22.71
Temperature: 48.11
Wear Level: 77%
Performance Score: Not Calculated
Tire Sensor
Pressure: 19.57
Temperature: 104.22
Wear Level: 30%
Performance Score: Not Calculated
Tire Sensor
Pressure: 19.92
Temperature: 73.61
Wear Level: 57%
Performance Score: Not Calculated
Tire Sensor
Pressure: 20.76
Temperature: 73.07
Wear Level: 23%
Performance Score: Not Calculated
Tire Sensor
Pressure: 23.56
Temperature: 103.37
Wear Level: 50%
Performance Score: Not Calculated
Tire Sensor
Pressure: 22.62
Temperature: 35.64
Wear Level: 81%
Performance Score: Not Calculated
Tire Sensor
Pressure: 20.79
Temperature: 51.22
Wear Level: 51%
Performance Score: Not Calculated
Tire Sensor
Pressure: 19.84
Temperature: 102.30
Wear Level: 97%
Performance Score: Not Calculated
Tire Sensor
Pressure: 23.46
Temperature: 69.11
Wear Level: 20%
Performance Score: Not Calculated
Tire Sensor
Pressure: 19.22
Temperature: 9.76
Wear Level: 34%
Performance Score: Not Calculated
Tire Sensor
Pressure: 19.69
Temperature: 39.37
Wear Level: 31%
Performance Score: Not Calculated
Tire Sensor
Pressure: 23.70
Temperature: 23.29
Wear Level: 56%
Performance Score: Not Calculated
Tire Sensor
Pressure: 22.93
Temperature: 118.18
Wear Level: 52%
Performance Score: Not Calculated
Tire Sensor
Pressure: 24.96
Temperature: 1.75
Wear Level: 69%
Performance Score: Not Calculated
Tire Sensor
Pressure: 19.91
Temperature: 39.40
Wear Level: 93%
Performance Score: Not Calculated
Tire Sensor
Pressure: 19.31
Temperature: 119.56
Wear Level: 18%
Performance Score: Not Calculated
Tire Sensor
Pressure: 24.26
Temperature: 10.52
Wear Level: 12%
Performance Score: Not Calculated
Tire Sensor
Pressure: 24.04
Temperature: 37.85
Wear Level: 67%
Performance Score: Not Calculated
Tire Sensor
Pressure: 23.70
Temperature: 79.44
Wear Level: 23%
Performance Score: Not Calculated
Tire Sensor
Pressure: 21.36
Temperature: 83.04
Wear Level: 65%
Performance Score: Not Calculated
Tire Sensor
Pressure: 23.28
Temperature: 98.26
Wear Level: 90%
Performance Score: Not Calculated
Tire Sensor
Pressure: 21.40
Temperature: 37.66
Wear Level: 73%
Performance Score: Not Calculated
Tire Sensor
Pressure: 21.62
Temperature: 55.70
Wear Level: 42%
Performance Score: Not Calculated
Tire Sensor
Pressure: 24.87
Temperature: 85.29
Wear Level: 26%
Performance Score: Not Calculated
Tire Sensor
Pressure: 25.59
Temperature: 55.48
Wear Level: 87%
Performance Score: Not Calculated
Tire Sensor
Pressure: 24.57
Temperature: 58.10
Wear Level: 64%
Performance Score: Not Calculated
Tire Sensor
Pressure: 25.59
Temperature: 5.37
Wear Level: 58%
Performance Score: Not Calculated
Tire Sensor
Pressure: 25.16
Temperature: 7.35
Wear Level: 48%
Performance Score: Not Calculated
Tire Sensor
Pressure: 21.05
Temperature: 19.31
Wear Level: 17%
Performance Score: Not Calculated
Tire Sensor
Pressure: 22.75
Temperature: 77.55
Wear Level: 32%
Performance Score: Not Calculated
Tire Sensor
Pressure: 21.06
Temperature: 13.36
Wear Level: 93%
Performance Score: Not Calculated
Tire Sensor
Pressure: 24.08
Temperature: 14.02
Wear Level: 80%
Performance Score: Not Calculated
Tire Sensor
Pressure: 25.95
Temperature: 9.03
Wear Level: 69%
Performance Score: Not Calculated
Tire Sensor
Pressure: 19.50
Temperature: 53.09
Wear Level: 96%
Performance Score: Not Calculated
Tire Sensor
Pressure: 20.08
Temperature: 115.42
Wear Level: 21%
Performance Score: Not Calculated
Tire Sensor
Pressure: 19.19
Temperature: 80.10
Wear Level: 97%
Performance Score: Not Calculated
Tire Sensor
Pressure: 24.45
Temperature: 106.23
Wear Level: 30%
Performance Score: Not Calculated
Tire Sensor
Pressure: 25.51
Temperature: 52.50
Wear Level: 72%
Performance Score: Not Calculated
Tire Sensor
Pressure: 23.24
Temperature: 79.35
Wear Level: 76%
Performance Score: Not Calculated
Tire Sensor
Pressure: 22.66
Temperature: 90.38
Wear Level: 24%
Performance Score: Not Calculated
Tire Sensor
Pressure: 25.06
Temperature: 108.35
Wear Level: 39%
Performance Score: Not Calculated
Tire Sensor
Pressure: 24.68
Temperature: 96.11
Wear Level: 75%
Performance Score: Not Calculated
Tire Sensor
Pressure: 22.79
Temperature: 82.82
Wear Level: 70%
Performance Score: Not Calculated
Tire Sensor
Pressure: 20.13
Temperature: 76.86
Wear Level: 78%
Performance Score: Not Calculated
Tire Sensor
Pressure: 19.93
Temperature: 107.76
Wear Level: 53%
Performance Score: Not Calculated
Tire Sensor
Pressure: 22.04
Temperature: 37.75
Wear Level: 31%
Performance Score: Not Calculated
Tire Sensor
Pressure: 23.63
Temperature: 15.70
Wear Level: 30%
Performance Score: Not Calculated
Tire Sensor
Pressure: 21.47
Temperature: 36.02
Wear Level: 12%
Performance Score: Not Calculated
Tire Sensor
Pressure: 20.00
Temperature: 68.64
Wear Level: 84%
Performance Score: Not Calculated
Tire Sensor
Pressure: 21.23
Temperature: 19.93
Wear Level: 25%
Performance Score: Not Calculated
Tire Sensor
Pressure: 20.35
Temperature: 106.38
Wear Level: 53%
Performance Score: Not Calculated
Tire Sensor
Pressure: 21.64
Temperature: 52.38
Wear Level: 39%
Performance Score: Not Calculated
Tire Sensor
Pressure: 22.59
Temperature: 109.80
Wear Level: 77%
Performance Score: Not Calculated
Tire Sensor
Pressure: 25.89
Temperature: 99.66
Wear Level: 68%
Performance Score: Not Calculated
Tire Sensor
Pressure: 20.67
Temperature: 107.40
Wear Level: 18%
Performance Score: Not Calculated
Tire Sensor
Pressure: 24.36
Temperature: 54.54
Wear Level: 57%
Performance Score: Not Calculated
Tire Sensor
Pressure: 25.32
Temperature: 34.72
Wear Level: 85%
Performance Score: Not Calculated
Tire Sensor
Pressure: 24.51
Temperature: 45.21
Wear Level: 14%
Performance Score: Not Calculated
Tire Sensor
Pressure: 25.62
Temperature: 67.67
Wear Level: 30%
Performance Score: Not Calculated
Tire Sensor
Pressure: 24.39
Temperature: 96.45
Wear Level: 4%
Performance Score: Not Calculated
Tire Sensor
Pressure: 24.78
Temperature: 88.01
Wear Level: 24%
Performance Score: Not Calculated
Tire Sensor
Pressure: 23.31
Temperature: 99.72
Wear Level: 98%
Performance Score: Not Calculated
Tire Sensor
Pressure: 19.58
Temperature: 5.84
Wear Level: 16%
Performance Score: Not Calculated
Tire Sensor
Pressure: 22.79
Temperature: 1.06
Wear Level: 92%
Performance Score: Not Calculated
Tire Sensor
Pressure: 19.44
Temperature: 107.07
Wear Level: 20%
Performance Score: Not Calculated
Tire Sensor
Pressure: 23.51
Temperature: 22.96
Wear Level: 29%
Performance Score: Not Calculated
Tire Sensor
Pressure: 21.57
Temperature: 109.54
Wear Level: 81%
Performance Score: Not Calculated
Tire Sensor
Pressure: 22.52
Temperature: 37.60
Wear Level: 50%
Performance Score: Not Calculated
Tire Sensor
Pressure: 23.09
Temperature: 61.05
Wear Level: 25%
Performance Score: Not Calculated
Tire Sensor
Pressure: 25.12
Temperature: 94.58
Wear Level: 24%
Performance Score: Not Calculated
Tire Sensor
Pressure: 22.46
Temperature: 94.61
Wear Level: 80%
Performance Score: Not Calculated
Tire Sensor
Pressure: 21.58
Temperature: 36.28
Wear Level: 34%
Performance Score: Not Calculated
Tire Sensor
Pressure: 22.15
Temperature: 95.53
Wear Level: 79%
Performance Score: Not Calculated
Tire Sensor
Pressure: 22.63
Temperature: 21.95
Wear Level: 7%
Performance Score: Not Calculated
Tire Sensor
Pressure: 19.33
Temperature: 70.77
Wear Level: 45%
Performance Score: Not Calculated
Tire Sensor
Pressure: 22.10
Temperature: 56.55
Wear Level: 36%
Performance Score: Not Calculated
Tire Sensor
Pressure: 21.59
Temperature: 25.95
Wear Level: 55%
Performance Score: Not Calculated
Tire Sensor
Pressure: 24.49
Temperature: 22.01
Wear Level: 5%
Performance Score: Not Calculated
Tire Sensor
Pressure: 19.12
Temperature: 14.37
Wear Level: 19%
Performance Score: Not Calculated
Tire Sensor
Pressure: 23.31
Temperature: 87.35
Wear Level: 3%
Performance Score: Not Calculated
Tire Sensor
Pressure: 25.63
Temperature: 113.46
Wear Level: 45%
Performance Score: Not Calculated
Tire Sensor
Pressure: 19.36
Temperature: 92.34
Wear Level: 14%
Performance Score: Not Calculated
Tire Sensor
Pressure: 19.46
Temperature: 89.67
Wear Level: 54%
Performance Score: Not Calculated
Tire Sensor
Pressure: 22.66
Temperature: 40.62
Wear Level: 54%
Performance Score: Not Calculated
Tire Sensor
Pressure: 23.31
Temperature: 67.90
Wear Level: 38%
Performance Score: Not Calculated
Tire Sensor
Pressure: 23.80
Temperature: 1.95
Wear Level: 95%
Performance Score: Not Calculated
Tire Sensor
Pressure: 19.68
Temperature: 2.15
Wear Level: 3%
Performance Score: Not Calculated
Tire Sensor
Pressure: 23.07
Temperature: 49.09
Wear Level: 20%
Performance Score: Not Calculated
Tire Sensor
Pressure: 21.46
Temperature: 32.25
Wear Level: 66%
Performance Score: Not Calculated
Tire Sensor
Pressure: 25.89
Temperature: 39.72
Wear Level: 31%
Performance Score: Not Calculated
Tire Sensor
Pressure: 19.25
Temperature: 76.34
Wear Level: 52%
Performance Score: Not Calculated
Tire Sensor
Pressure: 20.35
Temperature: 84.03
Wear Level: 32%
Performance Score: Not Calculated
Tire Sensor
Pressure: 20.10
Temperature: 107.70
Wear Level: 92%
Performance Score: Not Calculated
Tire Sensor
Pressure: 21.94
Temperature: 15.77
Wear Level: 14%
Performance Score: Not Calculated
Tire Sensor
Pressure: 24.29
Temperature: 66.31
Wear Level: 89%
Performance Score: Not Calculated
Tire Sensor
Pressure: 24.95
Temperature: 31.66
Wear Level: 30%
Performance Score: Not Calculated
Tire Sensor
Pressure: 24.91
Temperature: 104.19
Wear Level: 84%
Performance Score: Not Calculated
Tire Sensor
Pressure: 19.67
Temperature: 45.78
Wear Level: 94%
Performance Score: Not Calculated
