Power Management Unit
Voltage: 18.48
Current: -58.76
Power Consumption: 293.79
Energy Regen: 67%
Energy Storage: 2%
Power Management Unit
Voltage: 15.25
Current: 70.89
Power Consumption: 325.02
Energy Regen: 38%
Energy Storage: 12%
Power Management Unit
Voltage: 10.05
Current: -73.39
Power Consumption: 1337.00
Energy Regen: 34%
Energy Storage: 4%
Power Management Unit
Voltage: 18.40
Current: 5.55
Power Consumption: 676.85
Energy Regen: 66%
Energy Storage: 69%
Power Management Unit
Voltage: 14.01
Current: 14.56
Power Consumption: 994.09
Energy Regen: 61%
Energy Storage: 9%
Power Management Unit
Voltage: 12.99
Current: -25.69
Power Consumption: 807.66
Energy Regen: 63%
Energy Storage: 79%
Power Management Unit
Voltage: 14.60
Current: 63.54
Power Consumption: 712.41
Energy Regen: 32%
Energy Storage: 42%
Power Management Unit
Voltage: 18.61
Current: 27.71
Power Consumption: 783.69
Energy Regen: 47%
Energy Storage: 11%
Power Management Unit
Voltage: 15.50
Current: 1337.00
Power Consumption: 774.15
Energy Regen: 83%
Energy Storage: 86%
Power Management Unit
Voltage: 18.72
Current: -76.09
Power Consumption: 267.80
Energy Regen: 52%
Energy Storage: 65%
Power Management Unit
Voltage: 14.95
Current: 94.55
Power Consumption: 111.53
Energy Regen: 61%
Energy Storage: 88%
Power Management Unit
Voltage: 15.78
Current: 53.52
Power Consumption: 183.37
Energy Regen: 19%
Energy Storage: 91%
Power Management Unit
Voltage: -1337.00
Current: 28.55
Power Consumption: 124.68
Energy Regen: 76%
Energy Storage: 89%
Power Management Unit
Voltage: 19.21
Current: -35.94
Power Consumption: 416.70
Energy Regen: 48%
Energy Storage: 49%
Power Management Unit
Voltage: 16.15
Current: -31.65
Power Consumption: 71.08
Energy Regen: 33%
Energy Storage: 72%
Power Management Unit
Voltage: 13.71
Current: -24.99
Power Consumption: 143.00
Energy Regen: 10%
Energy Storage: 47%
Power Management Unit
Voltage: 17.22
Current: 34.40
Power Consumption: 405.08
Energy Regen: 73%
Energy Storage: 22%
Power Management Unit
Voltage: 12.50
Current: -3.66
Power Consumption: 302.84
Energy Regen: 8%
Energy Storage: 71%
Power Management Unit
Voltage: 14.57
Current: 21.37
Power Consumption: 0.65
Energy Regen: 42%
Energy Storage: 14%
Power Management Unit
Voltage: 11.32
Current: -61.73
Power Consumption: 73.39
Energy Regen: 23%
Energy Storage: 60%
Power Management Unit
Voltage: 17.95
Current: 53.56
Power Consumption: 1337.00
Energy Regen: 15%
Energy Storage: 42%
Power Management Unit
Voltage: 19.69
Current: 42.93
Power Consumption: 14.72
Energy Regen: 34%
Energy Storage: 61%
Power Management Unit
Voltage: 11.76
Current: -75.09
Power Consumption: 761.94
Energy Regen: 1%
Energy Storage: 37%
Power Management Unit
Voltage: 12.89
Current: -36.14
Power Consumption: 361.95
Energy Regen: 97%
Energy Storage: 97%
Power Management Unit
Voltage: 11.99
Current: 21.08
Power Consumption: 49.13
Energy Regen: 94%
Energy Storage: 7%
Power Management Unit
Voltage: 19.00
Current: 4.60
Power Consumption: 994.56
Energy Regen: 19%
Energy Storage: 65%
Power Management Unit
Voltage: 11.10
Current: 15.57
Power Consumption: 281.41
Energy Regen: 88%
Energy Storage: 6%
Power Management Unit
Voltage: 18.50
Current: -4.53
Power Consumption: 200.47
Energy Regen: 45%
Energy Storage: 66%
Power Management Unit
Voltage: 11.94
Current: 18.57
Power Consumption: 93.61
Energy Regen: 27%
Energy Storage: 3%
Power Management Unit
Voltage: 15.39
Current: -87.98
Power Consumption: 326.11
Energy Regen: 73%
Energy Storage: 34%
Power Management Unit
Voltage: -1337.00
Current: -15.02
Power Consumption: 624.95
Energy Regen: 57%
Energy Storage: 53%
Power Management Unit
Voltage: 19.87
Current: -47.11
Power Consumption: 463.21
Energy Regen: 98%
Energy Storage: 39%
Power Management Unit
Voltage: 19.51
Current: 56.78
Power Consumption: 480.41
Energy Regen: 6%
Energy Storage: 95%
Power Management Unit
Voltage: 17.93
Current: 12.27
Power Consumption: 615.53
Energy Regen: 17%
Energy Storage: 28%
Power Management Unit
Voltage: 11.15
Current: -42.71
Power Consumption: 875.93
Energy Regen: 35%
Energy Storage: 12%
Power Management Unit
Voltage: 19.01
Current: -87.13
Power Consumption: 713.79
Energy Regen: 80%
Energy Storage: 93%
Power Management Unit
Voltage: 16.83
Current: -53.42
Power Consumption: 485.51
Energy Regen: 78%
Energy Storage: 38%
Power Management Unit
Voltage: 11.28
Current: 1337.00
Power Consumption: 890.99
Energy Regen: 63%
Energy Storage: 39%
Power Management Unit
Voltage: 17.17
Current: 69.63
Power Consumption: 185.92
Energy Regen: 74%
Energy Storage: 1337%
Power Management Unit
Voltage: 10.90
Current: 65.39
Power Consumption: 98.57
Energy Regen: 16%
Energy Storage: 35%
Power Management Unit
Voltage: 19.05
Current: 57.33
Power Consumption: 539.98
Energy Regen: 45%
Energy Storage: 47%
Power Management Unit
Voltage: 19.24
Current: -28.29
Power Consumption: 770.84
Energy Regen: 40%
Energy Storage: 13%
Power Management Unit
Voltage: 13.20
Current: 98.24
Power Consumption: 608.44
Energy Regen: 80%
Energy Storage: 60%
Power Management Unit
Voltage: 17.95
Current: -81.75
Power Consumption: 844.96
Energy Regen: 23%
Energy Storage: 72%
Power Management Unit
Voltage: 18.20
Current: -27.62
Power Consumption: 373.58
Energy Regen: 30%
Energy Storage: 26%
Power Management Unit
Voltage: 15.22
Current: 19.86
Power Consumption: 481.86
Energy Regen: 59%
Energy Storage: 7%
Power Management Unit
Voltage: 10.87
Current: -75.93
Power Consumption: 649.13
Energy Regen: 33%
Energy Storage: 68%
Power Management Unit
Voltage: 12.17
Current: 65.47
Power Consumption: 205.28
Energy Regen: 93%
Energy Storage: 60%
Power Management Unit
Voltage: 10.81
Current: -4.17
Power Consumption: 123.93
Energy Regen: 69%
Energy Storage: 92%
Power Management Unit
Voltage: 19.67
Current: 57.37
Power Consumption: 533.98
Energy Regen: 100%
Energy Storage: 45%
Power Management Unit
Voltage: 18.38
Current: -30.23
Power Consumption: 699.06
Energy Regen: 100%
Energy Storage: 90%
Power Management Unit
Voltage: 14.56
Current: 36.29
Power Consumption: 630.20
Energy Regen: 39%
Energy Storage: 20%
Power Management Unit
Voltage: 11.25
Current: 78.72
Power Consumption: 548.76
Energy Regen: -1337%
Energy Storage: 29%
Power Management Unit
Voltage: 12.73
Current: -13.35
Power Consumption: 807.56
Energy Regen: 25%
Energy Storage: 54%
Power Management Unit
Voltage: 17.90
Current: -16.58
Power Consumption: 887.80
Energy Regen: 36%
Energy Storage: 28%
Power Management Unit
Voltage: 18.37
Current: -32.22
Power Consumption: 168.85
Energy Regen: 58%
Energy Storage: 92%
Power Management Unit
Voltage: 19.16
Current: -9.41
Power Consumption: 669.74
Energy Regen: 91%
Energy Storage: 89%
Power Management Unit
Voltage: -1337.00
Current: 4.89
Power Consumption: 884.73
Energy Regen: 12%
Energy Storage: 66%
Power Management Unit
Voltage: 19.29
Current: 77.59
Power Consumption: 910.85
Energy Regen: 94%
Energy Storage: 39%
Power Management Unit
Voltage: 10.46
Current: 1337.00
Power Consumption: 608.65
Energy Regen: 93%
Energy Storage: 81%
Power Management Unit
Voltage: 12.93
Current: 22.50
Power Consumption: 864.52
Energy Regen: 19%
Energy Storage: 12%
Power Management Unit
Voltage: 10.41
Current: -1.79
Power Consumption: 391.37
Energy Regen: 7%
Energy Storage: 33%
Power Management Unit
Voltage: 14.12
Current: -57.42
Power Consumption: 751.91
Energy Regen: 36%
Energy Storage: 70%
Power Management Unit
Voltage: 15.49
Current: 68.04
Power Consumption: 414.81
Energy Regen: 25%
Energy Storage: 32%
Power Management Unit
Voltage: 18.77
Current: -17.56
Power Consumption: 1337.00
Energy Regen: 95%
Energy Storage: 31%
Power Management Unit
Voltage: 14.75
Current: -4.62
Power Consumption: 914.74
Energy Regen: 96%
Energy Storage: 85%
Power Management Unit
Voltage: 14.96
Current: -52.44
Power Consumption: 124.94
Energy Regen: 74%
Energy Storage: 1337%
Power Management Unit
Voltage: 15.36
Current: 54.91
Power Consumption: 303.40
Energy Regen: 39%
Energy Storage: 68%
Power Management Unit
Voltage: 18.94
Current: 59.74
Power Consumption: 784.78
Energy Regen: 87%
Energy Storage: 32%
Power Management Unit
Voltage: 18.86
Current: 22.80
Power Consumption: 159.25
Energy Regen: 52%
Energy Storage: 86%
Power Management Unit
Voltage: 18.47
Current: 44.04
Power Consumption: 713.40
Energy Regen: 78%
Energy Storage: 44%
Power Management Unit
Voltage: 18.33
Current: 46.20
Power Consumption: 953.21
Energy Regen: 76%
Energy Storage: 77%
Power Management Unit
Voltage: 12.60
Current: -10.59
Power Consumption: 89.62
Energy Regen: 40%
Energy Storage: 67%
Power Management Unit
Voltage: 18.77
Current: -15.96
Power Consumption: 876.86
Energy Regen: 49%
Energy Storage: 54%
Power Management Unit
Voltage: 10.73
Current: 45.01
Power Consumption: 440.39
Energy Regen: 63%
Energy Storage: 66%
Power Management Unit
Voltage: 14.49
Current: -23.95
Power Consumption: 71.75
Energy Regen: 80%
Energy Storage: 20%
Power Management Unit
Voltage: 16.07
Current: -80.92
Power Consumption: 815.91
Energy Regen: 47%
Energy Storage: 76%
Power Management Unit
Voltage: 10.52
Current: 69.74
Power Consumption: 15.17
Energy Regen: 6%
Energy Storage: 63%
Power Management Unit
Voltage: 17.78
Current: 69.76
Power Consumption: 529.35
Energy Regen: 40%
Energy Storage: 68%
Power Management Unit
Voltage: 17.35
Current: 2.18
Power Consumption: 634.57
Energy Regen: 25%
Energy Storage: 49%
Power Management Unit
Voltage: 11.13
Current: 34.33
Power Consumption: 216.07
Energy Regen: 69%
Energy Storage: 11%
Power Management Unit
Voltage: 11.40
Current: -31.36
Power Consumption: 26.84
Energy Regen: 49%
Energy Storage: 59%
Power Management Unit
Voltage: 10.42
Current: 1337.00
Power Consumption: 115.17
Energy Regen: 44%
Energy Storage: 0%
Power Management Unit
Voltage: 10.24
Current: -2.95
Power Consumption: 30.37
Energy Regen: 98%
Energy Storage: 96%
Power Management Unit
Voltage: 16.33
Current: -88.43
Power Consumption: 113.50
Energy Regen: 2%
Energy Storage: 60%
Power Management Unit
Voltage: 15.58
Current: 1337.00
Power Consumption: 252.92
Energy Regen: 80%
Energy Storage: 23%
Power Management Unit
Voltage: 11.24
Current: -19.22
Power Consumption: 42.82
Energy Regen: 36%
Energy Storage: 77%
Power Management Unit
Voltage: 19.67
Current: 27.06
Power Consumption: 585.77
Energy Regen: 60%
Energy Storage: 45%
Power Management Unit
Voltage: 13.69
Current: 42.12
Power Consumption: 811.62
Energy Regen: 50%
Energy Storage: 22%
Power Management Unit
Voltage: 19.00
Current: 1337.00
Power Consumption: 662.49
Energy Regen: 80%
Energy Storage: 35%
Power Management Unit
Voltage: 13.77
Current: 35.82
Power Consumption: 529.69
Energy Regen: 31%
Energy Storage: 93%
Power Management Unit
Voltage: 19.37
Current: 97.34
Power Consumption: 946.52
Energy Regen: 0%
Energy Storage: 94%
Power Management Unit
Voltage: 19.72
Current: -57.76
Power Consumption: 246.88
Energy Regen: 38%
Energy Storage: 17%
Power Management Unit
Voltage: 17.34
Current: 80.72
Power Consumption: 11.54
Energy Regen: -1337%
Energy Storage: 67%
Power Management Unit
Voltage: 17.54
Current: 2.81
Power Consumption: 500.07
Energy Regen: 33%
Energy Storage: 89%
Power Management Unit
Voltage: 11.61
Current: 1337.00
Power Consumption: 534.71
Energy Regen: 66%
Energy Storage: 1%
Power Management Unit
Voltage: 19.11
Current: -99.70
Power Consumption: 820.56
Energy Regen: 20%
Energy Storage: 50%
Power Management Unit
Voltage: 14.55
Current: 9.80
Power Consumption: 549.04
Energy Regen: 74%
Energy Storage: 1337%
Power Management Unit
Voltage: -1337.00
Current: -54.71
Power Consumption: 87.54
Energy Regen: 45%
Energy Storage: 33%
Power Management Unit
Voltage: 13.22
Current: 42.87
Power Consumption: 409.92
Energy Regen: 25%
Energy Storage: 90%
Power Management Unit
Voltage: 19.33
Current: 47.11
Power Consumption: 1337.00
Energy Regen: 97%
Energy Storage: 10%
Power Management Unit
Voltage: 13.69
Current: 60.21
Power Consumption: 110.16
Energy Regen: 82%
Energy Storage: 98%
Power Management Unit
Voltage: 16.78
Current: -32.25
Power Consumption: 825.23
Energy Regen: 85%
Energy Storage: 28%
Power Management Unit
Voltage: 10.88
Current: -81.77
Power Consumption: 172.50
Energy Regen: 66%
Energy Storage: 63%
Power Management Unit
Voltage: 10.61
Current: -38.71
Power Consumption: 521.26
Energy Regen: 14%
Energy Storage: 47%
Power Management Unit
Voltage: 10.32
Current: -20.51
Power Consumption: 58.05
Energy Regen: 33%
Energy Storage: 16%
Power Management Unit
Voltage: 12.02
Current: -95.44
Power Consumption: 746.93
Energy Regen: 62%
Energy Storage: 70%
Power Management Unit
Voltage: 14.42
Current: -23.50
Power Consumption: 314.35
Energy Regen: 45%
Energy Storage: 36%
Power Management Unit
Voltage: 11.64
Current: 22.70
Power Consumption: 33.82
Energy Regen: 45%
Energy Storage: 78%
Power Management Unit
Voltage: 14.79
Current: 66.79
Power Consumption: 146.26
Energy Regen: 19%
Energy Storage: 32%
Power Management Unit
Voltage: 10.78
Current: 1337.00
Power Consumption: 513.73
Energy Regen: 88%
Energy Storage: 98%
Power Management Unit
Voltage: 11.27
Current: 48.48
Power Consumption: 133.84
Energy Regen: 67%
Energy Storage: 14%
Power Management Unit
Voltage: 19.86
Current: -63.64
Power Consumption: 733.21
Energy Regen: 37%
Energy Storage: 100%
Power Management Unit
Voltage: 11.85
Current: 91.10
Power Consumption: 530.86
Energy Regen: 14%
Energy Storage: 75%
Power Management Unit
Voltage: 18.05
Current: 78.68
Power Consumption: 791.62
Energy Regen: 33%
Energy Storage: 42%
Power Management Unit
Voltage: 19.33
Current: 22.27
Power Consumption: 117.11
Energy Regen: 97%
Energy Storage: 1337%
Power Management Unit
Voltage: 17.82
Current: -21.19
Power Consumption: 980.01
Energy Regen: 97%
Energy Storage: 95%
Power Management Unit
Voltage: 12.90
Current: -44.99
Power Consumption: 141.48
Energy Regen: 82%
Energy Storage: 35%
Power Management Unit
Voltage: 10.12
Current: -56.66
Power Consumption: 829.93
Energy Regen: -1337%
Energy Storage: 16%
Power Management Unit
Voltage: 10.98
Current: -35.05
Power Consumption: 11.02
Energy Regen: 59%
Energy Storage: 20%
Power Management Unit
Voltage: 18.05
Current: -68.76
Power Consumption: 993.38
Energy Regen: 32%
Energy Storage: 8%
Power Management Unit
Voltage: 14.39
Current: 42.44
Power Consumption: 52.14
Energy Regen: 97%
Energy Storage: 63%
Power Management Unit
Voltage: 17.70
Current: -42.79
Power Consumption: 150.84
Energy Regen: 47%
Energy Storage: 19%
Power Management Unit
Voltage: -1337.00
Current: 79.03
Power Consumption: 429.25
Energy Regen: 13%
Energy Storage: 51%
Power Management Unit
Voltage: 12.39
Current: -29.99
Power Consumption: 477.00
Energy Regen: 67%
Energy Storage: 8%
Power Management Unit
Voltage: 15.27
Current: 24.73
Power Consumption: 620.29
Energy Regen: 27%
Energy Storage: 38%
Power Management Unit
Voltage: 11.19
Current: -83.94
Power Consumption: 898.38
Energy Regen: 98%
Energy Storage: 69%
Power Management Unit
Voltage: 19.67
Current: 74.66
Power Consumption: 880.75
Energy Regen: 51%
Energy Storage: 77%
Power Management Unit
Voltage: 14.66
Current: -32.24
Power Consumption: 815.83
Energy Regen: 48%
Energy Storage: 30%
Power Management Unit
Voltage: 19.03
Current: 51.46
Power Consumption: 685.94
Energy Regen: 49%
Energy Storage: 32%
Power Management Unit
Voltage: 10.70
Current: -56.31
Power Consumption: 117.73
Energy Regen: 94%
Energy Storage: 67%
Power Management Unit
Voltage: 13.24
Current: 43.04
Power Consumption: 570.26
Energy Regen: 32%
Energy Storage: 68%
Power Management Unit
Voltage: 10.87
Current: -39.85
Power Consumption: 738.71
Energy Regen: 7%
Energy Storage: 79%
Power Management Unit
Voltage: 12.00
Current: 52.88
Power Consumption: 861.91
Energy Regen: 17%
Energy Storage: 51%
Power Management Unit
Voltage: 15.15
Current: 22.57
Power Consumption: 0.28
Energy Regen: 16%
Energy Storage: 79%
Power Management Unit
Voltage: 16.63
Current: -11.61
Power Consumption: 393.02
Energy Regen: 77%
Energy Storage: 48%
Power Management Unit
Voltage: 18.24
Current: -21.76
Power Consumption: 64.80
Energy Regen: 51%
Energy Storage: 57%
Power Management Unit
Voltage: 17.49
Current: -30.67
Power Consumption: 25.80
Energy Regen: 63%
Energy Storage: 56%
Power Management Unit
Voltage: 16.99
Current: -91.68
Power Consumption: 535.54
Energy Regen: 38%
Energy Storage: 21%
Power Management Unit
Voltage: 15.05
Current: 17.86
Power Consumption: 629.10
Energy Regen: 97%
Energy Storage: 1337%
Power Management Unit
Voltage: 13.39
Current: 41.58
Power Consumption: 355.08
Energy Regen: 73%
Energy Storage: 58%
Power Management Unit
Voltage: 18.73
Current: 55.50
Power Consumption: 598.71
Energy Regen: 77%
Energy Storage: 1337%
Power Management Unit
Voltage: 12.83
Current: -35.70
Power Consumption: 979.43
Energy Regen: 24%
Energy Storage: 45%
Power Management Unit
Voltage: 16.43
Current: -85.55
Power Consumption: 487.31
Energy Regen: 70%
Energy Storage: 65%
Power Management Unit
Voltage: 19.50
Current: 19.04
Power Consumption: 895.67
Energy Regen: 46%
Energy Storage: 3%
Power Management Unit
Voltage: 12.92
Current: -59.84
Power Consumption: 488.37
Energy Regen: 100%
Energy Storage: 20%
Power Management Unit
Voltage: 15.66
Current: -45.62
Power Consumption: 599.84
Energy Regen: 94%
Energy Storage: 14%
Power Management Unit
Voltage: 10.31
Current: 90.11
Power Consumption: 475.66
Energy Regen: 37%
Energy Storage: 68%
Power Management Unit
Voltage: 17.70
Current: -62.82
Power Consumption: 905.91
Energy Regen: 24%
Energy Storage: 95%
Power Management Unit
Voltage: 16.90
Current: 98.36
Power Consumption: 369.35
Energy Regen: 86%
Energy Storage: 80%
Power Management Unit
Voltage: 17.12
Current: -28.30
Power Consumption: 208.57
Energy Regen: 40%
Energy Storage: 41%
Power Management Unit
Voltage: 17.74
Current: 21.43
Power Consumption: 440.62
Energy Regen: -1337%
Energy Storage: 95%
Power Management Unit
Voltage: 12.66
Current: 79.21
Power Consumption: 39.40
Energy Regen: 90%
Energy Storage: 36%
Power Management Unit
Voltage: 20.00
Current: 65.37
Power Consumption: 414.03
Energy Regen: 23%
Energy Storage: 57%
Power Management Unit
Voltage: 18.78
Current: 8.34
Power Consumption: 668.22
Energy Regen: 10%
Energy Storage: 99%
Power Management Unit
Voltage: 11.55
Current: -75.50
Power Consumption: 653.22
Energy Regen: 42%
Energy Storage: 9%
Power Management Unit
Voltage: 12.82
Current: -46.81
Power Consumption: 979.29
Energy Regen: 61%
Energy Storage: 1337%
Power Management Unit
Voltage: 10.57
Current: -64.53
Power Consumption: 999.06
Energy Regen: 70%
Energy Storage: 77%
Power Management Unit
Voltage: 15.32
Current: -48.99
Power Consumption: 741.08
Energy Regen: 31%
Energy Storage: 66%
Power Management Unit
Voltage: 17.66
Current: -79.87
Power Consumption: 647.37
Energy Regen: 19%
Energy Storage: 10%
Power Management Unit
Voltage: 11.63
Current: -92.77
Power Consumption: 706.16
Energy Regen: 2%
Energy Storage: 52%
Power Management Unit
Voltage: 12.29
Current: 72.65
Power Consumption: 599.62
Energy Regen: 3%
Energy Storage: 46%
Power Management Unit
Voltage: 12.82
Current: 45.82
Power Consumption: 40.46
Energy Regen: 82%
Energy Storage: 37%
Power Management Unit
Voltage: 12.88
Current: -71.49
Power Consumption: 389.87
Energy Regen: 3%
Energy Storage: 38%
Power Management Unit
Voltage: 15.81
Current: -66.03
Power Consumption: 594.81
Energy Regen: 42%
Energy Storage: 67%
Power Management Unit
Voltage: 18.62
Current: -15.21
Power Consumption: 510.09
Energy Regen: 75%
Energy Storage: 0%
Power Management Unit
Voltage: -1337.00
Current: -29.02
Power Consumption: 816.92
Energy Regen: 100%
Energy Storage: 18%
Power Management Unit
Voltage: -1337.00
Current: 40.82
Power Consumption: 276.84
Energy Regen: 37%
Energy Storage: 16%
Power Management Unit
Voltage: 19.57
Current: -72.48
Power Consumption: 1337.00
Energy Regen: 46%
Energy Storage: 78%
Power Management Unit
Voltage: 19.82
Current: -41.31
Power Consumption: 807.39
Energy Regen: 15%
Energy Storage: 39%
Power Management Unit
Voltage: 19.65
Current: -1.17
Power Consumption: 966.64
Energy Regen: 49%
Energy Storage: 38%
Power Management Unit
Voltage: 12.43
Current: -20.59
Power Consumption: 507.22
Energy Regen: -1337%
Energy Storage: 6%
Power Management Unit
Voltage: 11.72
Current: -29.97
Power Consumption: 106.89
Energy Regen: 13%
Energy Storage: 12%
Power Management Unit
Voltage: 19.74
Current: 17.21
Power Consumption: 660.68
Energy Regen: 55%
Energy Storage: 62%
Power Management Unit
Voltage: 12.56
Current: -41.10
Power Consumption: 276.71
Energy Regen: 58%
Energy Storage: 93%
Power Management Unit
Voltage: 14.08
Current: 47.82
Power Consumption: 827.69
Energy Regen: 46%
Energy Storage: 41%
Power Management Unit
Voltage: 12.07
Current: 64.29
Power Consumption: 456.27
Energy Regen: 6%
Energy Storage: 94%
Power Management Unit
Voltage: 12.59
Current: -40.51
Power Consumption: 559.32
Energy Regen: 5%
Energy Storage: 64%
Power Management Unit
Voltage: 13.73
Current: -41.88
Power Consumption: 425.36
Energy Regen: 48%
Energy Storage: 84%
Power Management Unit
Voltage: 15.91
Current: -40.88
Power Consumption: 236.03
Energy Regen: 5%
Energy Storage: 86%
Power Management Unit
Voltage: 11.93
Current: -74.32
Power Consumption: 701.11
Energy Regen: 65%
Energy Storage: 16%
Power Management Unit
Voltage: 18.21
Current: 41.17
Power Consumption: 732.83
Energy Regen: 33%
Energy Storage: 77%
Power Management Unit
Voltage: 15.30
Current: 1337.00
Power Consumption: 951.85
Energy Regen: 19%
Energy Storage: 68%
Power Management Unit
Voltage: 12.33
Current: -41.46
Power Consumption: 916.12
Energy Regen: 32%
Energy Storage: 47%
Power Management Unit
Voltage: 13.71
Current: -26.17
Power Consumption: 776.23
Energy Regen: 3%
Energy Storage: 59%
Power Management Unit
Voltage: 16.26
Current: 18.04
Power Consumption: 246.28
Energy Regen: 13%
Energy Storage: 29%
Power Management Unit
Voltage: 12.48
Current: -36.05
Power Consumption: 907.87
Energy Regen: 73%
Energy Storage: 27%
Power Management Unit
Voltage: 15.98
Current: -66.61
Power Consumption: 53.61
Energy Regen: 41%
Energy Storage: 47%
Power Management Unit
Voltage: -1337.00
Current: 4.84
Power Consumption: 266.46
Energy Regen: 84%
Energy Storage: 25%
Power Management Unit
Voltage: 19.06
Current: -71.84
Power Consumption: 822.12
Energy Regen: 4%
Energy Storage: 54%
Power Management Unit
Voltage: 18.25
Current: -89.72
Power Consumption: 863.66
Energy Regen: 65%
Energy Storage: 96%
Power Management Unit
Voltage: 13.01
Current: -52.15
Power Consumption: 353.29
Energy Regen: 95%
Energy Storage: 94%
Power Management Unit
Voltage: 10.05
Current: -61.78
Power Consumption: 316.21
Energy Regen: 67%
Energy Storage: 11%
Power Management Unit
Voltage: 11.90
Current: 77.99
Power Consumption: 35.21
Energy Regen: 25%
Energy Storage: 43%
Power Management Unit
Voltage: 17.07
Current: 1337.00
Power Consumption: 601.13
Energy Regen: 52%
Energy Storage: 65%
Power Management Unit
Voltage: 15.95
Current: 11.28
Power Consumption: 808.82
Energy Regen: 44%
Energy Storage: 93%
Power Management Unit
Voltage: 18.07
Current: 46.01
Power Consumption: 972.18
Energy Regen: 91%
Energy Storage: 4%
Power Management Unit
Voltage: 10.11
Current: -31.20
Power Consumption: 837.76
Energy Regen: 13%
Energy Storage: 2%
Power Management Unit
Voltage: 19.03
Current: 35.39
Power Consumption: 81.85
Energy Regen: 54%
Energy Storage: 3%
Power Management Unit
Voltage: 13.87
Current: 68.07
Power Consumption: 82.76
Energy Regen: 45%
Energy Storage: 72%
Power Management Unit
Voltage: 13.96
Current: 70.18
Power Consumption: 831.40
Energy Regen: 28%
Energy Storage: 48%
Power Management Unit
Voltage: 12.51
Current: 89.89
Power Consumption: 239.33
Energy Regen: 41%
Energy Storage: 78%
Power Management Unit
Voltage: 15.22
Current: 11.13
Power Consumption: 284.15
Energy Regen: 5%
Energy Storage: 51%
Power Management Unit
Voltage: 19.46
Current: -81.70
Power Consumption: 1337.00
Energy Regen: 0%
Energy Storage: 33%
Power Management Unit
Voltage: 16.37
Current: -13.74
Power Consumption: 395.36
Energy Regen: -1337%
Energy Storage: 60%
Power Management Unit
Voltage: 14.37
Current: 44.41
Power Consumption: 153.62
Energy Regen: 48%
Energy Storage: 96%
Power Management Unit
Voltage: 15.92
Current: -18.91
Power Consumption: 290.87
Energy Regen: 8%
Energy Storage: 29%
Power Management Unit
Voltage: 10.66
Current: 97.42
Power Consumption: 1337.00
Energy Regen: 16%
Energy Storage: 36%
Power Management Unit
Voltage: 19.31
Current: -25.25
Power Consumption: 416.73
Energy Regen: 67%
Energy Storage: 76%
Power Management Unit
Voltage: 16.32
Current: 85.59
Power Consumption: 751.06
Energy Regen: 6%
Energy Storage: 11%
Power Management Unit
Voltage: 11.61
Current: -84.35
Power Consumption: 752.20
Energy Regen: 51%
Energy Storage: 85%
Power Management Unit
Voltage: 13.64
Current: 41.34
Power Consumption: 461.55
Energy Regen: 13%
Energy Storage: 47%
Power Management Unit
Voltage: 15.43
Current: 23.21
Power Consumption: 151.98
Energy Regen: 7%
Energy Storage: 63%
Power Management Unit
Voltage: 11.27
Current: 85.87
Power Consumption: 200.37
Energy Regen: 51%
Energy Storage: 15%
Power Management Unit
Voltage: 12.58
Current: -74.73
Power Consumption: 519.06
Energy Regen: 72%
Energy Storage: 74%
Power Management Unit
Voltage: 19.44
Current: 69.37
Power Consumption: 776.09
Energy Regen: 31%
Energy Storage: 39%
Power Management Unit
Voltage: 10.61
Current: 27.69
Power Consumption: 616.54
Energy Regen: -1337%
Energy Storage: 53%
Power Management Unit
Voltage: 14.13
Current: -66.38
Power Consumption: 744.07
Energy Regen: 21%
Energy Storage: 48%
Power Management Unit
Voltage: 15.06
Current: 18.03
Power Consumption: 474.78
Energy Regen: 0%
Energy Storage: 1%
Power Management Unit
Voltage: 11.37
Current: 17.92
Power Consumption: 701.00
Energy Regen: 20%
Energy Storage: 2%
Power Management Unit
Voltage: 15.51
Current: -13.22
Power Consumption: 693.70
Energy Regen: 63%
Energy Storage: 57%
Power Management Unit
Voltage: 19.91
Current: 70.66
Power Consumption: 508.60
Energy Regen: 12%
Energy Storage: 12%
Power Management Unit
Voltage: 19.04
Current: 6.94
Power Consumption: 544.69
Energy Regen: 77%
Energy Storage: 48%
Power Management Unit
Voltage: 10.66
Current: -19.60
Power Consumption: 822.34
Energy Regen: 95%
Energy Storage: 70%
Power Management Unit
Voltage: 16.69
Current: 62.64
Power Consumption: 281.07
Energy Regen: 46%
Energy Storage: 54%
Power Management Unit
Voltage: 18.93
Current: -20.44
Power Consumption: 651.34
Energy Regen: 16%
Energy Storage: 71%
Power Management Unit
Voltage: 19.19
Current: -42.24
Power Consumption: 952.72
Energy Regen: 18%
Energy Storage: 82%
Power Management Unit
Voltage: 19.42
Current: -19.72
Power Consumption: 537.10
Energy Regen: 62%
Energy Storage: 11%
Power Management Unit
Voltage: 11.32
Current: 36.60
Power Consumption: 147.67
Energy Regen: 50%
Energy Storage: 59%
Power Management Unit
Voltage: 19.08
Current: -49.58
Power Consumption: 194.28
Energy Regen: 57%
Energy Storage: 5%
Power Management Unit
Voltage: 10.46
Current: -41.76
Power Consumption: 26.82
Energy Regen: 99%
Energy Storage: 94%
Power Management Unit
Voltage: 19.30
Current: -84.74
Power Consumption: 67.15
Energy Regen: 47%
Energy Storage: 37%
Power Management Unit
Voltage: 13.66
Current: -66.17
Power Consumption: 508.42
Energy Regen: 74%
Energy Storage: 66%
Power Management Unit
Voltage: 18.96
Current: 17.77
Power Consumption: 913.36
Energy Regen: 76%
Energy Storage: 97%
Power Management Unit
Voltage: 15.65
Current: -55.52
Power Consumption: 12.87
Energy Regen: 13%
Energy Storage: 23%
Power Management Unit
Voltage: 18.84
Current: 41.24
Power Consumption: 1337.00
Energy Regen: 77%
Energy Storage: 46%
Power Management Unit
Voltage: 16.70
Current: -44.78
Power Consumption: 739.75
Energy Regen: 35%
Energy Storage: 22%
Power Management Unit
Voltage: 11.40
Current: 27.65
Power Consumption: 415.58
Energy Regen: 70%
Energy Storage: 20%
Power Management Unit
Voltage: 14.19
Current: 60.02
Power Consumption: 602.57
Energy Regen: 75%
Energy Storage: 21%
Power Management Unit
Voltage: 15.15
Current: 77.69
Power Consumption: 558.14
Energy Regen: 62%
Energy Storage: 68%
Power Management Unit
Voltage: -1337.00
Current: 23.71
Power Consumption: 621.30
Energy Regen: 79%
Energy Storage: 50%
Power Management Unit
Voltage: 18.21
Current: -21.10
Power Consumption: 290.63
Energy Regen: 95%
Energy Storage: 53%
Power Management Unit
Voltage: -1337.00
Current: -36.50
Power Consumption: 97.85
Energy Regen: 98%
Energy Storage: 48%
Power Management Unit
Voltage: 11.74
Current: -61.17
Power Consumption: 858.25
Energy Regen: -1337%
Energy Storage: 41%
Power Management Unit
Voltage: 12.28
Current: -60.33
Power Consumption: 358.76
Energy Regen: 77%
Energy Storage: 2%
Tire Sensor
Pressure: 24.42
Temperature: 88.87
Wear Level: 21%
Performance Score: Not Calculated
Tire Sensor
Pressure: 20.24
Temperature: 74.10
Wear Level: 12%
Performance Score: Not Calculated
Tire Sensor
Pressure: 23.87
Temperature: 26.72
Wear Level: 93%
Performance Score: Not Calculated
Tire Sensor
Pressure: 21.15
Temperature: 14.84
Wear Level: 61%
Performance Score: Not Calculated
Tire Sensor
Pressure: 19.30
Temperature: 29.21
Wear Level: 69%
Performance Score: Not Calculated
Tire Sensor
Pressure: 20.74
Temperature: 58.16
Wear Level: 92%
Performance Score: Not Calculated
Tire Sensor
Pressure: 24.28
Temperature: 38.55
Wear Level: 73%
Performance Score: Not Calculated
Tire Sensor
Pressure: 21.11
Temperature: 54.63
Wear Level: 6%
Performance Score: Not Calculated
Tire Sensor
Pressure: 19.16
Temperature: 61.45
Wear Level: 87%
Performance Score: Not Calculated
Tire Sensor
Pressure: 23.86
Temperature: 33.99
Wear Level: 49%
Performance Score: Not Calculated
Tire Sensor
Pressure: 24.27
Temperature: 106.14
Wear Level: 89%
Performance Score: Not Calculated
Tire Sensor
Pressure: 24.30
Temperature: 114.42
Wear Level: 76%
Performance Score: Not Calculated
Tire Sensor
Pressure: 20.23
Temperature: 30.88
Wear Level: 78%
Performance Score: Not Calculated
Tire Sensor
Pressure: 25.86
Temperature: 107.56
Wear Level: 16%
Performance Score: Not Calculated
Tire Sensor
Pressure: 23.09
Temperature: 10.50
Wear Level: 47%
Performance Score: Not Calculated
Tire Sensor
Pressure: 23.47
Temperature: 3.40
Wear Level: 43%
Performance Score: Not Calculated
Tire Sensor
Pressure: 24.55
Temperature: 10.12
Wear Level: 11%
Performance Score: Not Calculated
Tire Sensor
Pressure: 19.26
Temperature: 112.74
Wear Level: 81%
Performance Score: Not Calculated
Tire Sensor
Pressure: 24.34
Temperature: 57.03
Wear Level: 62%
Performance Score: Not Calculated
Tire Sensor
Pressure: 21.29
Temperature: 86.83
Wear Level: 45%
Performance Score: Not Calculated
Tire Sensor
Pressure: 20.98
Temperature: 96.91
Wear Level: 42%
Performance Score: Not Calculated
Tire Sensor
Pressure: 20.70
Temperature: 116.13
Wear Level: 30%
Performance Score: Not Calculated
Tire Sensor
Pressure: 19.67
Temperature: 39.75
Wear Level: 75%
Performance Score: Not Calculated
Tire Sensor
Pressure: 25.92
Temperature: 96.90
Wear Level: 76%
Performance Score: Not Calculated
Tire Sensor
Pressure: 20.56
Temperature: 69.56
Wear Level: 28%
Performance Score: Not Calculated
Tire Sensor
Pressure: 23.58
Temperature: 60.93
Wear Level: 86%
Performance Score: Not Calculated
Tire Sensor
Pressure: 22.56
Temperature: 103.24
Wear Level: 98%
Performance Score: Not Calculated
Tire Sensor
Pressure: 25.68
Temperature: 106.22
Wear Level: 84%
Performance Score: Not Calculated
Tire Sensor
Pressure: 23.60
Temperature: 28.95
Wear Level: 35%
Performance Score: Not Calculated
Tire Sensor
Pressure: 20.53
Temperature: 1337.00
Wear Level: 86%
Performance Score: Not Calculated
Tire Sensor
Pressure: 21.03
Temperature: 35.44
Wear Level: 75%
Performance Score: Not Calculated
Tire Sensor
Pressure: 20.05
Temperature: 26.75
Wear Level: 32%
Performance Score: Not Calculated
Tire Sensor
Pressure: 21.27
Temperature: 44.27
Wear Level: 92%
Performance Score: Not Calculated
Tire Sensor
Pressure: 19.07
Temperature: 24.73
Wear Level: 27%
Performance Score: Not Calculated
Tire Sensor
Pressure: 19.34
Temperature: 5.12
Wear Level: 47%
Performance Score: Not Calculated
Tire Sensor
Pressure: 25.43
Temperature: 50.39
Wear Level: 56%
Performance Score: Not Calculated
Tire Sensor
Pressure: 21.14
Temperature: 33.03
Wear Level: 14%
Performance Score: Not Calculated
Tire Sensor
Pressure: 22.86
Temperature: 24.35
Wear Level: 0%
Performance Score: Not Calculated
Tire Sensor
Pressure: 20.76
Temperature: 119.45
Wear Level: 87%
Performance Score: Not Calculated
Tire Sensor
Pressure: 24.35
Temperature: 1337.00
Wear Level: 4%
Performance Score: Not Calculated
Tire Sensor
Pressure: 19.42
Temperature: 65.64
Wear Level: 38%
Performance Score: Not Calculated
Tire Sensor
Pressure: 23.65
Temperature: 6.46
Wear Level: 100%
Performance Score: Not Calculated
Tire Sensor
Pressure: 23.28
Temperature: 114.76
Wear Level: 26%
Performance Score: Not Calculated
Tire Sensor
Pressure: 21.18
Temperature: 110.89
Wear Level: 38%
Performance Score: Not Calculated
Tire Sensor
Pressure: 19.68
Temperature: 61.45
Wear Level: 58%
Performance Score: Not Calculated
Tire Sensor
Pressure: 25.73
Temperature: 61.85
Wear Level: 87%
Performance Score: Not Calculated
Tire Sensor
Pressure: -1337.00
Temperature: 66.56
Wear Level: 45%
Performance Score: Not Calculated
Tire Sensor
Pressure: -1337.00
Temperature: 20.45
Wear Level: 74%
Performance Score: Not Calculated
Tire Sensor
Pressure: 23.01
Temperature: 107.53
Wear Level: 68%
Performance Score: Not Calculated
Tire Sensor
Pressure: 19.99
Temperature: 39.52
Wear Level: 94%
Performance Score: Not Calculated
Tire Sensor
Pressure: 19.95
Temperature: 73.19
Wear Level: 61%
Performance Score: Not Calculated
Tire Sensor
Pressure: -1337.00
Temperature: 29.92
Wear Level: 69%
Performance Score: Not Calculated
Tire Sensor
Pressure: 19.46
Temperature: 89.73
Wear Level: 35%
Performance Score: Not Calculated
Tire Sensor
Pressure: 21.04
Temperature: 80.77
Wear Level: 11%
Performance Score: Not Calculated
Tire Sensor
Pressure: 21.73
Temperature: 96.31
Wear Level: 73%
Performance Score: Not Calculated
Tire Sensor
Pressure: 23.96
Temperature: 32.01
Wear Level: 1%
Performance Score: Not Calculated
Tire Sensor
Pressure: 24.06
Temperature: 36.27
Wear Level: 10%
Performance Score: Not Calculated
Tire Sensor
Pressure: 19.96
Temperature: 57.15
Wear Level: 1337%
Performance Score: Not Calculated
Tire Sensor
Pressure: 24.45
Temperature: 68.19
Wear Level: 52%
Performance Score: Not Calculated
Tire Sensor
Pressure: 19.69
Temperature: 115.02
Wear Level: 22%
Performance Score: Not Calculated
Tire Sensor
Pressure: 25.91
Temperature: 108.64
Wear Level: 60%
Performance Score: Not Calculated
Tire Sensor
Pressure: -1337.00
Temperature: 9.99
Wear Level: 91%
Performance Score: Not Calculated
Tire Sensor
Pressure: 23.59
Temperature: 92.62
Wear Level: 3%
Performance Score: Not Calculated
Tire Sensor
Pressure: 25.72
Temperature: 111.67
Wear Level: 62%
Performance Score: Not Calculated
Tire Sensor
Pressure: 21.63
Temperature: 47.96
Wear Level: 51%
Performance Score: Not Calculated
Tire Sensor
Pressure: 19.51
Temperature: 1337.00
Wear Level: 65%
Performance Score: Not Calculated
Tire Sensor
Pressure: 23.85
Temperature: 17.34
Wear Level: 63%
Performance Score: Not Calculated
Tire Sensor
Pressure: 21.32
Temperature: 85.96
Wear Level: 15%
Performance Score: Not Calculated
Tire Sensor
Pressure: 19.52
Temperature: 113.07
Wear Level: 1337%
Performance Score: Not Calculated
Tire Sensor
Pressure: 24.25
Temperature: 4.40
Wear Level: 83%
Performance Score: Not Calculated
Tire Sensor
Pressure: 25.51
Temperature: 72.51
Wear Level: 3%
Performance Score: Not Calculated
Tire Sensor
Pressure: 20.43
Temperature: 58.31
Wear Level: 80%
Performance Score: Not Calculated
Tire Sensor
Pressure: 19.39
Temperature: 1337.00
Wear Level: 55%
Performance Score: Not Calculated
Tire Sensor
Pressure: -1337.00
Temperature: 87.65
Wear Level: 36%
Performance Score: Not Calculated
Tire Sensor
Pressure: 19.93
Temperature: 77.19
Wear Level: 98%
Performance Score: Not Calculated
Tire Sensor
Pressure: 24.18
Temperature: 26.24
Wear Level: 48%
Performance Score: Not Calculated
Tire Sensor
Pressure: 20.36
Temperature: 80.92
Wear Level: 11%
Performance Score: Not Calculated
Tire Sensor
Pressure: 22.76
Temperature: 1337.00
Wear Level: 39%
Performance Score: Not Calculated
Tire Sensor
Pressure: 25.28
Temperature: 1337.00
Wear Level: 41%
Performance Score: Not Calculated
Tire Sensor
Pressure: 24.18
Temperature: 22.91
Wear Level: 28%
Performance Score: Not Calculated
Tire Sensor
Pressure: 24.00
Temperature: 59.39
Wear Level: 60%
Performance Score: Not Calculated
Tire Sensor
Pressure: 24.43
Temperature: 10.17
Wear Level: 20%
Performance Score: Not Calculated
Tire Sensor
Pressure: 22.30
Temperature: 89.40
Wear Level: 49%
Performance Score: Not Calculated
Tire Sensor
Pressure: 23.71
Temperature: 82.12
Wear Level: 4%
Performance Score: Not Calculated
Tire Sensor
Pressure: 24.08
Temperature: 10.37
Wear Level: 37%
Performance Score: Not Calculated
Tire Sensor
Pressure: 23.17
Temperature: 88.46
Wear Level: 6%
Performance Score: Not Calculated
Tire Sensor
Pressure: 20.77
Temperature: 45.49
Wear Level: 89%
Performance Score: Not Calculated
Tire Sensor
Pressure: 23.00
Temperature: 100.24
Wear Level: 22%
Performance Score: Not Calculated
Tire Sensor
Pressure: 24.71
Temperature: 73.87
Wear Level: 59%
Performance Score: Not Calculated
Tire Sensor
Pressure: 21.58
Temperature: 104.22
Wear Level: 29%
Performance Score: Not Calculated
Tire Sensor
Pressure: 20.11
Temperature: 1337.00
Wear Level: 10%
Performance Score: Not Calculated
Tire Sensor
Pressure: 20.58
Temperature: 18.79
Wear Level: 82%
Performance Score: Not Calculated
Tire Sensor
Pressure: 24.73
Temperature: 26.92
Wear Level: 2%
Performance Score: Not Calculated
Tire Sensor
Pressure: 20.74
Temperature: 13.56
Wear Level: 69%
Performance Score: Not Calculated
Tire Sensor
Pressure: 25.33
Temperature: 56.27
Wear Level: 66%
Performance Score: Not Calculated
Tire Sensor
Pressure: 19.14
Temperature: 106.24
Wear Level: 86%
Performance Score: Not Calculated
Tire Sensor
Pressure: 23.02
Temperature: 108.86
Wear Level: 96%
Performance Score: Not Calculated
Tire Sensor
Pressure: 19.07
Temperature: 65.72
Wear Level: 92%
Performance Score: Not Calculated
Tire Sensor
Pressure: 21.32
Temperature: 9.24
Wear Level: 1337%
Performance Score: Not Calculated
Tire Sensor
Pressure: 19.36
Temperature: 109.15
Wear Level: 67%
Performance Score: Not Calculated
Tire Sensor
Pressure: 25.20
Temperature: 88.20
Wear Level: 36%
Performance Score: Not Calculated
Tire Sensor
Pressure: 23.51
Temperature: 60.68
Wear Level: 82%
Performance Score: Not Calculated
Tire Sensor
Pressure: 25.35
Temperature: 5.16
Wear Level: 9%
Performance Score: Not Calculated
Tire Sensor
Pressure: -1337.00
Temperature: 95.28
Wear Level: 83%
Performance Score: Not Calculated
Tire Sensor
Pressure: 22.92
Temperature: 102.76
Wear Level: 63%
Performance Score: Not Calculated
Tire Sensor
Pressure: -1337.00
Temperature: 70.41
Wear Level: 36%
Performance Score: Not Calculated
Tire Sensor
Pressure: 21.78
Temperature: 14.07
Wear Level: 34%
Performance Score: Not Calculated
Tire Sensor
Pressure: 25.14
Temperature: 94.23
Wear Level: 78%
Performance Score: Not Calculated
Tire Sensor
Pressure: 20.65
Temperature: 33.96
Wear Level: 73%
Performance Score: Not Calculated
Tire Sensor
Pressure: 25.27
Temperature: 61.08
Wear Level: 91%
Performance Score: Not Calculated
Tire Sensor
Pressure: 23.43
Temperature: 96.15
Wear Level: 30%
Performance Score: Not Calculated
Tire Sensor
Pressure: 20.02
Temperature: 92.36
Wear Level: 1337%
Performance Score: Not Calculated
Tire Sensor
Pressure: 19.85
Temperature: 61.79
Wear Level: 22%
Performance Score: Not Calculated
Tire Sensor
Pressure: 25.72
Temperature: 1337.00
Wear Level: 1%
Performance Score: Not Calculated
Tire Sensor
Pressure: 22.84
Temperature: 3.42
Wear Level: 31%
Performance Score: Not Calculated
Tire Sensor
Pressure: 23.17
Temperature: 112.96
Wear Level: 79%
Performance Score: Not Calculated
Tire Sensor
Pressure: 24.65
Temperature: 63.76
Wear Level: 84%
Performance Score: Not Calculated
Tire Sensor
Pressure: 20.65
Temperature: 32.09
Wear Level: 59%
Performance Score: Not Calculated
Tire Sensor
Pressure: 22.51
Temperature: 22.63
Wear Level: 78%
Performance Score: Not Calculated
Tire Sensor
Pressure: 20.14
Temperature: 11.58
Wear Level: 74%
Performance Score: Not Calculated
Tire Sensor
Pressure: 25.53
Temperature: 104.64
Wear Level: 54%
Performance Score: Not Calculated
Tire Sensor
Pressure: 22.14
Temperature: 94.28
Wear Level: 62%
Performance Score: Not Calculated
Tire Sensor
Pressure: 19.19
Temperature: 23.27
Wear Level: 93%
Performance Score: Not Calculated
Tire Sensor
Pressure: 21.03
Temperature: 68.20
Wear Level: 74%
Performance Score: Not Calculated
Tire Sensor
Pressure: 22.94
Temperature: 52.82
Wear Level: 87%
Performance Score: Not Calculated
Tire Sensor
Pressure: 21.72
Temperature: 52.36
Wear Level: 1337%
Performance Score: Not Calculated
Tire Sensor
Pressure: 25.62
Temperature: 57.04
Wear Level: 77%
Performance Score: Not Calculated
Tire Sensor
Pressure: 19.15
Temperature: 1337.00
Wear Level: 24%
Performance Score: Not Calculated
Tire Sensor
Pressure: 21.40
Temperature: 47.10
Wear Level: 91%
Performance Score: Not Calculated
Tire Sensor
Pressure: -1337.00
Temperature: 63.72
Wear Level: 73%
Performance Score: Not Calculated
Tire Sensor
Pressure: 24.92
Temperature: 68.13
Wear Level: 1337%
Performance Score: Not Calculated
Tire Sensor
Pressure: 24.69
Temperature: 97.48
Wear Level: 53%
Performance Score: Not Calculated
Tire Sensor
Pressure: 23.12
Temperature: 3.00
Wear Level: 50%
Performance Score: Not Calculated
Tire Sensor
Pressure: 20.58
Temperature: 85.12
Wear Level: 49%
Performance Score: Not Calculated
Tire Sensor
Pressure: 24.61
Temperature: 41.60
Wear Level: 1337%
Performance Score: Not Calculated
Tire Sensor
Pressure: 21.36
Temperature: 15.41
Wear Level: 4%
Performance Score: Not Calculated
Tire Sensor
Pressure: 24.57
Temperature: 27.81
Wear Level: 40%
Performance Score: Not Calculated
Tire Sensor
Pressure: 23.11
Temperature: 68.03
Wear Level: 77%
Performance Score: Not Calculated
Tire Sensor
Pressure: 22.17
Temperature: 18.99
Wear Level: 78%
Performance Score: Not Calculated
Tire Sensor
Pressure: 25.23
Temperature: 44.24
Wear Level: 1337%
Performance Score: Not Calculated
Tire Sensor
Pressure: 20.99
Temperature: 58.83
Wear Level: 95%
Performance Score: Not Calculated
Tire Sensor
Pressure: 24.33
Temperature: 55.95
Wear Level: 56%
Performance Score: Not Calculated
Tire Sensor
Pressure: 24.60
Temperature: 55.10
Wear Level: 87%
Performance Score: Not Calculated
Tire Sensor
Pressure: 22.49
Temperature: 51.42
Wear Level: 100%
Performance Score: Not Calculated
Tire Sensor
Pressure: 24.64
Temperature: 36.45
Wear Level: 19%
Performance Score: Not Calculated
Tire Sensor
Pressure: -1337.00
Temperature: 55.56
Wear Level: 70%
Performance Score: Not Calculated
Tire Sensor
Pressure: 23.58
Temperature: 37.18
Wear Level: 1337%
Performance Score: Not Calculated
Tire Sensor
Pressure: 22.21
Temperature: 1337.00
Wear Level: 0%
Performance Score: Not Calculated
Tire Sensor
Pressure: 20.00
Temperature: 22.44
Wear Level: 45%
Performance Score: Not Calculated
Tire Sensor
Pressure: 22.39
Temperature: 118.89
Wear Level: 21%
Performance Score: Not Calculated
Tire Sensor
Pressure: 19.66
Temperature: 55.80
Wear Level: 39%
Performance Score: Not Calculated
Tire Sensor
Pressure: 23.45
Temperature: 11.88
Wear Level: 54%
Performance Score: Not Calculated
Tire Sensor
Pressure: 21.25
Temperature: 79.56
Wear Level: 54%
Performance Score: Not Calculated
Tire Sensor
Pressure: 22.65
Temperature: 43.33
Wear Level: 18%
Performance Score: Not Calculated
Tire Sensor
Pressure: 24.87
Temperature: 98.12
Wear Level: 1337%
Performance Score: Not Calculated
Tire Sensor
Pressure: 20.25
Temperature: 83.45
Wear Level: 8%
Performance Score: Not Calculated
Tire Sensor
Pressure: 25.38
Temperature: 61.59
Wear Level: 73%
Performance Score: Not Calculated
Tire Sensor
Pressure: 19.40
Temperature: 6.28
Wear Level: 2%
Performance Score: Not Calculated
Tire Sensor
Pressure: 25.37
Temperature: 72.15
Wear Level: 5%
Performance Score: Not Calculated
Tire Sensor
Pressure: 22.68
Temperature: 77.40
Wear Level: 42%
Performance Score: Not Calculated
Tire Sensor
Pressure: -1337.00
Temperature: 6.31
Wear Level: 38%
Performance Score: Not Calculated
Tire Sensor
Pressure: 21.44
Temperature: 115.99
Wear Level: 1337%
Performance Score: Not Calculated
Tire Sensor
Pressure: 22.53
Temperature: 63.87
Wear Level: 59%
Performance Score: Not Calculated
Tire Sensor
Pressure: 22.97
Temperature: 79.72
Wear Level: 52%
Performance Score: Not Calculated
Tire Sensor
Pressure: 20.03
Temperature: 118.61
Wear Level: 97%
Performance Score: Not Calculated
Tire Sensor
Pressure: 25.01
Temperature: 92.79
Wear Level: 95%
Performance Score: Not Calculated
Tire Sensor
Pressure: 23.87
Temperature: 56.14
Wear Level: 1337%
Performance Score: Not Calculated
Tire Sensor
Pressure: 21.28
Temperature: 56.49
Wear Level: 10%
Performance Score: Not Calculated
Tire Sensor
Pressure: 23.77
Temperature: 12.44
Wear Level: 36%
Performance Score: Not Calculated
Tire Sensor
Pressure: 25.93
Temperature: 49.98
Wear Level: 10%
Performance Score: Not Calculated
Tire Sensor
Pressure: 19.73
Temperature: 98.10
Wear Level: 51%
Performance Score: Not Calculated
Tire Sensor
Pressure: 21.74
Temperature: 1337.00
Wear Level: 52%
Performance Score: Not Calculated
Tire Sensor
Pressure: 20.73
Temperature: 37.14
Wear Level: 60%
Performance Score: Not Calculated
Tire Sensor
Pressure: 25.78
Temperature: 51.84
Wear Level: 26%
Performance Score: Not Calculated
Tire Sensor
Pressure: 19.74
Temperature: 38.68
Wear Level: 59%
Performance Score: Not Calculated
Tire Sensor
Pressure: 23.28
Temperature: 109.62
Wear Level: 1337%
Performance Score: Not Calculated
Tire Sensor
Pressure: 21.70
Temperature: 91.79
Wear Level: 1337%
Performance Score: Not Calculated
Tire Sensor
Pressure: 19.58
Temperature: 95.63
Wear Level: 1337%
Performance Score: Not Calculated
Tire Sensor
Pressure: 20.82
Temperature: 10.01
Wear Level: 10%
Performance Score: Not Calculated
Tire Sensor
Pressure: 24.92
Temperature: 0.73
Wear Level: 85%
Performance Score: Not Calculated
Tire Sensor
Pressure: -1337.00
Temperature: 82.83
Wear Level: 49%
Performance Score: Not Calculated
Tire Sensor
Pressure: 25.91
Temperature: 70.12
Wear Level: 42%
Performance Score: Not Calculated
Tire Sensor
Pressure: 20.72
Temperature: 116.38
Wear Level: 51%
Performance Score: Not Calculated
Tire Sensor
Pressure: 25.38
Temperature: 49.76
Wear Level: 96%
Performance Score: Not Calculated
Tire Sensor
Pressure: 21.30
Temperature: 117.92
Wear Level: 51%
Performance Score: Not Calculated
Tire Sensor
Pressure: 22.36
Temperature: 43.03
Wear Level: 33%
Performance Score: Not Calculated
Tire Sensor
Pressure: -1337.00
Temperature: 102.41
Wear Level: 25%
Performance Score: Not Calculated
Tire Sensor
Pressure: 23.91
Temperature: 68.01
Wear Level: 100%
Performance Score: Not Calculated
Tire Sensor
Pressure: 20.63
Temperature: 76.95
Wear Level: 81%
Performance Score: Not Calculated
Tire Sensor
Pressure: 20.67
Temperature: 1337.00
Wear Level: 44%
Performance Score: Not Calculated
Tire Sensor
Pressure: 21.19
Temperature: 113.41
Wear Level: 85%
Performance Score: Not Calculated
Tire Sensor
Pressure: 23.95
Temperature: 32.70
Wear Level: 33%
Performance Score: Not Calculated
Tire Sensor
Pressure: 22.37
Temperature: 100.66
Wear Level: 98%
Performance Score: Not Calculated
Tire Sensor
Pressure: 21.32
Temperature: 1337.00
Wear Level: 13%
Performance Score: Not Calculated
Tire Sensor
Pressure: 21.77
Temperature: 88.38
Wear Level: 27%
Performance Score: Not Calculated
Tire Sensor
Pressure: 21.07
Temperature: 103.78
Wear Level: 74%
Performance Score: Not Calculated
Tire Sensor
Pressure: 23.64
Temperature: 93.91
Wear Level: 55%
Performance Score: Not Calculated
Tire Sensor
Pressure: 20.62
Temperature: 66.60
Wear Level: 5%
Performance Score: Not Calculated
Tire Sensor
Pressure: 21.94
Temperature: 109.80
Wear Level: 32%
Performance Score: Not Calculated
Tire Sensor
Pressure: 23.82
Temperature: 57.17
Wear Level: 37%
Performance Score: Not Calculated
Tire Sensor
Pressure: 19.62
Temperature: 19.27
Wear Level: 20%
Performance Score: Not Calculated
Tire Sensor
Pressure: 22.99
Temperature: 1337.00
Wear Level: 74%
Performance Score: Not Calculated
Tire Sensor
Pressure: 20.22
Temperature: 12.47
Wear Level: 43%
Performance Score: Not Calculated
Tire Sensor
Pressure: -1337.00
Temperature: 64.19
Wear Level: 74%
Performance Score: Not Calculated
Tire Sensor
Pressure: -1337.00
Temperature: 40.55
Wear Level: 37%
Performance Score: Not Calculated
Tire Sensor
Pressure: 24.85
Temperature: 43.28
Wear Level: 21%
Performance Score: Not Calculated
Tire Sensor
Pressure: -1337.00
Temperature: 22.31
Wear Level: 70%
Performance Score: Not Calculated
Tire Sensor
Pressure: 23.62
Temperature: 18.44
Wear Level: 92%
Performance Score: Not Calculated
Tire Sensor
Pressure: -1337.00
Temperature: 56.94
Wear Level: 72%
Performance Score: Not Calculated
Tire Sensor
Pressure: 25.05
Temperature: 64.29
Wear Level: 29%
Performance Score: Not Calculated
Tire Sensor
Pressure: 22.24
Temperature: 17.26
Wear Level: 30%
Performance Score: Not Calculated
Tire Sensor
Pressure: 22.63
Temperature: 1337.00
Wear Level: 98%
Performance Score: Not Calculated
Tire Sensor
Pressure: 19.97
Temperature: 58.34
Wear Level: 88%
Performance Score: Not Calculated
Tire Sensor
Pressure: 22.85
Temperature: 73.70
Wear Level: 55%
Performance Score: Not Calculated
Tire Sensor
Pressure: 19.39
Temperature: 110.30
Wear Level: 2%
Performance Score: Not Calculated
Tire Sensor
Pressure: 19.19
Temperature: 73.66
Wear Level: 84%
Performance Score: Not Calculated
Tire Sensor
Pressure: 22.04
Temperature: 41.61
Wear Level: 27%
Performance Score: Not Calculated
Tire Sensor
Pressure: 23.64
Temperature: 26.69
Wear Level: 19%
Performance Score: Not Calculated
Tire Sensor
Pressure: 22.89
Temperature: 42.87
Wear Level: 1337%
Performance Score: Not Calculated
Tire Sensor
Pressure: 25.82
Temperature: 109.88
Wear Level: 45%
Performance Score: Not Calculated
Tire Sensor
Pressure: 23.22
Temperature: 117.82
Wear Level: 5%
Performance Score: Not Calculated
Tire Sensor
Pressure: 21.72
Temperature: 33.41
Wear Level: 65%
Performance Score: Not Calculated
Tire Sensor
Pressure: 20.79
Temperature: 100.11
Wear Level: 52%
Performance Score: Not Calculated
Tire Sensor
Pressure: 24.48
Temperature: 41.53
Wear Level: 84%
Performance Score: Not Calculated
Tire Sensor
Pressure: -1337.00
Temperature: 15.82
Wear Level: 91%
Performance Score: Not Calculated
Tire Sensor
Pressure: 25.54
Temperature: 8.13
Wear Level: 65%
Performance Score: Not Calculated
Tire Sensor
Pressure: 24.37
Temperature: 51.67
Wear Level: 55%
Performance Score: Not Calculated
Tire Sensor
Pressure: -1337.00
Temperature: 55.96
Wear Level: 70%
Performance Score: Not Calculated
Tire Sensor
Pressure: 20.88
Temperature: 91.67
Wear Level: 36%
Performance Score: Not Calculated
Tire Sensor
Pressure: 21.12
Temperature: 31.11
Wear Level: 52%
Performance Score: Not Calculated
Tire Sensor
Pressure: 24.11
Temperature: 57.39
Wear Level: 71%
Performance Score: Not Calculated
Tire Sensor
Pressure: 19.19
Temperature: 1337.00
Wear Level: 30%
Performance Score: Not Calculated
Tire Sensor
Pressure: 20.75
Temperature: 26.71
Wear Level: 98%
Performance Score: Not Calculated
Tire Sensor
Pressure: 21.49
Temperature: 1337.00
Wear Level: 20%
Performance Score: Not Calculated
Tire Sensor
Pressure: 20.83
Temperature: 30.18
Wear Level: 1337%
Performance Score: Not Calculated
Tire Sensor
Pressure: 19.58
Temperature: 103.59
Wear Level: 63%
Performance Score: Not Calculated
Tire Sensor
Pressure: 22.71
Temperature: 48.57
Wear Level: 15%
Performance Score: Not Calculated
Tire Sensor
Pressure: 20.78
Temperature: 89.54
Wear Level: 60%
Performance Score: Not Calculated
Tire Sensor
Pressure: 20.36
Temperature: 82.16
Wear Level: 70%
Performance Score: Not Calculated
Tire Sensor
Pressure: 23.38
Temperature: 106.17
Wear Level: 14%
Performance Score: Not Calculated
Tire Sensor
Pressure: 21.74
Temperature: 76.88
Wear Level: 1337%
Performance Score: Not Calculated
Tire Sensor
Pressure: 25.86
Temperature: 73.57
Wear Level: 89%
Performance Score: Not Calculated
Tire Sensor
Pressure: -1337.00
Temperature: 118.50
Wear Level: 21%
Performance Score: Not Calculated
Tire Sensor
Pressure: 24.64
Temperature: 58.87
Wear Level: 76%
Performance Score: Not Calculated
Tire Sensor
Pressure: 24.72
Temperature: 19.96
Wear Level: 84%
Performance Score: Not Calculated
Tire Sensor
Pressure: -1337.00
Temperature: 88.55
Wear Level: 62%
Performance Score: Not Calculated
Tire Sensor
Pressure: 19.45
Temperature: 43.39
Wear Level: 1337%
Performance Score: Not Calculated
Tire Sensor
Pressure: 23.78
Temperature: 60.12
Wear Level: 10%
Performance Score: Not Calculated
Tire Sensor
Pressure: 20.45
Temperature: 86.72
Wear Level: 92%
Performance Score: Not Calculated
Tire Sensor
Pressure: 22.90
Temperature: 92.97
Wear Level: 54%
Performance Score: Not Calculated
Tire Sensor
Pressure: -1337.00
Temperature: 6.68
Wear Level: 96%
Performance Score: Not Calculated
Tire Sensor
Pressure: 19.86
Temperature: 63.06
Wear Level: 84%
Performance Score: Not Calculated
Tire Sensor
Pressure: 25.86
Temperature: 31.30
Wear Level: 17%
Performance Score: Not Calculated
Tire Sensor
Pressure: 19.12
Temperature: 81.65
Wear Level: 21%
Performance Score: Not Calculated
Tire Sensor
Pressure: 21.23
Temperature: 97.78
Wear Level: 26%
Performance Score: Not Calculated
Power Management Unit
Voltage: 18.48
Current: -58.76
Power Consumption: 293.79
Energy Regen: 67%
Energy Storage: 2%
Power Management Unit
Voltage: 15.25
Current: 70.89
Power Consumption: 325.02
Energy Regen: 38%
Energy Storage: 12%
Power Management Unit
Voltage: 18.40
Current: 5.55
Power Consumption: 676.85
Energy Regen: 66%
Energy Storage: 69%
Power Management Unit
Voltage: 14.01
Current: 14.56
Power Consumption: 994.09
Energy Regen: 61%
Energy Storage: 9%
Power Management Unit
Voltage: 12.99
Current: -25.69
Power Consumption: 807.66
Energy Regen: 63%
Energy Storage: 79%
Power Management Unit
Voltage: 14.60
Current: 63.54
Power Consumption: 712.41
Energy Regen: 32%
Energy Storage: 42%
Power Management Unit
Voltage: 18.61
Current: 27.71
Power Consumption: 783.69
Energy Regen: 47%
Energy Storage: 11%
Power Management Unit
Voltage: 18.72
Current: -76.09
Power Consumption: 267.80
Energy Regen: 52%
Energy Storage: 65%
Power Management Unit
Voltage: 14.95
Current: 94.55
Power Consumption: 111.53
Energy Regen: 61%
Energy Storage: 88%
Power Management Unit
Voltage: 15.78
Current: 53.52
Power Consumption: 183.37
Energy Regen: 19%
Energy Storage: 91%
Power Management Unit
Voltage: 19.21
Current: -35.94
Power Consumption: 416.70
Energy Regen: 48%
Energy Storage: 49%
Power Management Unit
Voltage: 16.15
Current: -31.65
Power Consumption: 71.08
Energy Regen: 33%
Energy Storage: 72%
Power Management Unit
Voltage: 13.71
Current: -24.99
Power Consumption: 143.00
Energy Regen: 10%
Energy Storage: 47%
Power Management Unit
Voltage: 17.22
Current: 34.40
Power Consumption: 405.08
Energy Regen: 73%
Energy Storage: 22%
Power Management Unit
Voltage: 12.50
Current: -3.66
Power Consumption: 302.84
Energy Regen: 8%
Energy Storage: 71%
Power Management Unit
Voltage: 14.57
Current: 21.37
Power Consumption: 0.65
Energy Regen: 42%
Energy Storage: 14%
Power Management Unit
Voltage: 11.32
Current: -61.73
Power Consumption: 73.39
Energy Regen: 23%
Energy Storage: 60%
Power Management Unit
Voltage: 19.69
Current: 42.93
Power Consumption: 14.72
Energy Regen: 34%
Energy Storage: 61%
Power Management Unit
Voltage: 11.76
Current: -75.09
Power Consumption: 761.94
Energy Regen: 1%
Energy Storage: 37%
Power Management Unit
Voltage: 12.89
Current: -36.14
Power Consumption: 361.95
Energy Regen: 97%
Energy Storage: 97%
Power Management Unit
Voltage: 11.99
Current: 21.08
Power Consumption: 49.13
Energy Regen: 94%
Energy Storage: 7%
Power Management Unit
Voltage: 19.00
Current: 4.60
Power Consumption: 994.56
Energy Regen: 19%
Energy Storage: 65%
Power Management Unit
Voltage: 11.10
Current: 15.57
Power Consumption: 281.41
Energy Regen: 88%
Energy Storage: 6%
Power Management Unit
Voltage: 18.50
Current: -4.53
Power Consumption: 200.47
Energy Regen: 45%
Energy Storage: 66%
Power Management Unit
Voltage: 11.94
Current: 18.57
Power Consumption: 93.61
Energy Regen: 27%
Energy Storage: 3%
Power Management Unit
Voltage: 15.39
Current: -87.98
Power Consumption: 326.11
Energy Regen: 73%
Energy Storage: 34%
Power Management Unit
Voltage: 19.87
Current: -47.11
Power Consumption: 463.21
Energy Regen: 98%
Energy Storage: 39%
Power Management Unit
Voltage: 19.51
Current: 56.78
Power Consumption: 480.41
Energy Regen: 6%
Energy Storage: 95%
Power Management Unit
Voltage: 17.93
Current: 12.27
Power Consumption: 615.53
Energy Regen: 17%
Energy Storage: 28%
Power Management Unit
Voltage: 11.15
Current: -42.71
Power Consumption: 875.93
Energy Regen: 35%
Energy Storage: 12%
Power Management Unit
Voltage: 19.01
Current: -87.13
Power Consumption: 713.79
Energy Regen: 80%
Energy Storage: 93%
Power Management Unit
Voltage: 16.83
Current: -53.42
Power Consumption: 485.51
Energy Regen: 78%
Energy Storage: 38%
Power Management Unit
Voltage: 10.90
Current: 65.39
Power Consumption: 98.57
Energy Regen: 16%
Energy Storage: 35%
Power Management Unit
Voltage: 19.05
Current: 57.33
Power Consumption: 539.98
Energy Regen: 45%
Energy Storage: 47%
Power Management Unit
Voltage: 19.24
Current: -28.29
Power Consumption: 770.84
Energy Regen: 40%
Energy Storage: 13%
Power Management Unit
Voltage: 13.20
Current: 98.24
Power Consumption: 608.44
Energy Regen: 80%
Energy Storage: 60%
Power Management Unit
Voltage: 17.95
Current: -81.75
Power Consumption: 844.96
Energy Regen: 23%
Energy Storage: 72%
Power Management Unit
Voltage: 18.20
Current: -27.62
Power Consumption: 373.58
Energy Regen: 30%
Energy Storage: 26%
Power Management Unit
Voltage: 15.22
Current: 19.86
Power Consumption: 481.86
Energy Regen: 59%
Energy Storage: 7%
Power Management Unit
Voltage: 10.87
Current: -75.93
Power Consumption: 649.13
Energy Regen: 33%
Energy Storage: 68%
Power Management Unit
Voltage: 12.17
Current: 65.47
Power Consumption: 205.28
Energy Regen: 93%
Energy Storage: 60%
Power Management Unit
Voltage: 10.81
Current: -4.17
Power Consumption: 123.93
Energy Regen: 69%
Energy Storage: 92%
Power Management Unit
Voltage: 19.67
Current: 57.37
Power Consumption: 533.98
Energy Regen: 100%
Energy Storage: 45%
Power Management Unit
Voltage: 18.38
Current: -30.23
Power Consumption: 699.06
Energy Regen: 100%
Energy Storage: 90%
Power Management Unit
Voltage: 14.56
Current: 36.29
Power Consumption: 630.20
Energy Regen: 39%
Energy Storage: 20%
Power Management Unit
Voltage: 12.73
Current: -13.35
Power Consumption: 807.56
Energy Regen: 25%
Energy Storage: 54%
Power Management Unit
Voltage: 17.90
Current: -16.58
Power Consumption: 887.80
Energy Regen: 36%
Energy Storage: 28%
Power Management Unit
Voltage: 18.37
Current: -32.22
Power Consumption: 168.85
Energy Regen: 58%
Energy Storage: 92%
Power Management Unit
Voltage: 19.16
Current: -9.41
Power Consumption: 669.74
Energy Regen: 91%
Energy Storage: 89%
Power Management Unit
Voltage: 19.29
Current: 77.59
Power Consumption: 910.85
Energy Regen: 94%
Energy Storage: 39%
Power Management Unit
Voltage: 12.93
Current: 22.50
Power Consumption: 864.52
Energy Regen: 19%
Energy Storage: 12%
Power Management Unit
Voltage: 10.41
Current: -1.79
Power Consumption: 391.37
Energy Regen: 7%
Energy Storage: 33%
Power Management Unit
Voltage: 14.12
Current: -57.42
Power Consumption: 751.91
Energy Regen: 36%
Energy Storage: 70%
Power Management Unit
Voltage: 15.49
Current: 68.04
Power Consumption: 414.81
Energy Regen: 25%
Energy Storage: 32%
Power Management Unit
Voltage: 14.75
Current: -4.62
Power Consumption: 914.74
Energy Regen: 96%
Energy Storage: 85%
Power Management Unit
Voltage: 15.36
Current: 54.91
Power Consumption: 303.40
Energy Regen: 39%
Energy Storage: 68%
Power Management Unit
Voltage: 18.94
Current: 59.74
Power Consumption: 784.78
Energy Regen: 87%
Energy Storage: 32%
Power Management Unit
Voltage: 18.86
Current: 22.80
Power Consumption: 159.25
Energy Regen: 52%
Energy Storage: 86%
Power Management Unit
Voltage: 18.47
Current: 44.04
Power Consumption: 713.40
Energy Regen: 78%
Energy Storage: 44%
Power Management Unit
Voltage: 18.33
Current: 46.20
Power Consumption: 953.21
Energy Regen: 76%
Energy Storage: 77%
Power Management Unit
Voltage: 12.60
Current: -10.59
Power Consumption: 89.62
Energy Regen: 40%
Energy Storage: 67%
Power Management Unit
Voltage: 18.77
Current: -15.96
Power Consumption: 876.86
Energy Regen: 49%
Energy Storage: 54%
Power Management Unit
Voltage: 10.73
Current: 45.01
Power Consumption: 440.39
Energy Regen: 63%
Energy Storage: 66%
Power Management Unit
Voltage: 14.49
Current: -23.95
Power Consumption: 71.75
Energy Regen: 80%
Energy Storage: 20%
Power Management Unit
Voltage: 16.07
Current: -80.92
Power Consumption: 815.91
Energy Regen: 47%
Energy Storage: 76%
Power Management Unit
Voltage: 10.52
Current: 69.74
Power Consumption: 15.17
Energy Regen: 6%
Energy Storage: 63%
Power Management Unit
Voltage: 17.78
Current: 69.76
Power Consumption: 529.35
Energy Regen: 40%
Energy Storage: 68%
Power Management Unit
Voltage: 17.35
Current: 2.18
Power Consumption: 634.57
Energy Regen: 25%
Energy Storage: 49%
Power Management Unit
Voltage: 11.13
Current: 34.33
Power Consumption: 216.07
Energy Regen: 69%
Energy Storage: 11%
Power Management Unit
Voltage: 11.40
Current: -31.36
Power Consumption: 26.84
Energy Regen: 49%
Energy Storage: 59%
Power Management Unit
Voltage: 10.24
Current: -2.95
Power Consumption: 30.37
Energy Regen: 98%
Energy Storage: 96%
Power Management Unit
Voltage: 16.33
Current: -88.43
Power Consumption: 113.50
Energy Regen: 2%
Energy Storage: 60%
Power Management Unit
Voltage: 11.24
Current: -19.22
Power Consumption: 42.82
Energy Regen: 36%
Energy Storage: 77%
Power Management Unit
Voltage: 19.67
Current: 27.06
Power Consumption: 585.77
Energy Regen: 60%
Energy Storage: 45%
Power Management Unit
Voltage: 13.69
Current: 42.12
Power Consumption: 811.62
Energy Regen: 50%
Energy Storage: 22%
Power Management Unit
Voltage: 13.77
Current: 35.82
Power Consumption: 529.69
Energy Regen: 31%
Energy Storage: 93%
Power Management Unit
Voltage: 19.37
Current: 97.34
Power Consumption: 946.52
Energy Regen: 0%
Energy Storage: 94%
Power Management Unit
Voltage: 19.72
Current: -57.76
Power Consumption: 246.88
Energy Regen: 38%
Energy Storage: 17%
Power Management Unit
Voltage: 17.54
Current: 2.81
Power Consumption: 500.07
Energy Regen: 33%
Energy Storage: 89%
Power Management Unit
Voltage: 19.11
Current: -99.70
Power Consumption: 820.56
Energy Regen: 20%
Energy Storage: 50%
Power Management Unit
Voltage: 13.22
Current: 42.87
Power Consumption: 409.92
Energy Regen: 25%
Energy Storage: 90%
Power Management Unit
Voltage: 13.69
Current: 60.21
Power Consumption: 110.16
Energy Regen: 82%
Energy Storage: 98%
Power Management Unit
Voltage: 16.78
Current: -32.25
Power Consumption: 825.23
Energy Regen: 85%
Energy Storage: 28%
Power Management Unit
Voltage: 10.88
Current: -81.77
Power Consumption: 172.50
Energy Regen: 66%
Energy Storage: 63%
Power Management Unit
Voltage: 10.61
Current: -38.71
Power Consumption: 521.26
Energy Regen: 14%
Energy Storage: 47%
Power Management Unit
Voltage: 10.32
Current: -20.51
Power Consumption: 58.05
Energy Regen: 33%
Energy Storage: 16%
Power Management Unit
Voltage: 12.02
Current: -95.44
Power Consumption: 746.93
Energy Regen: 62%
Energy Storage: 70%
Power Management Unit
Voltage: 14.42
Current: -23.50
Power Consumption: 314.35
Energy Regen: 45%
Energy Storage: 36%
Power Management Unit
Voltage: 11.64
Current: 22.70
Power Consumption: 33.82
Energy Regen: 45%
Energy Storage: 78%
Power Management Unit
Voltage: 14.79
Current: 66.79
Power Consumption: 146.26
Energy Regen: 19%
Energy Storage: 32%
Power Management Unit
Voltage: 11.27
Current: 48.48
Power Consumption: 133.84
Energy Regen: 67%
Energy Storage: 14%
Power Management Unit
Voltage: 19.86
Current: -63.64
Power Consumption: 733.21
Energy Regen: 37%
Energy Storage: 100%
Power Management Unit
Voltage: 11.85
Current: 91.10
Power Consumption: 530.86
Energy Regen: 14%
Energy Storage: 75%
Power Management Unit
Voltage: 18.05
Current: 78.68
Power Consumption: 791.62
Energy Regen: 33%
Energy Storage: 42%
Power Management Unit
Voltage: 17.82
Current: -21.19
Power Consumption: 980.01
Energy Regen: 97%
Energy Storage: 95%
Power Management Unit
Voltage: 12.90
Current: -44.99
Power Consumption: 141.48
Energy Regen: 82%
Energy Storage: 35%
Power Management Unit
Voltage: 10.98
Current: -35.05
Power Consumption: 11.02
Energy Regen: 59%
Energy Storage: 20%
Power Management Unit
Voltage: 18.05
Current: -68.76
Power Consumption: 993.38
Energy Regen: 32%
Energy Storage: 8%
Power Management Unit
Voltage: 14.39
Current: 42.44
Power Consumption: 52.14
Energy Regen: 97%
Energy Storage: 63%
Power Management Unit
Voltage: 17.70
Current: -42.79
Power Consumption: 150.84
Energy Regen: 47%
Energy Storage: 19%
Power Management Unit
Voltage: 12.39
Current: -29.99
Power Consumption: 477.00
Energy Regen: 67%
Energy Storage: 8%
Power Management Unit
Voltage: 15.27
Current: 24.73
Power Consumption: 620.29
Energy Regen: 27%
Energy Storage: 38%
Power Management Unit
Voltage: 11.19
Current: -83.94
Power Consumption: 898.38
Energy Regen: 98%
Energy Storage: 69%
Power Management Unit
Voltage: 19.67
Current: 74.66
Power Consumption: 880.75
Energy Regen: 51%
Energy Storage: 77%
Power Management Unit
Voltage: 14.66
Current: -32.24
Power Consumption: 815.83
Energy Regen: 48%
Energy Storage: 30%
Power Management Unit
Voltage: 19.03
Current: 51.46
Power Consumption: 685.94
Energy Regen: 49%
Energy Storage: 32%
Power Management Unit
Voltage: 10.70
Current: -56.31
Power Consumption: 117.73
Energy Regen: 94%
Energy Storage: 67%
Power Management Unit
Voltage: 13.24
Current: 43.04
Power Consumption: 570.26
Energy Regen: 32%
Energy Storage: 68%
Power Management Unit
Voltage: 10.87
Current: -39.85
Power Consumption: 738.71
Energy Regen: 7%
Energy Storage: 79%
Power Management Unit
Voltage: 12.00
Current: 52.88
Power Consumption: 861.91
Energy Regen: 17%
Energy Storage: 51%
Power Management Unit
Voltage: 15.15
Current: 22.57
Power Consumption: 0.28
Energy Regen: 16%
Energy Storage: 79%
Power Management Unit
Voltage: 16.63
Current: -11.61
Power Consumption: 393.02
Energy Regen: 77%
Energy Storage: 48%
Power Management Unit
Voltage: 18.24
Current: -21.76
Power Consumption: 64.80
Energy Regen: 51%
Energy Storage: 57%
Power Management Unit
Voltage: 17.49
Current: -30.67
Power Consumption: 25.80
Energy Regen: 63%
Energy Storage: 56%
Power Management Unit
Voltage: 16.99
Current: -91.68
Power Consumption: 535.54
Energy Regen: 38%
Energy Storage: 21%
Power Management Unit
Voltage: 13.39
Current: 41.58
Power Consumption: 355.08
Energy Regen: 73%
Energy Storage: 58%
Power Management Unit
Voltage: 12.83
Current: -35.70
Power Consumption: 979.43
Energy Regen: 24%
Energy Storage: 45%
Power Management Unit
Voltage: 16.43
Current: -85.55
Power Consumption: 487.31
Energy Regen: 70%
Energy Storage: 65%
Power Management Unit
Voltage: 19.50
Current: 19.04
Power Consumption: 895.67
Energy Regen: 46%
Energy Storage: 3%
Power Management Unit
Voltage: 12.92
Current: -59.84
Power Consumption: 488.37
Energy Regen: 100%
Energy Storage: 20%
Power Management Unit
Voltage: 15.66
Current: -45.62
Power Consumption: 599.84
Energy Regen: 94%
Energy Storage: 14%
Power Management Unit
Voltage: 10.31
Current: 90.11
Power Consumption: 475.66
Energy Regen: 37%
Energy Storage: 68%
Power Management Unit
Voltage: 17.70
Current: -62.82
Power Consumption: 905.91
Energy Regen: 24%
Energy Storage: 95%
Power Management Unit
Voltage: 16.90
Current: 98.36
Power Consumption: 369.35
Energy Regen: 86%
Energy Storage: 80%
Power Management Unit
Voltage: 17.12
Current: -28.30
Power Consumption: 208.57
Energy Regen: 40%
Energy Storage: 41%
Power Management Unit
Voltage: 12.66
Current: 79.21
Power Consumption: 39.40
Energy Regen: 90%
Energy Storage: 36%
Power Management Unit
Voltage: 20.00
Current: 65.37
Power Consumption: 414.03
Energy Regen: 23%
Energy Storage: 57%
Power Management Unit
Voltage: 18.78
Current: 8.34
Power Consumption: 668.22
Energy Regen: 10%
Energy Storage: 99%
Power Management Unit
Voltage: 11.55
Current: -75.50
Power Consumption: 653.22
Energy Regen: 42%
Energy Storage: 9%
Power Management Unit
Voltage: 10.57
Current: -64.53
Power Consumption: 999.06
Energy Regen: 70%
Energy Storage: 77%
Power Management Unit
Voltage: 15.32
Current: -48.99
Power Consumption: 741.08
Energy Regen: 31%
Energy Storage: 66%
Power Management Unit
Voltage: 17.66
Current: -79.87
Power Consumption: 647.37
Energy Regen: 19%
Energy Storage: 10%
Power Management Unit
Voltage: 11.63
Current: -92.77
Power Consumption: 706.16
Energy Regen: 2%
Energy Storage: 52%
Power Management Unit
Voltage: 12.29
Current: 72.65
Power Consumption: 599.62
Energy Regen: 3%
Energy Storage: 46%
Power Management Unit
Voltage: 12.82
Current: 45.82
Power Consumption: 40.46
Energy Regen: 82%
Energy Storage: 37%
Power Management Unit
Voltage: 12.88
Current: -71.49
Power Consumption: 389.87
Energy Regen: 3%
Energy Storage: 38%
Power Management Unit
Voltage: 15.81
Current: -66.03
Power Consumption: 594.81
Energy Regen: 42%
Energy Storage: 67%
Power Management Unit
Voltage: 18.62
Current: -15.21
Power Consumption: 510.09
Energy Regen: 75%
Energy Storage: 0%
Power Management Unit
Voltage: 19.82
Current: -41.31
Power Consumption: 807.39
Energy Regen: 15%
Energy Storage: 39%
Power Management Unit
Voltage: 19.65
Current: -1.17
Power Consumption: 966.64
Energy Regen: 49%
Energy Storage: 38%
Power Management Unit
Voltage: 11.72
Current: -29.97
Power Consumption: 106.89
Energy Regen: 13%
Energy Storage: 12%
Power Management Unit
Voltage: 19.74
Current: 17.21
Power Consumption: 660.68
Energy Regen: 55%
Energy Storage: 62%
Power Management Unit
Voltage: 12.56
Current: -41.10
Power Consumption: 276.71
Energy Regen: 58%
Energy Storage: 93%
Power Management Unit
Voltage: 14.08
Current: 47.82
Power Consumption: 827.69
Energy Regen: 46%
Energy Storage: 41%
Power Management Unit
Voltage: 12.07
Current: 64.29
Power Consumption: 456.27
Energy Regen: 6%
Energy Storage: 94%
Power Management Unit
Voltage: 12.59
Current: -40.51
Power Consumption: 559.32
Energy Regen: 5%
Energy Storage: 64%
Power Management Unit
Voltage: 13.73
Current: -41.88
Power Consumption: 425.36
Energy Regen: 48%
Energy Storage: 84%
Power Management Unit
Voltage: 15.91
Current: -40.88
Power Consumption: 236.03
Energy Regen: 5%
Energy Storage: 86%
Power Management Unit
Voltage: 11.93
Current: -74.32
Power Consumption: 701.11
Energy Regen: 65%
Energy Storage: 16%
Power Management Unit
Voltage: 18.21
Current: 41.17
Power Consumption: 732.83
Energy Regen: 33%
Energy Storage: 77%
Power Management Unit
Voltage: 12.33
Current: -41.46
Power Consumption: 916.12
Energy Regen: 32%
Energy Storage: 47%
Power Management Unit
Voltage: 13.71
Current: -26.17
Power Consumption: 776.23
Energy Regen: 3%
Energy Storage: 59%
Power Management Unit
Voltage: 16.26
Current: 18.04
Power Consumption: 246.28
Energy Regen: 13%
Energy Storage: 29%
Power Management Unit
Voltage: 12.48
Current: -36.05
Power Consumption: 907.87
Energy Regen: 73%
Energy Storage: 27%
Power Management Unit
Voltage: 15.98
Current: -66.61
Power Consumption: 53.61
Energy Regen: 41%
Energy Storage: 47%
Power Management Unit
Voltage: 19.06
Current: -71.84
Power Consumption: 822.12
Energy Regen: 4%
Energy Storage: 54%
Power Management Unit
Voltage: 18.25
Current: -89.72
Power Consumption: 863.66
Energy Regen: 65%
Energy Storage: 96%
Power Management Unit
Voltage: 13.01
Current: -52.15
Power Consumption: 353.29
Energy Regen: 95%
Energy Storage: 94%
Power Management Unit
Voltage: 10.05
Current: -61.78
Power Consumption: 316.21
Energy Regen: 67%
Energy Storage: 11%
Power Management Unit
Voltage: 11.90
Current: 77.99
Power Consumption: 35.21
Energy Regen: 25%
Energy Storage: 43%
Power Management Unit
Voltage: 15.95
Current: 11.28
Power Consumption: 808.82
Energy Regen: 44%
Energy Storage: 93%
Power Management Unit
Voltage: 18.07
Current: 46.01
Power Consumption: 972.18
Energy Regen: 91%
Energy Storage: 4%
Power Management Unit
Voltage: 10.11
Current: -31.20
Power Consumption: 837.76
Energy Regen: 13%
Energy Storage: 2%
Power Management Unit
Voltage: 19.03
Current: 35.39
Power Consumption: 81.85
Energy Regen: 54%
Energy Storage: 3%
Power Management Unit
Voltage: 13.87
Current: 68.07
Power Consumption: 82.76
Energy Regen: 45%
Energy Storage: 72%
Power Management Unit
Voltage: 13.96
Current: 70.18
Power Consumption: 831.40
Energy Regen: 28%
Energy Storage: 48%
Power Management Unit
Voltage: 12.51
Current: 89.89
Power Consumption: 239.33
Energy Regen: 41%
Energy Storage: 78%
Power Management Unit
Voltage: 15.22
Current: 11.13
Power Consumption: 284.15
Energy Regen: 5%
Energy Storage: 51%
Power Management Unit
Voltage: 14.37
Current: 44.41
Power Consumption: 153.62
Energy Regen: 48%
Energy Storage: 96%
Power Management Unit
Voltage: 15.92
Current: -18.91
Power Consumption: 290.87
Energy Regen: 8%
Energy Storage: 29%
Power Management Unit
Voltage: 19.31
Current: -25.25
Power Consumption: 416.73
Energy Regen: 67%
Energy Storage: 76%
Power Management Unit
Voltage: 16.32
Current: 85.59
Power Consumption: 751.06
Energy Regen: 6%
Energy Storage: 11%
Power Management Unit
Voltage: 11.61
Current: -84.35
Power Consumption: 752.20
Energy Regen: 51%
Energy Storage: 85%
Power Management Unit
Voltage: 13.64
Current: 41.34
Power Consumption: 461.55
Energy Regen: 13%
Energy Storage: 47%
Power Management Unit
Voltage: 15.43
Current: 23.21
Power Consumption: 151.98
Energy Regen: 7%
Energy Storage: 63%
Power Management Unit
Voltage: 11.27
Current: 85.87
Power Consumption: 200.37
Energy Regen: 51%
Energy Storage: 15%
Power Management Unit
Voltage: 12.58
Current: -74.73
Power Consumption: 519.06
Energy Regen: 72%
Energy Storage: 74%
Power Management Unit
Voltage: 19.44
Current: 69.37
Power Consumption: 776.09
Energy Regen: 31%
Energy Storage: 39%
Power Management Unit
Voltage: 14.13
Current: -66.38
Power Consumption: 744.07
Energy Regen: 21%
Energy Storage: 48%
Power Management Unit
Voltage: 15.06
Current: 18.03
Power Consumption: 474.78
Energy Regen: 0%
Energy Storage: 1%
Power Management Unit
Voltage: 11.37
Current: 17.92
Power Consumption: 701.00
Energy Regen: 20%
Energy Storage: 2%
Power Management Unit
Voltage: 15.51
Current: -13.22
Power Consumption: 693.70
Energy Regen: 63%
Energy Storage: 57%
Power Management Unit
Voltage: 19.91
Current: 70.66
Power Consumption: 508.60
Energy Regen: 12%
Energy Storage: 12%
Power Management Unit
Voltage: 19.04
Current: 6.94
Power Consumption: 544.69
Energy Regen: 77%
Energy Storage: 48%
Power Management Unit
Voltage: 10.66
Current: -19.60
Power Consumption: 822.34
Energy Regen: 95%
Energy Storage: 70%
Power Management Unit
Voltage: 16.69
Current: 62.64
Power Consumption: 281.07
Energy Regen: 46%
Energy Storage: 54%
Power Management Unit
Voltage: 18.93
Current: -20.44
Power Consumption: 651.34
Energy Regen: 16%
Energy Storage: 71%
Power Management Unit
Voltage: 19.19
Current: -42.24
Power Consumption: 952.72
Energy Regen: 18%
Energy Storage: 82%
Power Management Unit
Voltage: 19.42
Current: -19.72
Power Consumption: 537.10
Energy Regen: 62%
Energy Storage: 11%
Power Management Unit
Voltage: 11.32
Current: 36.60
Power Consumption: 147.67
Energy Regen: 50%
Energy Storage: 59%
Power Management Unit
Voltage: 19.08
Current: -49.58
Power Consumption: 194.28
Energy Regen: 57%
Energy Storage: 5%
Power Management Unit
Voltage: 10.46
Current: -41.76
Power Consumption: 26.82
Energy Regen: 99%
Energy Storage: 94%
Power Management Unit
Voltage: 19.30
Current: -84.74
Power Consumption: 67.15
Energy Regen: 47%
Energy Storage: 37%
Power Management Unit
Voltage: 13.66
Current: -66.17
Power Consumption: 508.42
Energy Regen: 74%
Energy Storage: 66%
Power Management Unit
Voltage: 18.96
Current: 17.77
Power Consumption: 913.36
Energy Regen: 76%
Energy Storage: 97%
Power Management Unit
Voltage: 15.65
Current: -55.52
Power Consumption: 12.87
Energy Regen: 13%
Energy Storage: 23%
Power Management Unit
Voltage: 16.70
Current: -44.78
Power Consumption: 739.75
Energy Regen: 35%
Energy Storage: 22%
Power Management Unit
Voltage: 11.40
Current: 27.65
Power Consumption: 415.58
Energy Regen: 70%
Energy Storage: 20%
Power Management Unit
Voltage: 14.19
Current: 60.02
Power Consumption: 602.57
Energy Regen: 75%
Energy Storage: 21%
Power Management Unit
Voltage: 15.15
Current: 77.69
Power Consumption: 558.14
Energy Regen: 62%
Energy Storage: 68%
Power Management Unit
Voltage: 18.21
Current: -21.10
Power Consumption: 290.63
Energy Regen: 95%
Energy Storage: 53%
Power Management Unit
Voltage: 12.28
Current: -60.33
Power Consumption: 358.76
Energy Regen: 77%
Energy Storage: 2%
Tire Sensor
Pressure: 24.42
Temperature: 88.87
Wear Level: 21%
Performance Score: Not Calculated
Tire Sensor
Pressure: 20.24
Temperature: 74.10
Wear Level: 12%
Performance Score: Not Calculated
Tire Sensor
Pressure: 23.87
Temperature: 26.72
Wear Level: 93%
Performance Score: Not Calculated
Tire Sensor
Pressure: 21.15
Temperature: 14.84
Wear Level: 61%
Performance Score: Not Calculated
Tire Sensor
Pressure: 19.30
Temperature: 29.21
Wear Level: 69%
Performance Score: Not Calculated
Tire Sensor
Pressure: 20.74
Temperature: 58.16
Wear Level: 92%
Performance Score: Not Calculated
Tire Sensor
Pressure: 24.28
Temperature: 38.55
Wear Level: 73%
Performance Score: Not Calculated
Tire Sensor
Pressure: 21.11
Temperature: 54.63
Wear Level: 6%
Performance Score: Not Calculated
Tire Sensor
Pressure: 19.16
Temperature: 61.45
Wear Level: 87%
Performance Score: Not Calculated
Tire Sensor
Pressure: 23.86
Temperature: 33.99
Wear Level: 49%
Performance Score: Not Calculated
Tire Sensor
Pressure: 24.27
Temperature: 106.14
Wear Level: 89%
Performance Score: Not Calculated
Tire Sensor
Pressure: 24.30
Temperature: 114.42
Wear Level: 76%
Performance Score: Not Calculated
Tire Sensor
Pressure: 20.23
Temperature: 30.88
Wear Level: 78%
Performance Score: Not Calculated
Tire Sensor
Pressure: 25.86
Temperature: 107.56
Wear Level: 16%
Performance Score: Not Calculated
Tire Sensor
Pressure: 23.09
Temperature: 10.50
Wear Level: 47%
Performance Score: Not Calculated
Tire Sensor
Pressure: 23.47
Temperature: 3.40
Wear Level: 43%
Performance Score: Not Calculated
Tire Sensor
Pressure: 24.55
Temperature: 10.12
Wear Level: 11%
Performance Score: Not Calculated
Tire Sensor
Pressure: 19.26
Temperature: 112.74
Wear Level: 81%
Performance Score: Not Calculated
Tire Sensor
Pressure: 24.34
Temperature: 57.03
Wear Level: 62%
Performance Score: Not Calculated
Tire Sensor
Pressure: 21.29
Temperature: 86.83
Wear Level: 45%
Performance Score: Not Calculated
Tire Sensor
Pressure: 20.98
Temperature: 96.91
Wear Level: 42%
Performance Score: Not Calculated
Tire Sensor
Pressure: 20.70
Temperature: 116.13
Wear Level: 30%
Performance Score: Not Calculated
Tire Sensor
Pressure: 19.67
Temperature: 39.75
Wear Level: 75%
Performance Score: Not Calculated
Tire Sensor
Pressure: 25.92
Temperature: 96.90
Wear Level: 76%
Performance Score: Not Calculated
Tire Sensor
Pressure: 20.56
Temperature: 69.56
Wear Level: 28%
Performance Score: Not Calculated
Tire Sensor
Pressure: 23.58
Temperature: 60.93
Wear Level: 86%
Performance Score: Not Calculated
Tire Sensor
Pressure: 22.56
Temperature: 103.24
Wear Level: 98%
Performance Score: Not Calculated
Tire Sensor
Pressure: 25.68
Temperature: 106.22
Wear Level: 84%
Performance Score: Not Calculated
Tire Sensor
Pressure: 23.60
Temperature: 28.95
Wear Level: 35%
Performance Score: Not Calculated
Tire Sensor
Pressure: 21.03
Temperature: 35.44
Wear Level: 75%
Performance Score: Not Calculated
Tire Sensor
Pressure: 20.05
Temperature: 26.75
Wear Level: 32%
Performance Score: Not Calculated
Tire Sensor
Pressure: 21.27
Temperature: 44.27
Wear Level: 92%
Performance Score: Not Calculated
Tire Sensor
Pressure: 19.07
Temperature: 24.73
Wear Level: 27%
Performance Score: Not Calculated
Tire Sensor
Pressure: 19.34
Temperature: 5.12
Wear Level: 47%
Performance Score: Not Calculated
Tire Sensor
Pressure: 25.43
Temperature: 50.39
Wear Level: 56%
Performance Score: Not Calculated
Tire Sensor
Pressure: 21.14
Temperature: 33.03
Wear Level: 14%
Performance Score: Not Calculated
Tire Sensor
Pressure: 22.86
Temperature: 24.35
Wear Level: 0%
Performance Score: Not Calculated
Tire Sensor
Pressure: 20.76
Temperature: 119.45
Wear Level: 87%
Performance Score: Not Calculated
Tire Sensor
Pressure: 19.42
Temperature: 65.64
Wear Level: 38%
Performance Score: Not Calculated
Tire Sensor
Pressure: 23.65
Temperature: 6.46
Wear Level: 100%
Performance Score: Not Calculated
Tire Sensor
Pressure: 23.28
Temperature: 114.76
Wear Level: 26%
Performance Score: Not Calculated
Tire Sensor
Pressure: 21.18
Temperature: 110.89
Wear Level: 38%
Performance Score: Not Calculated
Tire Sensor
Pressure: 19.68
Temperature: 61.45
Wear Level: 58%
Performance Score: Not Calculated
Tire Sensor
Pressure: 25.73
Temperature: 61.85
Wear Level: 87%
Performance Score: Not Calculated
Tire Sensor
Pressure: 23.01
Temperature: 107.53
Wear Level: 68%
Performance Score: Not Calculated
Tire Sensor
Pressure: 19.99
Temperature: 39.52
Wear Level: 94%
Performance Score: Not Calculated
Tire Sensor
Pressure: 19.95
Temperature: 73.19
Wear Level: 61%
Performance Score: Not Calculated
Tire Sensor
Pressure: 19.46
Temperature: 89.73
Wear Level: 35%
Performance Score: Not Calculated
Tire Sensor
Pressure: 21.04
Temperature: 80.77
Wear Level: 11%
Performance Score: Not Calculated
Tire Sensor
Pressure: 21.73
Temperature: 96.31
Wear Level: 73%
Performance Score: Not Calculated
Tire Sensor
Pressure: 23.96
Temperature: 32.01
Wear Level: 1%
Performance Score: Not Calculated
Tire Sensor
Pressure: 24.06
Temperature: 36.27
Wear Level: 10%
Performance Score: Not Calculated
Tire Sensor
Pressure: 24.45
Temperature: 68.19
Wear Level: 52%
Performance Score: Not Calculated
Tire Sensor
Pressure: 19.69
Temperature: 115.02
Wear Level: 22%
Performance Score: Not Calculated
Tire Sensor
Pressure: 25.91
Temperature: 108.64
Wear Level: 60%
Performance Score: Not Calculated
Tire Sensor
Pressure: 23.59
Temperature: 92.62
Wear Level: 3%
Performance Score: Not Calculated
Tire Sensor
Pressure: 25.72
Temperature: 111.67
Wear Level: 62%
Performance Score: Not Calculated
Tire Sensor
Pressure: 21.63
Temperature: 47.96
Wear Level: 51%
Performance Score: Not Calculated
Tire Sensor
Pressure: 23.85
Temperature: 17.34
Wear Level: 63%
Performance Score: Not Calculated
Tire Sensor
Pressure: 21.32
Temperature: 85.96
Wear Level: 15%
Performance Score: Not Calculated
Tire Sensor
Pressure: 24.25
Temperature: 4.40
Wear Level: 83%
Performance Score: Not Calculated
Tire Sensor
Pressure: 25.51
Temperature: 72.51
Wear Level: 3%
Performance Score: Not Calculated
Tire Sensor
Pressure: 20.43
Temperature: 58.31
Wear Level: 80%
Performance Score: Not Calculated
Tire Sensor
Pressure: 19.93
Temperature: 77.19
Wear Level: 98%
Performance Score: Not Calculated
Tire Sensor
Pressure: 24.18
Temperature: 26.24
Wear Level: 48%
Performance Score: Not Calculated
Tire Sensor
Pressure: 20.36
Temperature: 80.92
Wear Level: 11%
Performance Score: Not Calculated
Tire Sensor
Pressure: 24.18
Temperature: 22.91
Wear Level: 28%
Performance Score: Not Calculated
Tire Sensor
Pressure: 24.00
Temperature: 59.39
Wear Level: 60%
Performance Score: Not Calculated
Tire Sensor
Pressure: 24.43
Temperature: 10.17
Wear Level: 20%
Performance Score: Not Calculated
Tire Sensor
Pressure: 22.30
Temperature: 89.40
Wear Level: 49%
Performance Score: Not Calculated
Tire Sensor
Pressure: 23.71
Temperature: 82.12
Wear Level: 4%
Performance Score: Not Calculated
Tire Sensor
Pressure: 24.08
Temperature: 10.37
Wear Level: 37%
Performance Score: Not Calculated
Tire Sensor
Pressure: 23.17
Temperature: 88.46
Wear Level: 6%
Performance Score: Not Calculated
Tire Sensor
Pressure: 20.77
Temperature: 45.49
Wear Level: 89%
Performance Score: Not Calculated
Tire Sensor
Pressure: 23.00
Temperature: 100.24
Wear Level: 22%
Performance Score: Not Calculated
Tire Sensor
Pressure: 24.71
Temperature: 73.87
Wear Level: 59%
Performance Score: Not Calculated
Tire Sensor
Pressure: 21.58
Temperature: 104.22
Wear Level: 29%
Performance Score: Not Calculated
Tire Sensor
Pressure: 20.58
Temperature: 18.79
Wear Level: 82%
Performance Score: Not Calculated
Tire Sensor
Pressure: 24.73
Temperature: 26.92
Wear Level: 2%
Performance Score: Not Calculated
Tire Sensor
Pressure: 20.74
Temperature: 13.56
Wear Level: 69%
Performance Score: Not Calculated
Tire Sensor
Pressure: 25.33
Temperature: 56.27
Wear Level: 66%
Performance Score: Not Calculated
Tire Sensor
Pressure: 19.14
Temperature: 106.24
Wear Level: 86%
Performance Score: Not Calculated
Tire Sensor
Pressure: 23.02
Temperature: 108.86
Wear Level: 96%
Performance Score: Not Calculated
Tire Sensor
Pressure: 19.07
Temperature: 65.72
Wear Level: 92%
Performance Score: Not Calculated
Tire Sensor
Pressure: 19.36
Temperature: 109.15
Wear Level: 67%
Performance Score: Not Calculated
Tire Sensor
Pressure: 25.20
Temperature: 88.20
Wear Level: 36%
Performance Score: Not Calculated
Tire Sensor
Pressure: 23.51
Temperature: 60.68
Wear Level: 82%
Performance Score: Not Calculated
Tire Sensor
Pressure: 25.35
Temperature: 5.16
Wear Level: 9%
Performance Score: Not Calculated
Tire Sensor
Pressure: 22.92
Temperature: 102.76
Wear Level: 63%
Performance Score: Not Calculated
Tire Sensor
Pressure: 21.78
Temperature: 14.07
Wear Level: 34%
Performance Score: Not Calculated
Tire Sensor
Pressure: 25.14
Temperature: 94.23
Wear Level: 78%
Performance Score: Not Calculated
Tire Sensor
Pressure: 20.65
Temperature: 33.96
Wear Level: 73%
Performance Score: Not Calculated
Tire Sensor
Pressure: 25.27
Temperature: 61.08
Wear Level: 91%
Performance Score: Not Calculated
Tire Sensor
Pressure: 23.43
Temperature: 96.15
Wear Level: 30%
Performance Score: Not Calculated
Tire Sensor
Pressure: 19.85
Temperature: 61.79
Wear Level: 22%
Performance Score: Not Calculated
Tire Sensor
Pressure: 22.84
Temperature: 3.42
Wear Level: 31%
Performance Score: Not Calculated
Tire Sensor
Pressure: 23.17
Temperature: 112.96
Wear Level: 79%
Performance Score: Not Calculated
Tire Sensor
Pressure: 24.65
Temperature: 63.76
Wear Level: 84%
Performance Score: Not Calculated
Tire Sensor
Pressure: 20.65
Temperature: 32.09
Wear Level: 59%
Performance Score: Not Calculated
Tire Sensor
Pressure: 22.51
Temperature: 22.63
Wear Level: 78%
Performance Score: Not Calculated
Tire Sensor
Pressure: 20.14
Temperature: 11.58
Wear Level: 74%
Performance Score: Not Calculated
Tire Sensor
Pressure: 25.53
Temperature: 104.64
Wear Level: 54%
Performance Score: Not Calculated
Tire Sensor
Pressure: 22.14
Temperature: 94.28
Wear Level: 62%
Performance Score: Not Calculated
Tire Sensor
Pressure: 19.19
Temperature: 23.27
Wear Level: 93%
Performance Score: Not Calculated
Tire Sensor
Pressure: 21.03
Temperature: 68.20
Wear Level: 74%
Performance Score: Not Calculated
Tire Sensor
Pressure: 22.94
Temperature: 52.82
Wear Level: 87%
Performance Score: Not Calculated
Tire Sensor
Pressure: 25.62
Temperature: 57.04
Wear Level: 77%
Performance Score: Not Calculated
Tire Sensor
Pressure: 21.40
Temperature: 47.10
Wear Level: 91%
Performance Score: Not Calculated
Tire Sensor
Pressure: 24.69
Temperature: 97.48
Wear Level: 53%
Performance Score: Not Calculated
Tire Sensor
Pressure: 23.12
Temperature: 3.00
Wear Level: 50%
Performance Score: Not Calculated
Tire Sensor
Pressure: 20.58
Temperature: 85.12
Wear Level: 49%
Performance Score: Not Calculated
Tire Sensor
Pressure: 21.36
Temperature: 15.41
Wear Level: 4%
Performance Score: Not Calculated
Tire Sensor
Pressure: 24.57
Temperature: 27.81
Wear Level: 40%
Performance Score: Not Calculated
Tire Sensor
Pressure: 23.11
Temperature: 68.03
Wear Level: 77%
Performance Score: Not Calculated
Tire Sensor
Pressure: 22.17
Temperature: 18.99
Wear Level: 78%
Performance Score: Not Calculated
Tire Sensor
Pressure: 20.99
Temperature: 58.83
Wear Level: 95%
Performance Score: Not Calculated
Tire Sensor
Pressure: 24.33
Temperature: 55.95
Wear Level: 56%
Performance Score: Not Calculated
Tire Sensor
Pressure: 24.60
Temperature: 55.10
Wear Level: 87%
Performance Score: Not Calculated
Tire Sensor
Pressure: 22.49
Temperature: 51.42
Wear Level: 100%
Performance Score: Not Calculated
Tire Sensor
Pressure: 24.64
Temperature: 36.45
Wear Level: 19%
Performance Score: Not Calculated
Tire Sensor
Pressure: 20.00
Temperature: 22.44
Wear Level: 45%
Performance Score: Not Calculated
Tire Sensor
Pressure: 22.39
Temperature: 118.89
Wear Level: 21%
Performance Score: Not Calculated
Tire Sensor
Pressure: 19.66
Temperature: 55.80
Wear Level: 39%
Performance Score: Not Calculated
Tire Sensor
Pressure: 23.45
Temperature: 11.88
Wear Level: 54%
Performance Score: Not Calculated
Tire Sensor
Pressure: 21.25
Temperature: 79.56
Wear Level: 54%
Performance Score: Not Calculated
Tire Sensor
Pressure: 22.65
Temperature: 43.33
Wear Level: 18%
Performance Score: Not Calculated
Tire Sensor
Pressure: 20.25
Temperature: 83.45
Wear Level: 8%
Performance Score: Not Calculated
Tire Sensor
Pressure: 25.38
Temperature: 61.59
Wear Level: 73%
Performance Score: Not Calculated
Tire Sensor
Pressure: 19.40
Temperature: 6.28
Wear Level: 2%
Performance Score: Not Calculated
Tire Sensor
Pressure: 25.37
Temperature: 72.15
Wear Level: 5%
Performance Score: Not Calculated
Tire Sensor
Pressure: 22.68
Temperature: 77.40
Wear Level: 42%
Performance Score: Not Calculated
Tire Sensor
Pressure: 22.53
Temperature: 63.87
Wear Level: 59%
Performance Score: Not Calculated
Tire Sensor
Pressure: 22.97
Temperature: 79.72
Wear Level: 52%
Performance Score: Not Calculated
Tire Sensor
Pressure: 20.03
Temperature: 118.61
Wear Level: 97%
Performance Score: Not Calculated
Tire Sensor
Pressure: 25.01
Temperature: 92.79
Wear Level: 95%
Performance Score: Not Calculated
Tire Sensor
Pressure: 21.28
Temperature: 56.49
Wear Level: 10%
Performance Score: Not Calculated
Tire Sensor
Pressure: 23.77
Temperature: 12.44
Wear Level: 36%
Performance Score: Not Calculated
Tire Sensor
Pressure: 25.93
Temperature: 49.98
Wear Level: 10%
Performance Score: Not Calculated
Tire Sensor
Pressure: 19.73
Temperature: 98.10
Wear Level: 51%
Performance Score: Not Calculated
Tire Sensor
Pressure: 20.73
Temperature: 37.14
Wear Level: 60%
Performance Score: Not Calculated
Tire Sensor
Pressure: 25.78
Temperature: 51.84
Wear Level: 26%
Performance Score: Not Calculated
Tire Sensor
Pressure: 19.74
Temperature: 38.68
Wear Level: 59%
Performance Score: Not Calculated
Tire Sensor
Pressure: 20.82
Temperature: 10.01
Wear Level: 10%
Performance Score: Not Calculated
Tire Sensor
Pressure: 24.92
Temperature: 0.73
Wear Level: 85%
Performance Score: Not Calculated
Tire Sensor
Pressure: 25.91
Temperature: 70.12
Wear Level: 42%
Performance Score: Not Calculated
Tire Sensor
Pressure: 20.72
Temperature: 116.38
Wear Level: 51%
Performance Score: Not Calculated
Tire Sensor
Pressure: 25.38
Temperature: 49.76
Wear Level: 96%
Performance Score: Not Calculated
Tire Sensor
Pressure: 21.30
Temperature: 117.92
Wear Level: 51%
Performance Score: Not Calculated
Tire Sensor
Pressure: 22.36
Temperature: 43.03
Wear Level: 33%
Performance Score: Not Calculated
Tire Sensor
Pressure: 23.91
Temperature: 68.01
Wear Level: 100%
Performance Score: Not Calculated
Tire Sensor
Pressure: 20.63
Temperature: 76.95
Wear Level: 81%
Performance Score: Not Calculated
Tire Sensor
Pressure: 21.19
Temperature: 113.41
Wear Level: 85%
Performance Score: Not Calculated
Tire Sensor
Pressure: 23.95
Temperature: 32.70
Wear Level: 33%
Performance Score: Not Calculated
Tire Sensor
Pressure: 22.37
Temperature: 100.66
Wear Level: 98%
Performance Score: Not Calculated
Tire Sensor
Pressure: 21.77
Temperature: 88.38
Wear Level: 27%
Performance Score: Not Calculated
Tire Sensor
Pressure: 21.07
Temperature: 103.78
Wear Level: 74%
Performance Score: Not Calculated
Tire Sensor
Pressure: 23.64
Temperature: 93.91
Wear Level: 55%
Performance Score: Not Calculated
Tire Sensor
Pressure: 20.62
Temperature: 66.60
Wear Level: 5%
Performance Score: Not Calculated
Tire Sensor
Pressure: 21.94
Temperature: 109.80
Wear Level: 32%
Performance Score: Not Calculated
Tire Sensor
Pressure: 23.82
Temperature: 57.17
Wear Level: 37%
Performance Score: Not Calculated
Tire Sensor
Pressure: 19.62
Temperature: 19.27
Wear Level: 20%
Performance Score: Not Calculated
Tire Sensor
Pressure: 20.22
Temperature: 12.47
Wear Level: 43%
Performance Score: Not Calculated
Tire Sensor
Pressure: 24.85
Temperature: 43.28
Wear Level: 21%
Performance Score: Not Calculated
Tire Sensor
Pressure: 23.62
Temperature: 18.44
Wear Level: 92%
Performance Score: Not Calculated
Tire Sensor
Pressure: 25.05
Temperature: 64.29
Wear Level: 29%
Performance Score: Not Calculated
Tire Sensor
Pressure: 22.24
Temperature: 17.26
Wear Level: 30%
Performance Score: Not Calculated
Tire Sensor
Pressure: 19.97
Temperature: 58.34
Wear Level: 88%
Performance Score: Not Calculated
Tire Sensor
Pressure: 22.85
Temperature: 73.70
Wear Level: 55%
Performance Score: Not Calculated
Tire Sensor
Pressure: 19.39
Temperature: 110.30
Wear Level: 2%
Performance Score: Not Calculated
Tire Sensor
Pressure: 19.19
Temperature: 73.66
Wear Level: 84%
Performance Score: Not Calculated
Tire Sensor
Pressure: 22.04
Temperature: 41.61
Wear Level: 27%
Performance Score: Not Calculated
Tire Sensor
Pressure: 23.64
Temperature: 26.69
Wear Level: 19%
Performance Score: Not Calculated
Tire Sensor
Pressure: 25.82
Temperature: 109.88
Wear Level: 45%
Performance Score: Not Calculated
Tire Sensor
Pressure: 23.22
Temperature: 117.82
Wear Level: 5%
Performance Score: Not Calculated
Tire Sensor
Pressure: 21.72
Temperature: 33.41
Wear Level: 65%
Performance Score: Not Calculated
Tire Sensor
Pressure: 20.79
Temperature: 100.11
Wear Level: 52%
Performance Score: Not Calculated
Tire Sensor
Pressure: 24.48
Temperature: 41.53
Wear Level: 84%
Performance Score: Not Calculated
Tire Sensor
Pressure: 25.54
Temperature: 8.13
Wear Level: 65%
Performance Score: Not Calculated
Tire Sensor
Pressure: 24.37
Temperature: 51.67
Wear Level: 55%
Performance Score: Not Calculated
Tire Sensor
Pressure: 20.88
Temperature: 91.67
Wear Level: 36%
Performance Score: Not Calculated
Tire Sensor
Pressure: 21.12
Temperature: 31.11
Wear Level: 52%
Performance Score: Not Calculated
Tire Sensor
Pressure: 24.11
Temperature: 57.39
Wear Level: 71%
Performance Score: Not Calculated
Tire Sensor
Pressure: 20.75
Temperature: 26.71
Wear Level: 98%
Performance Score: Not Calculated
Tire Sensor
Pressure: 19.58
Temperature: 103.59
Wear Level: 63%
Performance Score: Not Calculated
Tire Sensor
Pressure: 22.71
Temperature: 48.57
Wear Level: 15%
Performance Score: Not Calculated
Tire Sensor
Pressure: 20.78
Temperature: 89.54
Wear Level: 60%
Performance Score: Not Calculated
Tire Sensor
Pressure: 20.36
Temperature: 82.16
Wear Level: 70%
Performance Score: Not Calculated
Tire Sensor
Pressure: 23.38
Temperature: 106.17
Wear Level: 14%
Performance Score: Not Calculated
Tire Sensor
Pressure: 25.86
Temperature: 73.57
Wear Level: 89%
Performance Score: Not Calculated
Tire Sensor
Pressure: 24.64
Temperature: 58.87
Wear Level: 76%
Performance Score: Not Calculated
Tire Sensor
Pressure: 24.72
Temperature: 19.96
Wear Level: 84%
Performance Score: Not Calculated
Tire Sensor
Pressure: 23.78
Temperature: 60.12
Wear Level: 10%
Performance Score: Not Calculated
Tire Sensor
Pressure: 20.45
Temperature: 86.72
Wear Level: 92%
Performance Score: Not Calculated
Tire Sensor
Pressure: 22.90
Temperature: 92.97
Wear Level: 54%
Performance Score: Not Calculated
Tire Sensor
Pressure: 19.86
Temperature: 63.06
Wear Level: 84%
Performance Score: Not Calculated
Tire Sensor
Pressure: 25.86
Temperature: 31.30
Wear Level: 17%
Performance Score: Not Calculated
Tire Sensor
Pressure: 19.12
Temperature: 81.65
Wear Level: 21%
Performance Score: Not Calculated
Tire Sensor
Pressure: 21.23
Temperature: 97.78
Wear Level: 26%
Performance Score: Not Calculated
