Power Management Unit
Voltage: 14.21
Current: -38.53
Power Consumption: 429.02
Energy Regen: 49%
Energy Storage: 11%
Power Management Unit
Voltage: 16.45
Current: 66.75
Power Consumption: 429.60
Energy Regen: 45%
Energy Storage: 84%
Power Management Unit
Voltage: 12.64
Current: -28.51
Power Consumption: 144.79
Energy Regen: 3%
Energy Storage: 47%
Power Management Unit
Voltage: 15.05
Current: -63.62
Power Consumption: 791.01
Energy Regen: 68%
Energy Storage: 55%
Power Management Unit
Voltage: 13.04
Current: -9.40
Power Consumption: 194.65
Energy Regen: 43%
Energy Storage: 15%
Power Management Unit
Voltage: 14.88
Current: -82.84
Power Consumption: 64.34
Energy Regen: 3%
Energy Storage: 65%
Power Management Unit
Voltage: 17.81
Current: -8.64
Power Consumption: 632.56
Energy Regen: 60%
Energy Storage: 1337%
Power Management Unit
Voltage: 19.76
Current: -67.46
Power Consumption: 410.40
Energy Regen: 47%
Energy Storage: 61%
Power Management Unit
Voltage: -1337.00
Current: 78.60
Power Consumption: 243.38
Energy Regen: 29%
Energy Storage: 69%
Power Management Unit
Voltage: 15.37
Current: 1337.00
Power Consumption: 70.59
Energy Regen: 79%
Energy Storage: 28%
Power Management Unit
Voltage: 19.32
Current: 94.68
Power Consumption: 768.22
Energy Regen: 89%
Energy Storage: 42%
Power Management Unit
Voltage: 16.07
Current: -78.51
Power Consumption: 688.80
Energy Regen: 17%
Energy Storage: 81%
Power Management Unit
Voltage: 11.37
Current: -74.38
Power Consumption: 687.80
Energy Regen: 46%
Energy Storage: 19%
Power Management Unit
Voltage: 16.55
Current: -93.28
Power Consumption: 505.00
Energy Regen: 24%
Energy Storage: 33%
Power Management Unit
Voltage: 13.59
Current: -81.33
Power Consumption: 514.36
Energy Regen: 56%
Energy Storage: 59%
Power Management Unit
Voltage: 18.76
Current: -90.23
Power Consumption: 972.15
Energy Regen: 54%
Energy Storage: 50%
Power Management Unit
Voltage: 18.98
Current: 90.62
Power Consumption: 742.99
Energy Regen: -1337%
Energy Storage: 99%
Power Management Unit
Voltage: 14.67
Current: -80.85
Power Consumption: 199.78
Energy Regen: 6%
Energy Storage: 19%
Power Management Unit
Voltage: 18.19
Current: 24.92
Power Consumption: 955.93
Energy Regen: 93%
Energy Storage: 46%
Power Management Unit
Voltage: 19.11
Current: 1337.00
Power Consumption: 47.56
Energy Regen: 99%
Energy Storage: 1%
Power Management Unit
Voltage: 15.71
Current: 72.68
Power Consumption: 168.79
Energy Regen: 8%
Energy Storage: 66%
Power Management Unit
Voltage: 13.79
Current: -17.32
Power Consumption: 309.58
Energy Regen: 29%
Energy Storage: 6%
Power Management Unit
Voltage: 19.58
Current: 11.09
Power Consumption: 635.85
Energy Regen: 33%
Energy Storage: 86%
Power Management Unit
Voltage: -1337.00
Current: -84.40
Power Consumption: 856.29
Energy Regen: 82%
Energy Storage: 11%
Power Management Unit
Voltage: 10.87
Current: 79.75
Power Consumption: 868.31
Energy Regen: 94%
Energy Storage: 43%
Power Management Unit
Voltage: -1337.00
Current: -56.04
Power Consumption: 996.25
Energy Regen: 19%
Energy Storage: 52%
Power Management Unit
Voltage: 12.31
Current: -28.03
Power Consumption: 265.01
Energy Regen: 73%
Energy Storage: 84%
Power Management Unit
Voltage: 19.55
Current: 1337.00
Power Consumption: 636.61
Energy Regen: 83%
Energy Storage: 11%
Power Management Unit
Voltage: 18.22
Current: -18.87
Power Consumption: 586.36
Energy Regen: 24%
Energy Storage: 8%
Power Management Unit
Voltage: 19.22
Current: 1337.00
Power Consumption: 435.18
Energy Regen: 46%
Energy Storage: 35%
Power Management Unit
Voltage: 13.21
Current: 51.08
Power Consumption: 189.00
Energy Regen: 49%
Energy Storage: 25%
Power Management Unit
Voltage: 10.31
Current: 55.84
Power Consumption: 735.79
Energy Regen: 62%
Energy Storage: 3%
Power Management Unit
Voltage: 19.53
Current: 74.97
Power Consumption: 414.11
Energy Regen: 84%
Energy Storage: 22%
Power Management Unit
Voltage: 14.75
Current: 59.02
Power Consumption: 184.59
Energy Regen: -1337%
Energy Storage: 42%
Power Management Unit
Voltage: 12.21
Current: 20.88
Power Consumption: 74.02
Energy Regen: 54%
Energy Storage: 15%
Power Management Unit
Voltage: 16.05
Current: 12.33
Power Consumption: 865.59
Energy Regen: 18%
Energy Storage: 1337%
Power Management Unit
Voltage: 16.15
Current: -73.19
Power Consumption: 620.03
Energy Regen: 49%
Energy Storage: 50%
Power Management Unit
Voltage: 12.48
Current: 80.14
Power Consumption: 715.74
Energy Regen: 30%
Energy Storage: 41%
Power Management Unit
Voltage: 18.49
Current: -53.67
Power Consumption: 831.69
Energy Regen: 98%
Energy Storage: 83%
Power Management Unit
Voltage: 17.94
Current: 40.43
Power Consumption: 264.54
Energy Regen: 56%
Energy Storage: 18%
Power Management Unit
Voltage: 17.41
Current: 1337.00
Power Consumption: 191.55
Energy Regen: 12%
Energy Storage: 38%
Power Management Unit
Voltage: 11.77
Current: -78.59
Power Consumption: 867.33
Energy Regen: 73%
Energy Storage: 97%
Power Management Unit
Voltage: 16.74
Current: -28.08
Power Consumption: 534.62
Energy Regen: 80%
Energy Storage: 4%
Power Management Unit
Voltage: 19.75
Current: 22.92
Power Consumption: 492.62
Energy Regen: 19%
Energy Storage: 91%
Power Management Unit
Voltage: 13.14
Current: -6.70
Power Consumption: 774.05
Energy Regen: 16%
Energy Storage: 97%
Power Management Unit
Voltage: 14.79
Current: -72.27
Power Consumption: 898.63
Energy Regen: 16%
Energy Storage: 32%
Power Management Unit
Voltage: 17.50
Current: 49.28
Power Consumption: 171.52
Energy Regen: 85%
Energy Storage: 24%
Power Management Unit
Voltage: 10.42
Current: 52.22
Power Consumption: 187.28
Energy Regen: 38%
Energy Storage: 49%
Power Management Unit
Voltage: 16.59
Current: 31.26
Power Consumption: 425.02
Energy Regen: 100%
Energy Storage: 37%
Power Management Unit
Voltage: 10.75
Current: 44.17
Power Consumption: 888.07
Energy Regen: 73%
Energy Storage: 10%
Power Management Unit
Voltage: 12.66
Current: 30.75
Power Consumption: 720.23
Energy Regen: 42%
Energy Storage: 77%
Power Management Unit
Voltage: 17.20
Current: -54.51
Power Consumption: 283.41
Energy Regen: 95%
Energy Storage: 47%
Power Management Unit
Voltage: 19.21
Current: 70.27
Power Consumption: 805.75
Energy Regen: 74%
Energy Storage: 69%
Power Management Unit
Voltage: 14.58
Current: -94.31
Power Consumption: 244.58
Energy Regen: 59%
Energy Storage: 36%
Power Management Unit
Voltage: 19.62
Current: 18.80
Power Consumption: 697.06
Energy Regen: 60%
Energy Storage: 26%
Power Management Unit
Voltage: 15.22
Current: -52.89
Power Consumption: 974.79
Energy Regen: 42%
Energy Storage: 27%
Power Management Unit
Voltage: -1337.00
Current: -98.22
Power Consumption: 312.88
Energy Regen: 21%
Energy Storage: 12%
Power Management Unit
Voltage: 14.52
Current: -10.67
Power Consumption: 922.06
Energy Regen: 25%
Energy Storage: 95%
Power Management Unit
Voltage: 12.08
Current: -59.59
Power Consumption: 694.61
Energy Regen: 73%
Energy Storage: 30%
Power Management Unit
Voltage: 10.25
Current: 42.20
Power Consumption: 496.82
Energy Regen: 29%
Energy Storage: 49%
Power Management Unit
Voltage: 17.88
Current: 6.22
Power Consumption: 951.67
Energy Regen: 82%
Energy Storage: 69%
Power Management Unit
Voltage: 16.94
Current: 33.73
Power Consumption: 885.41
Energy Regen: 43%
Energy Storage: 25%
Power Management Unit
Voltage: 19.81
Current: -71.43
Power Consumption: 728.68
Energy Regen: 21%
Energy Storage: 1337%
Power Management Unit
Voltage: 11.04
Current: 57.94
Power Consumption: 123.51
Energy Regen: 76%
Energy Storage: 71%
Power Management Unit
Voltage: 10.42
Current: -55.78
Power Consumption: 865.19
Energy Regen: 14%
Energy Storage: 42%
Power Management Unit
Voltage: 18.52
Current: -42.16
Power Consumption: 578.28
Energy Regen: 89%
Energy Storage: 95%
Power Management Unit
Voltage: 13.67
Current: -25.59
Power Consumption: 414.35
Energy Regen: 77%
Energy Storage: 72%
Power Management Unit
Voltage: 16.08
Current: -27.31
Power Consumption: 782.12
Energy Regen: 28%
Energy Storage: 5%
Power Management Unit
Voltage: 12.82
Current: 65.15
Power Consumption: 27.19
Energy Regen: 0%
Energy Storage: 80%
Power Management Unit
Voltage: 10.93
Current: 24.98
Power Consumption: 775.71
Energy Regen: 25%
Energy Storage: 56%
Power Management Unit
Voltage: 11.01
Current: 1337.00
Power Consumption: 143.52
Energy Regen: 41%
Energy Storage: 97%
Power Management Unit
Voltage: 14.11
Current: 94.65
Power Consumption: 702.09
Energy Regen: 79%
Energy Storage: 1337%
Power Management Unit
Voltage: 19.97
Current: 44.07
Power Consumption: 287.62
Energy Regen: 39%
Energy Storage: 3%
Power Management Unit
Voltage: 12.65
Current: 51.41
Power Consumption: 678.34
Energy Regen: 0%
Energy Storage: 68%
Power Management Unit
Voltage: 12.57
Current: -17.95
Power Consumption: 711.64
Energy Regen: 70%
Energy Storage: 1337%
Power Management Unit
Voltage: 14.64
Current: 45.30
Power Consumption: 464.53
Energy Regen: 32%
Energy Storage: 41%
Power Management Unit
Voltage: 14.48
Current: -48.53
Power Consumption: 289.16
Energy Regen: 53%
Energy Storage: 71%
Power Management Unit
Voltage: 19.10
Current: -77.45
Power Consumption: 130.73
Energy Regen: 38%
Energy Storage: 88%
Power Management Unit
Voltage: 17.08
Current: -47.43
Power Consumption: 761.09
Energy Regen: 53%
Energy Storage: 10%
Power Management Unit
Voltage: 19.52
Current: 4.56
Power Consumption: 186.59
Energy Regen: 87%
Energy Storage: 57%
Power Management Unit
Voltage: 16.04
Current: -66.45
Power Consumption: 306.76
Energy Regen: 15%
Energy Storage: 46%
Power Management Unit
Voltage: 15.95
Current: -83.68
Power Consumption: 329.98
Energy Regen: 10%
Energy Storage: 12%
Power Management Unit
Voltage: 14.04
Current: -79.88
Power Consumption: 369.65
Energy Regen: 17%
Energy Storage: 42%
Power Management Unit
Voltage: 13.60
Current: -20.32
Power Consumption: 733.42
Energy Regen: 25%
Energy Storage: 77%
Power Management Unit
Voltage: 11.57
Current: 4.20
Power Consumption: 879.55
Energy Regen: 63%
Energy Storage: 24%
Power Management Unit
Voltage: 19.03
Current: -76.53
Power Consumption: 987.65
Energy Regen: 11%
Energy Storage: 55%
Power Management Unit
Voltage: 11.17
Current: -97.96
Power Consumption: 303.03
Energy Regen: 32%
Energy Storage: 17%
Power Management Unit
Voltage: 15.74
Current: -32.76
Power Consumption: 195.23
Energy Regen: 74%
Energy Storage: 98%
Power Management Unit
Voltage: 17.98
Current: 53.37
Power Consumption: 635.59
Energy Regen: 33%
Energy Storage: 4%
Power Management Unit
Voltage: 18.02
Current: 75.19
Power Consumption: 403.44
Energy Regen: 84%
Energy Storage: 34%
Power Management Unit
Voltage: 17.10
Current: 81.14
Power Consumption: 187.03
Energy Regen: 3%
Energy Storage: 57%
Power Management Unit
Voltage: 12.54
Current: 24.83
Power Consumption: 638.75
Energy Regen: 61%
Energy Storage: 41%
Power Management Unit
Voltage: 11.41
Current: -81.54
Power Consumption: 1337.00
Energy Regen: 52%
Energy Storage: 92%
Power Management Unit
Voltage: 17.06
Current: 74.22
Power Consumption: 422.82
Energy Regen: 91%
Energy Storage: 100%
Power Management Unit
Voltage: 12.18
Current: 47.47
Power Consumption: 735.16
Energy Regen: 70%
Energy Storage: 87%
Power Management Unit
Voltage: 15.51
Current: -74.92
Power Consumption: 282.89
Energy Regen: 19%
Energy Storage: 7%
Power Management Unit
Voltage: 15.99
Current: 86.09
Power Consumption: 584.57
Energy Regen: 30%
Energy Storage: 98%
Power Management Unit
Voltage: 12.36
Current: 80.86
Power Consumption: 425.83
Energy Regen: 62%
Energy Storage: 0%
Power Management Unit
Voltage: 15.73
Current: 51.97
Power Consumption: 865.10
Energy Regen: 62%
Energy Storage: 48%
Power Management Unit
Voltage: 14.68
Current: 69.38
Power Consumption: 276.35
Energy Regen: 91%
Energy Storage: 26%
Power Management Unit
Voltage: 15.83
Current: 47.84
Power Consumption: 833.69
Energy Regen: 64%
Energy Storage: 82%
Power Management Unit
Voltage: 16.14
Current: 64.17
Power Consumption: 78.67
Energy Regen: 90%
Energy Storage: 92%
Power Management Unit
Voltage: 18.84
Current: -76.03
Power Consumption: 455.55
Energy Regen: 66%
Energy Storage: 12%
Power Management Unit
Voltage: 11.71
Current: -64.06
Power Consumption: 728.40
Energy Regen: 73%
Energy Storage: 12%
Power Management Unit
Voltage: 10.88
Current: -36.41
Power Consumption: 892.82
Energy Regen: 81%
Energy Storage: 38%
Power Management Unit
Voltage: 16.40
Current: -15.08
Power Consumption: 415.28
Energy Regen: 53%
Energy Storage: 19%
Power Management Unit
Voltage: 13.28
Current: -90.79
Power Consumption: 180.82
Energy Regen: 42%
Energy Storage: 72%
Power Management Unit
Voltage: 16.22
Current: -17.64
Power Consumption: 127.10
Energy Regen: 58%
Energy Storage: 21%
Power Management Unit
Voltage: 11.24
Current: 95.35
Power Consumption: 970.31
Energy Regen: 7%
Energy Storage: 63%
Power Management Unit
Voltage: -1337.00
Current: -36.05
Power Consumption: 765.58
Energy Regen: 12%
Energy Storage: 22%
Power Management Unit
Voltage: 13.42
Current: 57.79
Power Consumption: 231.07
Energy Regen: 38%
Energy Storage: 39%
Power Management Unit
Voltage: 19.82
Current: -2.04
Power Consumption: 709.16
Energy Regen: 30%
Energy Storage: 81%
Power Management Unit
Voltage: 12.95
Current: 15.58
Power Consumption: 932.44
Energy Regen: 58%
Energy Storage: 66%
Power Management Unit
Voltage: 14.57
Current: -52.60
Power Consumption: 170.07
Energy Regen: 4%
Energy Storage: 77%
Power Management Unit
Voltage: 19.79
Current: 42.36
Power Consumption: 966.83
Energy Regen: 39%
Energy Storage: 5%
Power Management Unit
Voltage: 15.21
Current: 26.72
Power Consumption: 484.39
Energy Regen: 70%
Energy Storage: 15%
Power Management Unit
Voltage: 18.55
Current: -68.54
Power Consumption: 377.44
Energy Regen: 8%
Energy Storage: 10%
Power Management Unit
Voltage: 18.08
Current: -8.10
Power Consumption: 17.10
Energy Regen: 2%
Energy Storage: 41%
Power Management Unit
Voltage: 13.45
Current: -39.02
Power Consumption: 168.68
Energy Regen: 11%
Energy Storage: 92%
Power Management Unit
Voltage: 11.54
Current: 85.24
Power Consumption: 763.16
Energy Regen: 30%
Energy Storage: 8%
Power Management Unit
Voltage: 10.94
Current: 24.94
Power Consumption: 217.52
Energy Regen: 25%
Energy Storage: 79%
Power Management Unit
Voltage: 16.65
Current: 14.79
Power Consumption: 62.90
Energy Regen: 14%
Energy Storage: 87%
Power Management Unit
Voltage: 13.11
Current: -63.93
Power Consumption: 942.70
Energy Regen: 5%
Energy Storage: 6%
Power Management Unit
Voltage: -1337.00
Current: -16.80
Power Consumption: 669.78
Energy Regen: 28%
Energy Storage: 28%
Power Management Unit
Voltage: 10.89
Current: -20.30
Power Consumption: 116.00
Energy Regen: 64%
Energy Storage: 85%
Power Management Unit
Voltage: 18.85
Current: -80.12
Power Consumption: 62.42
Energy Regen: 83%
Energy Storage: 1%
Power Management Unit
Voltage: 18.50
Current: 87.74
Power Consumption: 320.24
Energy Regen: 36%
Energy Storage: 47%
Power Management Unit
Voltage: 13.78
Current: -40.92
Power Consumption: 630.05
Energy Regen: 66%
Energy Storage: 62%
Power Management Unit
Voltage: 14.13
Current: -10.92
Power Consumption: 1337.00
Energy Regen: 55%
Energy Storage: 45%
Power Management Unit
Voltage: 14.75
Current: 78.54
Power Consumption: 463.18
Energy Regen: 18%
Energy Storage: 35%
Power Management Unit
Voltage: 16.24
Current: -55.95
Power Consumption: 414.59
Energy Regen: 50%
Energy Storage: 96%
Power Management Unit
Voltage: 19.76
Current: 90.47
Power Consumption: 903.96
Energy Regen: 80%
Energy Storage: 63%
Power Management Unit
Voltage: 14.36
Current: -50.00
Power Consumption: 918.92
Energy Regen: 48%
Energy Storage: 23%
Power Management Unit
Voltage: 12.00
Current: -28.53
Power Consumption: 491.96
Energy Regen: 86%
Energy Storage: 82%
Power Management Unit
Voltage: -1337.00
Current: -70.58
Power Consumption: 112.26
Energy Regen: 24%
Energy Storage: 41%
Power Management Unit
Voltage: 14.41
Current: -16.14
Power Consumption: 541.59
Energy Regen: 67%
Energy Storage: 64%
Power Management Unit
Voltage: 19.18
Current: -52.99
Power Consumption: 192.69
Energy Regen: 84%
Energy Storage: 39%
Power Management Unit
Voltage: 14.64
Current: -1.23
Power Consumption: 948.82
Energy Regen: 70%
Energy Storage: 93%
Power Management Unit
Voltage: 12.09
Current: 1337.00
Power Consumption: 80.77
Energy Regen: 81%
Energy Storage: 95%
Power Management Unit
Voltage: 17.07
Current: 1.32
Power Consumption: 755.08
Energy Regen: -1337%
Energy Storage: 60%
Power Management Unit
Voltage: 17.01
Current: -83.92
Power Consumption: 234.42
Energy Regen: 41%
Energy Storage: 16%
Power Management Unit
Voltage: 19.17
Current: -31.83
Power Consumption: 1337.00
Energy Regen: 91%
Energy Storage: 8%
Power Management Unit
Voltage: 16.19
Current: 1337.00
Power Consumption: 882.13
Energy Regen: 34%
Energy Storage: 74%
Power Management Unit
Voltage: 15.73
Current: -5.67
Power Consumption: 1337.00
Energy Regen: 8%
Energy Storage: 13%
Power Management Unit
Voltage: 19.32
Current: 3.51
Power Consumption: 385.09
Energy Regen: 6%
Energy Storage: 79%
Power Management Unit
Voltage: 12.75
Current: 86.97
Power Consumption: 86.71
Energy Regen: 79%
Energy Storage: 77%
Power Management Unit
Voltage: 11.19
Current: 64.26
Power Consumption: 457.85
Energy Regen: 27%
Energy Storage: 68%
Power Management Unit
Voltage: 18.48
Current: -98.42
Power Consumption: 280.36
Energy Regen: 29%
Energy Storage: 55%
Power Management Unit
Voltage: -1337.00
Current: 72.20
Power Consumption: 211.03
Energy Regen: 96%
Energy Storage: 29%
Power Management Unit
Voltage: 13.00
Current: 84.22
Power Consumption: 910.12
Energy Regen: 22%
Energy Storage: 49%
Power Management Unit
Voltage: 11.33
Current: 1.13
Power Consumption: 477.12
Energy Regen: -1337%
Energy Storage: 5%
Power Management Unit
Voltage: 16.45
Current: 69.98
Power Consumption: 225.35
Energy Regen: 91%
Energy Storage: 35%
Power Management Unit
Voltage: 16.67
Current: 74.35
Power Consumption: 826.37
Energy Regen: 70%
Energy Storage: 45%
Power Management Unit
Voltage: 18.94
Current: 14.21
Power Consumption: 656.58
Energy Regen: 2%
Energy Storage: 95%
Power Management Unit
Voltage: 19.31
Current: 5.44
Power Consumption: 238.53
Energy Regen: 48%
Energy Storage: 65%
Power Management Unit
Voltage: 16.31
Current: 44.96
Power Consumption: 746.54
Energy Regen: 30%
Energy Storage: 99%
Power Management Unit
Voltage: 12.43
Current: 81.07
Power Consumption: 162.27
Energy Regen: 56%
Energy Storage: 75%
Power Management Unit
Voltage: 14.04
Current: 16.04
Power Consumption: 897.79
Energy Regen: 53%
Energy Storage: 69%
Power Management Unit
Voltage: 11.71
Current: -18.09
Power Consumption: 274.43
Energy Regen: 45%
Energy Storage: 57%
Power Management Unit
Voltage: 19.98
Current: 90.15
Power Consumption: 824.29
Energy Regen: 52%
Energy Storage: 39%
Power Management Unit
Voltage: 16.51
Current: -67.27
Power Consumption: 298.01
Energy Regen: 0%
Energy Storage: 7%
Power Management Unit
Voltage: 10.82
Current: -98.11
Power Consumption: 824.34
Energy Regen: 99%
Energy Storage: 7%
Power Management Unit
Voltage: 12.78
Current: -27.52
Power Consumption: 479.25
Energy Regen: 61%
Energy Storage: 48%
Power Management Unit
Voltage: 11.61
Current: 38.20
Power Consumption: 72.34
Energy Regen: 9%
Energy Storage: 38%
Power Management Unit
Voltage: 19.28
Current: 72.64
Power Consumption: 241.64
Energy Regen: 8%
Energy Storage: 90%
Power Management Unit
Voltage: 16.53
Current: -95.96
Power Consumption: 403.65
Energy Regen: 43%
Energy Storage: 11%
Power Management Unit
Voltage: 10.46
Current: 66.40
Power Consumption: 955.38
Energy Regen: 72%
Energy Storage: 1337%
Power Management Unit
Voltage: 11.52
Current: -15.75
Power Consumption: 858.34
Energy Regen: 66%
Energy Storage: 71%
Power Management Unit
Voltage: 14.00
Current: 97.55
Power Consumption: 756.91
Energy Regen: 42%
Energy Storage: 67%
Power Management Unit
Voltage: 18.75
Current: 68.21
Power Consumption: 3.50
Energy Regen: 70%
Energy Storage: 13%
Power Management Unit
Voltage: 15.86
Current: 83.73
Power Consumption: 832.21
Energy Regen: 23%
Energy Storage: 36%
Power Management Unit
Voltage: 13.46
Current: 46.02
Power Consumption: 58.56
Energy Regen: -1337%
Energy Storage: 46%
Power Management Unit
Voltage: -1337.00
Current: 72.19
Power Consumption: 476.22
Energy Regen: 39%
Energy Storage: 96%
Power Management Unit
Voltage: 15.31
Current: -26.77
Power Consumption: 558.20
Energy Regen: 97%
Energy Storage: 21%
Power Management Unit
Voltage: 15.73
Current: -91.36
Power Consumption: 265.47
Energy Regen: 67%
Energy Storage: 1337%
Power Management Unit
Voltage: 16.54
Current: 39.28
Power Consumption: 74.04
Energy Regen: 2%
Energy Storage: 83%
Power Management Unit
Voltage: 13.78
Current: -82.56
Power Consumption: 49.46
Energy Regen: 12%
Energy Storage: 36%
Power Management Unit
Voltage: 15.67
Current: 18.20
Power Consumption: 264.15
Energy Regen: 45%
Energy Storage: 43%
Power Management Unit
Voltage: 14.73
Current: -25.27
Power Consumption: 620.11
Energy Regen: 19%
Energy Storage: 42%
Power Management Unit
Voltage: 13.48
Current: -39.99
Power Consumption: 552.67
Energy Regen: 67%
Energy Storage: 16%
Power Management Unit
Voltage: 13.33
Current: -59.16
Power Consumption: 943.52
Energy Regen: 12%
Energy Storage: 15%
Power Management Unit
Voltage: 14.72
Current: -21.98
Power Consumption: 4.27
Energy Regen: 40%
Energy Storage: 55%
Power Management Unit
Voltage: 14.26
Current: 1337.00
Power Consumption: 79.46
Energy Regen: 48%
Energy Storage: 17%
Power Management Unit
Voltage: 14.24
Current: -7.54
Power Consumption: 215.75
Energy Regen: 36%
Energy Storage: 52%
Power Management Unit
Voltage: 10.94
Current: -22.13
Power Consumption: 794.68
Energy Regen: 95%
Energy Storage: 60%
Power Management Unit
Voltage: 10.26
Current: 94.42
Power Consumption: 334.04
Energy Regen: 6%
Energy Storage: 96%
Power Management Unit
Voltage: 14.92
Current: -29.20
Power Consumption: 65.19
Energy Regen: 17%
Energy Storage: 82%
Power Management Unit
Voltage: 15.39
Current: -52.61
Power Consumption: 397.44
Energy Regen: 12%
Energy Storage: 82%
Power Management Unit
Voltage: -1337.00
Current: 14.49
Power Consumption: 745.76
Energy Regen: 19%
Energy Storage: 18%
Power Management Unit
Voltage: 10.53
Current: -25.42
Power Consumption: 318.83
Energy Regen: 14%
Energy Storage: 97%
Power Management Unit
Voltage: 19.97
Current: 68.04
Power Consumption: 1337.00
Energy Regen: 67%
Energy Storage: 2%
Power Management Unit
Voltage: 18.73
Current: 49.50
Power Consumption: 726.33
Energy Regen: 38%
Energy Storage: 51%
Power Management Unit
Voltage: 13.52
Current: -21.13
Power Consumption: 832.91
Energy Regen: 54%
Energy Storage: 24%
Power Management Unit
Voltage: 14.17
Current: 31.13
Power Consumption: 458.95
Energy Regen: 32%
Energy Storage: 88%
Power Management Unit
Voltage: 15.39
Current: -71.30
Power Consumption: 421.33
Energy Regen: 30%
Energy Storage: 75%
Power Management Unit
Voltage: 12.06
Current: 59.05
Power Consumption: 1337.00
Energy Regen: 92%
Energy Storage: 42%
Power Management Unit
Voltage: 17.41
Current: -40.91
Power Consumption: 951.37
Energy Regen: 64%
Energy Storage: 2%
Power Management Unit
Voltage: 17.06
Current: -95.56
Power Consumption: 119.38
Energy Regen: 8%
Energy Storage: 18%
Power Management Unit
Voltage: 12.64
Current: -74.17
Power Consumption: 1337.00
Energy Regen: 61%
Energy Storage: 59%
Power Management Unit
Voltage: 19.30
Current: -65.24
Power Consumption: 71.37
Energy Regen: 91%
Energy Storage: 47%
Power Management Unit
Voltage: 19.23
Current: -79.17
Power Consumption: 1337.00
Energy Regen: 66%
Energy Storage: 31%
Power Management Unit
Voltage: 11.94
Current: -45.57
Power Consumption: 264.23
Energy Regen: 26%
Energy Storage: 81%
Power Management Unit
Voltage: -1337.00
Current: -43.43
Power Consumption: 575.62
Energy Regen: 48%
Energy Storage: 6%
Power Management Unit
Voltage: 14.64
Current: -12.46
Power Consumption: 812.01
Energy Regen: 44%
Energy Storage: 80%
Power Management Unit
Voltage: 16.36
Current: -11.93
Power Consumption: 143.36
Energy Regen: 12%
Energy Storage: 7%
Power Management Unit
Voltage: 11.29
Current: -20.24
Power Consumption: 721.63
Energy Regen: 51%
Energy Storage: 5%
Power Management Unit
Voltage: 14.08
Current: 37.44
Power Consumption: 610.35
Energy Regen: 85%
Energy Storage: 68%
Power Management Unit
Voltage: 16.20
Current: 71.81
Power Consumption: 221.55
Energy Regen: -1337%
Energy Storage: 65%
Power Management Unit
Voltage: 18.89
Current: 51.17
Power Consumption: 977.98
Energy Regen: 36%
Energy Storage: 7%
Power Management Unit
Voltage: 11.81
Current: -27.26
Power Consumption: 917.16
Energy Regen: 88%
Energy Storage: 1337%
Power Management Unit
Voltage: 16.13
Current: -60.15
Power Consumption: 875.94
Energy Regen: 67%
Energy Storage: 77%
Power Management Unit
Voltage: 10.19
Current: -78.54
Power Consumption: 959.52
Energy Regen: 80%
Energy Storage: 57%
Power Management Unit
Voltage: 11.69
Current: -60.00
Power Consumption: 172.97
Energy Regen: 15%
Energy Storage: 11%
Power Management Unit
Voltage: 17.80
Current: 42.27
Power Consumption: 665.14
Energy Regen: 25%
Energy Storage: 74%
Power Management Unit
Voltage: 17.51
Current: -42.08
Power Consumption: 1337.00
Energy Regen: 14%
Energy Storage: 40%
Power Management Unit
Voltage: 10.46
Current: -26.36
Power Consumption: 563.12
Energy Regen: 9%
Energy Storage: 30%
Power Management Unit
Voltage: -1337.00
Current: -3.71
Power Consumption: 235.02
Energy Regen: 23%
Energy Storage: 95%
Tire Sensor
Pressure: 23.61
Temperature: 47.18
Wear Level: 68%
Performance Score: Not Calculated
Tire Sensor
Pressure: 23.92
Temperature: 90.68
Wear Level: 0%
Performance Score: Not Calculated
Tire Sensor
Pressure: 21.27
Temperature: 95.37
Wear Level: 15%
Performance Score: Not Calculated
Tire Sensor
Pressure: 23.40
Temperature: 54.17
Wear Level: 6%
Performance Score: Not Calculated
Tire Sensor
Pressure: 19.76
Temperature: 55.40
Wear Level: 30%
Performance Score: Not Calculated
Tire Sensor
Pressure: 25.50
Temperature: 112.43
Wear Level: 3%
Performance Score: Not Calculated
Tire Sensor
Pressure: 20.38
Temperature: 15.30
Wear Level: 7%
Performance Score: Not Calculated
Tire Sensor
Pressure: 23.92
Temperature: 25.94
Wear Level: 4%
Performance Score: Not Calculated
Tire Sensor
Pressure: 20.58
Temperature: 112.59
Wear Level: 43%
Performance Score: Not Calculated
Tire Sensor
Pressure: 19.55
Temperature: 54.99
Wear Level: 1337%
Performance Score: Not Calculated
Tire Sensor
Pressure: 23.76
Temperature: 54.40
Wear Level: 17%
Performance Score: Not Calculated
Tire Sensor
Pressure: 21.49
Temperature: 22.03
Wear Level: 19%
Performance Score: Not Calculated
Tire Sensor
Pressure: -1337.00
Temperature: 106.77
Wear Level: 35%
Performance Score: Not Calculated
Tire Sensor
Pressure: 21.08
Temperature: 80.47
Wear Level: 72%
Performance Score: Not Calculated
Tire Sensor
Pressure: 25.94
Temperature: 119.69
Wear Level: 99%
Performance Score: Not Calculated
Tire Sensor
Pressure: 24.58
Temperature: 88.60
Wear Level: 73%
Performance Score: Not Calculated
Tire Sensor
Pressure: 19.16
Temperature: 106.63
Wear Level: 1337%
Performance Score: Not Calculated
Tire Sensor
Pressure: 25.22
Temperature: 34.76
Wear Level: 96%
Performance Score: Not Calculated
Tire Sensor
Pressure: 19.97
Temperature: 48.98
Wear Level: 76%
Performance Score: Not Calculated
Tire Sensor
Pressure: 23.38
Temperature: 66.70
Wear Level: 6%
Performance Score: Not Calculated
Tire Sensor
Pressure: 25.36
Temperature: 81.00
Wear Level: 46%
Performance Score: Not Calculated
Tire Sensor
Pressure: 21.17
Temperature: 11.41
Wear Level: 97%
Performance Score: Not Calculated
Tire Sensor
Pressure: 25.90
Temperature: 80.21
Wear Level: 54%
Performance Score: Not Calculated
Tire Sensor
Pressure: 21.94
Temperature: 88.58
Wear Level: 38%
Performance Score: Not Calculated
Tire Sensor
Pressure: 19.81
Temperature: 90.32
Wear Level: 41%
Performance Score: Not Calculated
Tire Sensor
Pressure: 22.46
Temperature: 57.77
Wear Level: 45%
Performance Score: Not Calculated
Tire Sensor
Pressure: 24.13
Temperature: 2.45
Wear Level: 87%
Performance Score: Not Calculated
Tire Sensor
Pressure: 21.62
Temperature: 34.33
Wear Level: 25%
Performance Score: Not Calculated
Tire Sensor
Pressure: 25.01
Temperature: 73.61
Wear Level: 54%
Performance Score: Not Calculated
Tire Sensor
Pressure: -1337.00
Temperature: 64.78
Wear Level: 70%
Performance Score: Not Calculated
Tire Sensor
Pressure: 19.87
Temperature: 114.82
Wear Level: 40%
Performance Score: Not Calculated
Tire Sensor
Pressure: 24.00
Temperature: 84.73
Wear Level: 57%
Performance Score: Not Calculated
Tire Sensor
Pressure: 21.16
Temperature: 58.82
Wear Level: 39%
Performance Score: Not Calculated
Tire Sensor
Pressure: 21.69
Temperature: 98.49
Wear Level: 75%
Performance Score: Not Calculated
Tire Sensor
Pressure: -1337.00
Temperature: 12.13
Wear Level: 12%
Performance Score: Not Calculated
Tire Sensor
Pressure: 25.51
Temperature: 31.88
Wear Level: 68%
Performance Score: Not Calculated
Tire Sensor
Pressure: 22.69
Temperature: 26.31
Wear Level: 63%
Performance Score: Not Calculated
Tire Sensor
Pressure: -1337.00
Temperature: 82.76
Wear Level: 21%
Performance Score: Not Calculated
Tire Sensor
Pressure: 20.91
Temperature: 74.62
Wear Level: 41%
Performance Score: Not Calculated
Tire Sensor
Pressure: 25.22
Temperature: 96.20
Wear Level: 20%
Performance Score: Not Calculated
Tire Sensor
Pressure: 20.20
Temperature: 89.92
Wear Level: 54%
Performance Score: Not Calculated
Tire Sensor
Pressure: 20.12
Temperature: 73.10
Wear Level: 86%
Performance Score: Not Calculated
Tire Sensor
Pressure: 23.95
Temperature: 50.30
Wear Level: 98%
Performance Score: Not Calculated
Tire Sensor
Pressure: 21.88
Temperature: 65.57
Wear Level: 67%
Performance Score: Not Calculated
Tire Sensor
Pressure: 22.48
Temperature: 86.37
Wear Level: 80%
Performance Score: Not Calculated
Tire Sensor
Pressure: 22.82
Temperature: 93.78
Wear Level: 5%
Performance Score: Not Calculated
Tire Sensor
Pressure: 20.89
Temperature: 100.45
Wear Level: 20%
Performance Score: Not Calculated
Tire Sensor
Pressure: 25.79
Temperature: 27.97
Wear Level: 8%
Performance Score: Not Calculated
Tire Sensor
Pressure: 25.48
Temperature: 46.64
Wear Level: 10%
Performance Score: Not Calculated
Tire Sensor
Pressure: 21.09
Temperature: 9.14
Wear Level: 9%
Performance Score: Not Calculated
Tire Sensor
Pressure: 19.07
Temperature: 73.39
Wear Level: 100%
Performance Score: Not Calculated
Tire Sensor
Pressure: 24.99
Temperature: 4.40
Wear Level: 28%
Performance Score: Not Calculated
Tire Sensor
Pressure: 23.27
Temperature: 1.91
Wear Level: 82%
Performance Score: Not Calculated
Tire Sensor
Pressure: 23.15
Temperature: 101.75
Wear Level: 10%
Performance Score: Not Calculated
Tire Sensor
Pressure: 23.01
Temperature: 75.37
Wear Level: 16%
Performance Score: Not Calculated
Tire Sensor
Pressure: 19.92
Temperature: 1337.00
Wear Level: 54%
Performance Score: Not Calculated
Tire Sensor
Pressure: 19.87
Temperature: 2.30
Wear Level: 1337%
Performance Score: Not Calculated
Tire Sensor
Pressure: 22.80
Temperature: 42.71
Wear Level: 1337%
Performance Score: Not Calculated
Tire Sensor
Pressure: 19.78
Temperature: 90.32
Wear Level: 44%
Performance Score: Not Calculated
Tire Sensor
Pressure: 19.81
Temperature: 1337.00
Wear Level: 74%
Performance Score: Not Calculated
Tire Sensor
Pressure: 25.17
Temperature: 29.93
Wear Level: 22%
Performance Score: Not Calculated
Tire Sensor
Pressure: 24.17
Temperature: 59.93
Wear Level: 82%
Performance Score: Not Calculated
Tire Sensor
Pressure: 23.86
Temperature: 81.12
Wear Level: 35%
Performance Score: Not Calculated
Tire Sensor
Pressure: 24.25
Temperature: 58.13
Wear Level: 32%
Performance Score: Not Calculated
Tire Sensor
Pressure: 23.30
Temperature: 33.38
Wear Level: 16%
Performance Score: Not Calculated
Tire Sensor
Pressure: 22.90
Temperature: 86.06
Wear Level: 31%
Performance Score: Not Calculated
Tire Sensor
Pressure: 24.23
Temperature: 13.37
Wear Level: 33%
Performance Score: Not Calculated
Tire Sensor
Pressure: -1337.00
Temperature: 103.85
Wear Level: 4%
Performance Score: Not Calculated
Tire Sensor
Pressure: 20.08
Temperature: 49.57
Wear Level: 88%
Performance Score: Not Calculated
Tire Sensor
Pressure: 20.74
Temperature: 55.49
Wear Level: 14%
Performance Score: Not Calculated
Tire Sensor
Pressure: 19.88
Temperature: 28.00
Wear Level: 75%
Performance Score: Not Calculated
Tire Sensor
Pressure: 20.67
Temperature: 1337.00
Wear Level: 6%
Performance Score: Not Calculated
Tire Sensor
Pressure: 24.91
Temperature: 85.70
Wear Level: 49%
Performance Score: Not Calculated
Tire Sensor
Pressure: 23.41
Temperature: 65.19
Wear Level: 52%
Performance Score: Not Calculated
Tire Sensor
Pressure: 25.01
Temperature: 2.02
Wear Level: 41%
Performance Score: Not Calculated
Tire Sensor
Pressure: 25.74
Temperature: 3.92
Wear Level: 76%
Performance Score: Not Calculated
Tire Sensor
Pressure: 23.05
Temperature: 1337.00
Wear Level: 75%
Performance Score: Not Calculated
Tire Sensor
Pressure: -1337.00
Temperature: 87.88
Wear Level: 26%
Performance Score: Not Calculated
Tire Sensor
Pressure: 20.30
Temperature: 11.31
Wear Level: 15%
Performance Score: Not Calculated
Tire Sensor
Pressure: 23.83
Temperature: 32.35
Wear Level: 88%
Performance Score: Not Calculated
Tire Sensor
Pressure: 23.27
Temperature: 10.97
Wear Level: 1337%
Performance Score: Not Calculated
Tire Sensor
Pressure: 20.63
Temperature: 107.95
Wear Level: 30%
Performance Score: Not Calculated
Tire Sensor
Pressure: -1337.00
Temperature: 90.61
Wear Level: 10%
Performance Score: Not Calculated
Tire Sensor
Pressure: 21.11
Temperature: 66.96
Wear Level: 13%
Performance Score: Not Calculated
Tire Sensor
Pressure: 25.13
Temperature: 34.49
Wear Level: 39%
Performance Score: Not Calculated
Tire Sensor
Pressure: 23.94
Temperature: 114.28
Wear Level: 45%
Performance Score: Not Calculated
Tire Sensor
Pressure: 21.18
Temperature: 0.47
Wear Level: 70%
Performance Score: Not Calculated
Tire Sensor
Pressure: 24.24
Temperature: 29.75
Wear Level: 81%
Performance Score: Not Calculated
Tire Sensor
Pressure: 22.27
Temperature: 29.18
Wear Level: 80%
Performance Score: Not Calculated
Tire Sensor
Pressure: 21.44
Temperature: 83.52
Wear Level: 24%
Performance Score: Not Calculated
Tire Sensor
Pressure: 19.42
Temperature: 109.67
Wear Level: 90%
Performance Score: Not Calculated
Tire Sensor
Pressure: 24.30
Temperature: 53.27
Wear Level: 78%
Performance Score: Not Calculated
Tire Sensor
Pressure: -1337.00
Temperature: 69.94
Wear Level: 17%
Performance Score: Not Calculated
Tire Sensor
Pressure: 22.74
Temperature: 58.14
Wear Level: 34%
Performance Score: Not Calculated
Tire Sensor
Pressure: 21.39
Temperature: 13.91
Wear Level: 23%
Performance Score: Not Calculated
Tire Sensor
Pressure: 21.72
Temperature: 117.68
Wear Level: 93%
Performance Score: Not Calculated
Tire Sensor
Pressure: 21.85
Temperature: 84.99
Wear Level: 24%
Performance Score: Not Calculated
Tire Sensor
Pressure: 24.14
Temperature: 48.73
Wear Level: 43%
Performance Score: Not Calculated
Tire Sensor
Pressure: 22.65
Temperature: 86.36
Wear Level: 62%
Performance Score: Not Calculated
Tire Sensor
Pressure: 19.75
Temperature: 113.40
Wear Level: 20%
Performance Score: Not Calculated
Tire Sensor
Pressure: 23.97
Temperature: 17.88
Wear Level: 1337%
Performance Score: Not Calculated
Tire Sensor
Pressure: 24.93
Temperature: 83.09
Wear Level: 68%
Performance Score: Not Calculated
Tire Sensor
Pressure: 20.41
Temperature: 109.67
Wear Level: 1%
Performance Score: Not Calculated
Tire Sensor
Pressure: 23.97
Temperature: 99.15
Wear Level: 68%
Performance Score: Not Calculated
Tire Sensor
Pressure: 24.32
Temperature: 114.48
Wear Level: 3%
Performance Score: Not Calculated
Tire Sensor
Pressure: 23.05
Temperature: 79.52
Wear Level: 1337%
Performance Score: Not Calculated
Tire Sensor
Pressure: 20.99
Temperature: 49.73
Wear Level: 60%
Performance Score: Not Calculated
Tire Sensor
Pressure: 20.67
Temperature: 103.37
Wear Level: 1337%
Performance Score: Not Calculated
Tire Sensor
Pressure: 20.54
Temperature: 113.88
Wear Level: 35%
Performance Score: Not Calculated
Tire Sensor
Pressure: 19.47
Temperature: 41.96
Wear Level: 18%
Performance Score: Not Calculated
Tire Sensor
Pressure: 22.81
Temperature: 2.45
Wear Level: 60%
Performance Score: Not Calculated
Tire Sensor
Pressure: 20.23
Temperature: 26.80
Wear Level: 20%
Performance Score: Not Calculated
Tire Sensor
Pressure: 20.97
Temperature: 28.54
Wear Level: 28%
Performance Score: Not Calculated
Tire Sensor
Pressure: 19.47
Temperature: 75.34
Wear Level: 46%
Performance Score: Not Calculated
Tire Sensor
Pressure: 19.01
Temperature: 49.35
Wear Level: 65%
Performance Score: Not Calculated
Tire Sensor
Pressure: 20.46
Temperature: 116.82
Wear Level: 94%
Performance Score: Not Calculated
Tire Sensor
Pressure: -1337.00
Temperature: 90.54
Wear Level: 82%
Performance Score: Not Calculated
Tire Sensor
Pressure: 25.80
Temperature: 45.71
Wear Level: 1337%
Performance Score: Not Calculated
Tire Sensor
Pressure: 25.80
Temperature: 5.15
Wear Level: 67%
Performance Score: Not Calculated
Tire Sensor
Pressure: 22.56
Temperature: 47.97
Wear Level: 83%
Performance Score: Not Calculated
Tire Sensor
Pressure: 19.51
Temperature: 16.61
Wear Level: 99%
Performance Score: Not Calculated
Tire Sensor
Pressure: 20.49
Temperature: 58.25
Wear Level: 79%
Performance Score: Not Calculated
Tire Sensor
Pressure: 25.40
Temperature: 93.59
Wear Level: 17%
Performance Score: Not Calculated
Tire Sensor
Pressure: -1337.00
Temperature: 26.30
Wear Level: 33%
Performance Score: Not Calculated
Tire Sensor
Pressure: 23.71
Temperature: 21.46
Wear Level: 71%
Performance Score: Not Calculated
Tire Sensor
Pressure: 22.83
Temperature: 99.53
Wear Level: 66%
Performance Score: Not Calculated
Tire Sensor
Pressure: 23.87
Temperature: 92.86
Wear Level: 75%
Performance Score: Not Calculated
Tire Sensor
Pressure: 20.09
Temperature: 41.57
Wear Level: 29%
Performance Score: Not Calculated
Tire Sensor
Pressure: -1337.00
Temperature: 35.51
Wear Level: 73%
Performance Score: Not Calculated
Tire Sensor
Pressure: 23.04
Temperature: 40.20
Wear Level: 46%
Performance Score: Not Calculated
Tire Sensor
Pressure: 19.99
Temperature: 41.64
Wear Level: 1337%
Performance Score: Not Calculated
Tire Sensor
Pressure: 24.98
Temperature: 41.49
Wear Level: 14%
Performance Score: Not Calculated
Tire Sensor
Pressure: 20.89
Temperature: 84.06
Wear Level: 50%
Performance Score: Not Calculated
Tire Sensor
Pressure: 25.88
Temperature: 85.32
Wear Level: 13%
Performance Score: Not Calculated
Tire Sensor
Pressure: 22.85
Temperature: 85.03
Wear Level: 0%
Performance Score: Not Calculated
Tire Sensor
Pressure: 21.70
Temperature: 109.54
Wear Level: 65%
Performance Score: Not Calculated
Tire Sensor
Pressure: 20.73
Temperature: 85.80
Wear Level: 52%
Performance Score: Not Calculated
Tire Sensor
Pressure: 20.93
Temperature: 58.04
Wear Level: 83%
Performance Score: Not Calculated
Tire Sensor
Pressure: 21.75
Temperature: 65.81
Wear Level: 62%
Performance Score: Not Calculated
Tire Sensor
Pressure: 25.91
Temperature: 4.70
Wear Level: 29%
Performance Score: Not Calculated
Tire Sensor
Pressure: 22.59
Temperature: 64.84
Wear Level: 84%
Performance Score: Not Calculated
Tire Sensor
Pressure: 20.75
Temperature: 2.19
Wear Level: 9%
Performance Score: Not Calculated
Tire Sensor
Pressure: 24.05
Temperature: 59.13
Wear Level: 92%
Performance Score: Not Calculated
Tire Sensor
Pressure: 21.88
Temperature: 0.42
Wear Level: 62%
Performance Score: Not Calculated
Tire Sensor
Pressure: 24.47
Temperature: 1.37
Wear Level: 64%
Performance Score: Not Calculated
Tire Sensor
Pressure: 23.43
Temperature: 63.33
Wear Level: 67%
Performance Score: Not Calculated
Tire Sensor
Pressure: -1337.00
Temperature: 17.82
Wear Level: 1%
Performance Score: Not Calculated
Tire Sensor
Pressure: 20.01
Temperature: 38.99
Wear Level: 94%
Performance Score: Not Calculated
Tire Sensor
Pressure: 19.48
Temperature: 47.99
Wear Level: 38%
Performance Score: Not Calculated
Tire Sensor
Pressure: 22.65
Temperature: 14.08
Wear Level: 96%
Performance Score: Not Calculated
Tire Sensor
Pressure: 22.42
Temperature: 46.75
Wear Level: 18%
Performance Score: Not Calculated
Tire Sensor
Pressure: 25.61
Temperature: 31.52
Wear Level: 51%
Performance Score: Not Calculated
Tire Sensor
Pressure: 21.19
Temperature: 1337.00
Wear Level: 27%
Performance Score: Not Calculated
Tire Sensor
Pressure: 24.37
Temperature: 2.40
Wear Level: 100%
Performance Score: Not Calculated
Tire Sensor
Pressure: 22.74
Temperature: 95.31
Wear Level: 57%
Performance Score: Not Calculated
Tire Sensor
Pressure: -1337.00
Temperature: 17.18
Wear Level: 63%
Performance Score: Not Calculated
Tire Sensor
Pressure: -1337.00
Temperature: 14.41
Wear Level: 99%
Performance Score: Not Calculated
Tire Sensor
Pressure: 24.77
Temperature: 1337.00
Wear Level: 98%
Performance Score: Not Calculated
Tire Sensor
Pressure: 24.13
Temperature: 66.74
Wear Level: 73%
Performance Score: Not Calculated
Tire Sensor
Pressure: 23.61
Temperature: 27.41
Wear Level: 20%
Performance Score: Not Calculated
Tire Sensor
Pressure: 22.81
Temperature: 89.69
Wear Level: 63%
Performance Score: Not Calculated
Tire Sensor
Pressure: 19.47
Temperature: 44.50
Wear Level: 98%
Performance Score: Not Calculated
Tire Sensor
Pressure: 22.15
Temperature: 84.12
Wear Level: 35%
Performance Score: Not Calculated
Tire Sensor
Pressure: 25.70
Temperature: 2.71
Wear Level: 76%
Performance Score: Not Calculated
Tire Sensor
Pressure: 22.65
Temperature: 16.56
Wear Level: 29%
Performance Score: Not Calculated
Tire Sensor
Pressure: -1337.00
Temperature: 5.22
Wear Level: 37%
Performance Score: Not Calculated
Tire Sensor
Pressure: 24.70
Temperature: 43.16
Wear Level: 61%
Performance Score: Not Calculated
Tire Sensor
Pressure: 21.02
Temperature: 22.09
Wear Level: 84%
Performance Score: Not Calculated
Tire Sensor
Pressure: 23.87
Temperature: 2.14
Wear Level: 63%
Performance Score: Not Calculated
Tire Sensor
Pressure: 23.08
Temperature: 81.74
Wear Level: 52%
Performance Score: Not Calculated
Tire Sensor
Pressure: 20.45
Temperature: 61.28
Wear Level: 14%
Performance Score: Not Calculated
Tire Sensor
Pressure: -1337.00
Temperature: 39.22
Wear Level: 72%
Performance Score: Not Calculated
Tire Sensor
Pressure: 25.04
Temperature: 102.04
Wear Level: 29%
Performance Score: Not Calculated
Tire Sensor
Pressure: 25.42
Temperature: 42.40
Wear Level: 31%
Performance Score: Not Calculated
Tire Sensor
Pressure: 24.73
Temperature: 24.68
Wear Level: 49%
Performance Score: Not Calculated
Tire Sensor
Pressure: 23.18
Temperature: 75.36
Wear Level: 13%
Performance Score: Not Calculated
Tire Sensor
Pressure: -1337.00
Temperature: 73.83
Wear Level: 68%
Performance Score: Not Calculated
Tire Sensor
Pressure: 24.33
Temperature: 93.77
Wear Level: 86%
Performance Score: Not Calculated
Tire Sensor
Pressure: 22.77
Temperature: 1337.00
Wear Level: 18%
Performance Score: Not Calculated
Tire Sensor
Pressure: 24.93
Temperature: 83.70
Wear Level: 1%
Performance Score: Not Calculated
Tire Sensor
Pressure: 19.06
Temperature: 115.59
Wear Level: 98%
Performance Score: Not Calculated
Tire Sensor
Pressure: 21.29
Temperature: 102.66
Wear Level: 42%
Performance Score: Not Calculated
Tire Sensor
Pressure: -1337.00
Temperature: 53.86
Wear Level: 86%
Performance Score: Not Calculated
Tire Sensor
Pressure: 21.78
Temperature: 101.90
Wear Level: 77%
Performance Score: Not Calculated
Tire Sensor
Pressure: -1337.00
Temperature: 65.73
Wear Level: 86%
Performance Score: Not Calculated
Tire Sensor
Pressure: -1337.00
Temperature: 9.99
Wear Level: 98%
Performance Score: Not Calculated
Tire Sensor
Pressure: 20.65
Temperature: 50.47
Wear Level: 78%
Performance Score: Not Calculated
Tire Sensor
Pressure: 20.02
Temperature: 103.52
Wear Level: 82%
Performance Score: Not Calculated
Tire Sensor
Pressure: 23.06
Temperature: 110.57
Wear Level: 85%
Performance Score: Not Calculated
Tire Sensor
Pressure: 19.94
Temperature: 30.23
Wear Level: 14%
Performance Score: Not Calculated
Tire Sensor
Pressure: 23.31
Temperature: 11.27
Wear Level: 41%
Performance Score: Not Calculated
Tire Sensor
Pressure: 25.49
Temperature: 47.23
Wear Level: 17%
Performance Score: Not Calculated
Tire Sensor
Pressure: 24.48
Temperature: 11.11
Wear Level: 44%
Performance Score: Not Calculated
Tire Sensor
Pressure: 21.36
Temperature: 48.29
Wear Level: 53%
Performance Score: Not Calculated
Tire Sensor
Pressure: 23.28
Temperature: 69.11
Wear Level: 12%
Performance Score: Not Calculated
Tire Sensor
Pressure: 25.97
Temperature: 30.11
Wear Level: 17%
Performance Score: Not Calculated
Tire Sensor
Pressure: 25.59
Temperature: 112.31
Wear Level: 1337%
Performance Score: Not Calculated
Tire Sensor
Pressure: 21.29
Temperature: 49.13
Wear Level: 93%
Performance Score: Not Calculated
Tire Sensor
Pressure: 19.06
Temperature: 1337.00
Wear Level: 100%
Performance Score: Not Calculated
Tire Sensor
Pressure: 23.37
Temperature: 60.15
Wear Level: 99%
Performance Score: Not Calculated
Tire Sensor
Pressure: 25.16
Temperature: 18.52
Wear Level: 22%
Performance Score: Not Calculated
Tire Sensor
Pressure: 23.92
Temperature: 111.30
Wear Level: 90%
Performance Score: Not Calculated
Tire Sensor
Pressure: -1337.00
Temperature: 26.84
Wear Level: 48%
Performance Score: Not Calculated
Tire Sensor
Pressure: 24.64
Temperature: 109.14
Wear Level: 51%
Performance Score: Not Calculated
Tire Sensor
Pressure: 21.84
Temperature: 75.33
Wear Level: 45%
Performance Score: Not Calculated
Tire Sensor
Pressure: 19.75
Temperature: 105.26
Wear Level: 75%
Performance Score: Not Calculated
Tire Sensor
Pressure: 21.08
Temperature: 89.11
Wear Level: 70%
Performance Score: Not Calculated
Tire Sensor
Pressure: 22.47
Temperature: 33.60
Wear Level: 43%
Performance Score: Not Calculated
Tire Sensor
Pressure: 19.32
Temperature: 20.42
Wear Level: 1337%
Performance Score: Not Calculated
Tire Sensor
Pressure: 22.82
Temperature: 89.48
Wear Level: 69%
Performance Score: Not Calculated
Tire Sensor
Pressure: 21.71
Temperature: 17.08
Wear Level: 97%
Performance Score: Not Calculated
Tire Sensor
Pressure: 20.85
Temperature: 1337.00
Wear Level: 45%
Performance Score: Not Calculated
Tire Sensor
Pressure: 22.92
Temperature: 15.76
Wear Level: 16%
Performance Score: Not Calculated
Tire Sensor
Pressure: 23.60
Temperature: 53.19
Wear Level: 34%
Performance Score: Not Calculated
Tire Sensor
Pressure: 21.31
Temperature: 83.82
Wear Level: 1337%
Performance Score: Not Calculated
Tire Sensor
Pressure: 21.11
Temperature: 24.66
Wear Level: 1337%
Performance Score: Not Calculated
Tire Sensor
Pressure: 23.72
Temperature: 26.53
Wear Level: 83%
Performance Score: Not Calculated
Tire Sensor
Pressure: 20.05
Temperature: 52.12
Wear Level: 32%
Performance Score: Not Calculated
Tire Sensor
Pressure: 25.14
Temperature: 89.98
Wear Level: 80%
Performance Score: Not Calculated
Tire Sensor
Pressure: 25.40
Temperature: 63.96
Wear Level: 74%
Performance Score: Not Calculated
Tire Sensor
Pressure: 19.32
Temperature: 4.01
Wear Level: 45%
Performance Score: Not Calculated
Tire Sensor
Pressure: 25.69
Temperature: 103.79
Wear Level: 55%
Performance Score: Not Calculated
Tire Sensor
Pressure: 19.18
Temperature: 11.66
Wear Level: 45%
Performance Score: Not Calculated
Tire Sensor
Pressure: 24.66
Temperature: 113.26
Wear Level: 38%
Performance Score: Not Calculated
Power Management Unit
Voltage: 14.21
Current: -38.53
Power Consumption: 429.02
Energy Regen: 49%
Energy Storage: 11%
Power Management Unit
Voltage: 16.45
Current: 66.75
Power Consumption: 429.60
Energy Regen: 45%
Energy Storage: 84%
Power Management Unit
Voltage: 12.64
Current: -28.51
Power Consumption: 144.79
Energy Regen: 3%
Energy Storage: 47%
Power Management Unit
Voltage: 15.05
Current: -63.62
Power Consumption: 791.01
Energy Regen: 68%
Energy Storage: 55%
Power Management Unit
Voltage: 13.04
Current: -9.40
Power Consumption: 194.65
Energy Regen: 43%
Energy Storage: 15%
Power Management Unit
Voltage: 14.88
Current: -82.84
Power Consumption: 64.34
Energy Regen: 3%
Energy Storage: 65%
Power Management Unit
Voltage: 19.76
Current: -67.46
Power Consumption: 410.40
Energy Regen: 47%
Energy Storage: 61%
Power Management Unit
Voltage: 19.32
Current: 94.68
Power Consumption: 768.22
Energy Regen: 89%
Energy Storage: 42%
Power Management Unit
Voltage: 16.07
Current: -78.51
Power Consumption: 688.80
Energy Regen: 17%
Energy Storage: 81%
Power Management Unit
Voltage: 11.37
Current: -74.38
Power Consumption: 687.80
Energy Regen: 46%
Energy Storage: 19%
Power Management Unit
Voltage: 16.55
Current: -93.28
Power Consumption: 505.00
Energy Regen: 24%
Energy Storage: 33%
Power Management Unit
Voltage: 13.59
Current: -81.33
Power Consumption: 514.36
Energy Regen: 56%
Energy Storage: 59%
Power Management Unit
Voltage: 18.76
Current: -90.23
Power Consumption: 972.15
Energy Regen: 54%
Energy Storage: 50%
Power Management Unit
Voltage: 14.67
Current: -80.85
Power Consumption: 199.78
Energy Regen: 6%
Energy Storage: 19%
Power Management Unit
Voltage: 18.19
Current: 24.92
Power Consumption: 955.93
Energy Regen: 93%
Energy Storage: 46%
Power Management Unit
Voltage: 15.71
Current: 72.68
Power Consumption: 168.79
Energy Regen: 8%
Energy Storage: 66%
Power Management Unit
Voltage: 13.79
Current: -17.32
Power Consumption: 309.58
Energy Regen: 29%
Energy Storage: 6%
Power Management Unit
Voltage: 19.58
Current: 11.09
Power Consumption: 635.85
Energy Regen: 33%
Energy Storage: 86%
Power Management Unit
Voltage: 10.87
Current: 79.75
Power Consumption: 868.31
Energy Regen: 94%
Energy Storage: 43%
Power Management Unit
Voltage: 12.31
Current: -28.03
Power Consumption: 265.01
Energy Regen: 73%
Energy Storage: 84%
Power Management Unit
Voltage: 18.22
Current: -18.87
Power Consumption: 586.36
Energy Regen: 24%
Energy Storage: 8%
Power Management Unit
Voltage: 13.21
Current: 51.08
Power Consumption: 189.00
Energy Regen: 49%
Energy Storage: 25%
Power Management Unit
Voltage: 10.31
Current: 55.84
Power Consumption: 735.79
Energy Regen: 62%
Energy Storage: 3%
Power Management Unit
Voltage: 19.53
Current: 74.97
Power Consumption: 414.11
Energy Regen: 84%
Energy Storage: 22%
Power Management Unit
Voltage: 12.21
Current: 20.88
Power Consumption: 74.02
Energy Regen: 54%
Energy Storage: 15%
Power Management Unit
Voltage: 16.15
Current: -73.19
Power Consumption: 620.03
Energy Regen: 49%
Energy Storage: 50%
Power Management Unit
Voltage: 12.48
Current: 80.14
Power Consumption: 715.74
Energy Regen: 30%
Energy Storage: 41%
Power Management Unit
Voltage: 18.49
Current: -53.67
Power Consumption: 831.69
Energy Regen: 98%
Energy Storage: 83%
Power Management Unit
Voltage: 17.94
Current: 40.43
Power Consumption: 264.54
Energy Regen: 56%
Energy Storage: 18%
Power Management Unit
Voltage: 11.77
Current: -78.59
Power Consumption: 867.33
Energy Regen: 73%
Energy Storage: 97%
Power Management Unit
Voltage: 16.74
Current: -28.08
Power Consumption: 534.62
Energy Regen: 80%
Energy Storage: 4%
Power Management Unit
Voltage: 19.75
Current: 22.92
Power Consumption: 492.62
Energy Regen: 19%
Energy Storage: 91%
Power Management Unit
Voltage: 13.14
Current: -6.70
Power Consumption: 774.05
Energy Regen: 16%
Energy Storage: 97%
Power Management Unit
Voltage: 14.79
Current: -72.27
Power Consumption: 898.63
Energy Regen: 16%
Energy Storage: 32%
Power Management Unit
Voltage: 17.50
Current: 49.28
Power Consumption: 171.52
Energy Regen: 85%
Energy Storage: 24%
Power Management Unit
Voltage: 10.42
Current: 52.22
Power Consumption: 187.28
Energy Regen: 38%
Energy Storage: 49%
Power Management Unit
Voltage: 16.59
Current: 31.26
Power Consumption: 425.02
Energy Regen: 100%
Energy Storage: 37%
Power Management Unit
Voltage: 10.75
Current: 44.17
Power Consumption: 888.07
Energy Regen: 73%
Energy Storage: 10%
Power Management Unit
Voltage: 12.66
Current: 30.75
Power Consumption: 720.23
Energy Regen: 42%
Energy Storage: 77%
Power Management Unit
Voltage: 17.20
Current: -54.51
Power Consumption: 283.41
Energy Regen: 95%
Energy Storage: 47%
Power Management Unit
Voltage: 19.21
Current: 70.27
Power Consumption: 805.75
Energy Regen: 74%
Energy Storage: 69%
Power Management Unit
Voltage: 14.58
Current: -94.31
Power Consumption: 244.58
Energy Regen: 59%
Energy Storage: 36%
Power Management Unit
Voltage: 19.62
Current: 18.80
Power Consumption: 697.06
Energy Regen: 60%
Energy Storage: 26%
Power Management Unit
Voltage: 15.22
Current: -52.89
Power Consumption: 974.79
Energy Regen: 42%
Energy Storage: 27%
Power Management Unit
Voltage: 14.52
Current: -10.67
Power Consumption: 922.06
Energy Regen: 25%
Energy Storage: 95%
Power Management Unit
Voltage: 12.08
Current: -59.59
Power Consumption: 694.61
Energy Regen: 73%
Energy Storage: 30%
Power Management Unit
Voltage: 10.25
Current: 42.20
Power Consumption: 496.82
Energy Regen: 29%
Energy Storage: 49%
Power Management Unit
Voltage: 17.88
Current: 6.22
Power Consumption: 951.67
Energy Regen: 82%
Energy Storage: 69%
Power Management Unit
Voltage: 16.94
Current: 33.73
Power Consumption: 885.41
Energy Regen: 43%
Energy Storage: 25%
Power Management Unit
Voltage: 11.04
Current: 57.94
Power Consumption: 123.51
Energy Regen: 76%
Energy Storage: 71%
Power Management Unit
Voltage: 10.42
Current: -55.78
Power Consumption: 865.19
Energy Regen: 14%
Energy Storage: 42%
Power Management Unit
Voltage: 18.52
Current: -42.16
Power Consumption: 578.28
Energy Regen: 89%
Energy Storage: 95%
Power Management Unit
Voltage: 13.67
Current: -25.59
Power Consumption: 414.35
Energy Regen: 77%
Energy Storage: 72%
Power Management Unit
Voltage: 16.08
Current: -27.31
Power Consumption: 782.12
Energy Regen: 28%
Energy Storage: 5%
Power Management Unit
Voltage: 12.82
Current: 65.15
Power Consumption: 27.19
Energy Regen: 0%
Energy Storage: 80%
Power Management Unit
Voltage: 10.93
Current: 24.98
Power Consumption: 775.71
Energy Regen: 25%
Energy Storage: 56%
Power Management Unit
Voltage: 19.97
Current: 44.07
Power Consumption: 287.62
Energy Regen: 39%
Energy Storage: 3%
Power Management Unit
Voltage: 12.65
Current: 51.41
Power Consumption: 678.34
Energy Regen: 0%
Energy Storage: 68%
Power Management Unit
Voltage: 14.64
Current: 45.30
Power Consumption: 464.53
Energy Regen: 32%
Energy Storage: 41%
Power Management Unit
Voltage: 14.48
Current: -48.53
Power Consumption: 289.16
Energy Regen: 53%
Energy Storage: 71%
Power Management Unit
Voltage: 19.10
Current: -77.45
Power Consumption: 130.73
Energy Regen: 38%
Energy Storage: 88%
Power Management Unit
Voltage: 17.08
Current: -47.43
Power Consumption: 761.09
Energy Regen: 53%
Energy Storage: 10%
Power Management Unit
Voltage: 19.52
Current: 4.56
Power Consumption: 186.59
Energy Regen: 87%
Energy Storage: 57%
Power Management Unit
Voltage: 16.04
Current: -66.45
Power Consumption: 306.76
Energy Regen: 15%
Energy Storage: 46%
Power Management Unit
Voltage: 15.95
Current: -83.68
Power Consumption: 329.98
Energy Regen: 10%
Energy Storage: 12%
Power Management Unit
Voltage: 14.04
Current: -79.88
Power Consumption: 369.65
Energy Regen: 17%
Energy Storage: 42%
Power Management Unit
Voltage: 13.60
Current: -20.32
Power Consumption: 733.42
Energy Regen: 25%
Energy Storage: 77%
Power Management Unit
Voltage: 11.57
Current: 4.20
Power Consumption: 879.55
Energy Regen: 63%
Energy Storage: 24%
Power Management Unit
Voltage: 19.03
Current: -76.53
Power Consumption: 987.65
Energy Regen: 11%
Energy Storage: 55%
Power Management Unit
Voltage: 11.17
Current: -97.96
Power Consumption: 303.03
Energy Regen: 32%
Energy Storage: 17%
Power Management Unit
Voltage: 15.74
Current: -32.76
Power Consumption: 195.23
Energy Regen: 74%
Energy Storage: 98%
Power Management Unit
Voltage: 17.98
Current: 53.37
Power Consumption: 635.59
Energy Regen: 33%
Energy Storage: 4%
Power Management Unit
Voltage: 18.02
Current: 75.19
Power Consumption: 403.44
Energy Regen: 84%
Energy Storage: 34%
Power Management Unit
Voltage: 17.10
Current: 81.14
Power Consumption: 187.03
Energy Regen: 3%
Energy Storage: 57%
Power Management Unit
Voltage: 12.54
Current: 24.83
Power Consumption: 638.75
Energy Regen: 61%
Energy Storage: 41%
Power Management Unit
Voltage: 17.06
Current: 74.22
Power Consumption: 422.82
Energy Regen: 91%
Energy Storage: 100%
Power Management Unit
Voltage: 12.18
Current: 47.47
Power Consumption: 735.16
Energy Regen: 70%
Energy Storage: 87%
Power Management Unit
Voltage: 15.51
Current: -74.92
Power Consumption: 282.89
Energy Regen: 19%
Energy Storage: 7%
Power Management Unit
Voltage: 15.99
Current: 86.09
Power Consumption: 584.57
Energy Regen: 30%
Energy Storage: 98%
Power Management Unit
Voltage: 12.36
Current: 80.86
Power Consumption: 425.83
Energy Regen: 62%
Energy Storage: 0%
Power Management Unit
Voltage: 15.73
Current: 51.97
Power Consumption: 865.10
Energy Regen: 62%
Energy Storage: 48%
Power Management Unit
Voltage: 14.68
Current: 69.38
Power Consumption: 276.35
Energy Regen: 91%
Energy Storage: 26%
Power Management Unit
Voltage: 15.83
Current: 47.84
Power Consumption: 833.69
Energy Regen: 64%
Energy Storage: 82%
Power Management Unit
Voltage: 16.14
Current: 64.17
Power Consumption: 78.67
Energy Regen: 90%
Energy Storage: 92%
Power Management Unit
Voltage: 18.84
Current: -76.03
Power Consumption: 455.55
Energy Regen: 66%
Energy Storage: 12%
Power Management Unit
Voltage: 11.71
Current: -64.06
Power Consumption: 728.40
Energy Regen: 73%
Energy Storage: 12%
Power Management Unit
Voltage: 10.88
Current: -36.41
Power Consumption: 892.82
Energy Regen: 81%
Energy Storage: 38%
Power Management Unit
Voltage: 16.40
Current: -15.08
Power Consumption: 415.28
Energy Regen: 53%
Energy Storage: 19%
Power Management Unit
Voltage: 13.28
Current: -90.79
Power Consumption: 180.82
Energy Regen: 42%
Energy Storage: 72%
Power Management Unit
Voltage: 16.22
Current: -17.64
Power Consumption: 127.10
Energy Regen: 58%
Energy Storage: 21%
Power Management Unit
Voltage: 11.24
Current: 95.35
Power Consumption: 970.31
Energy Regen: 7%
Energy Storage: 63%
Power Management Unit
Voltage: 13.42
Current: 57.79
Power Consumption: 231.07
Energy Regen: 38%
Energy Storage: 39%
Power Management Unit
Voltage: 19.82
Current: -2.04
Power Consumption: 709.16
Energy Regen: 30%
Energy Storage: 81%
Power Management Unit
Voltage: 12.95
Current: 15.58
Power Consumption: 932.44
Energy Regen: 58%
Energy Storage: 66%
Power Management Unit
Voltage: 14.57
Current: -52.60
Power Consumption: 170.07
Energy Regen: 4%
Energy Storage: 77%
Power Management Unit
Voltage: 19.79
Current: 42.36
Power Consumption: 966.83
Energy Regen: 39%
Energy Storage: 5%
Power Management Unit
Voltage: 15.21
Current: 26.72
Power Consumption: 484.39
Energy Regen: 70%
Energy Storage: 15%
Power Management Unit
Voltage: 18.55
Current: -68.54
Power Consumption: 377.44
Energy Regen: 8%
Energy Storage: 10%
Power Management Unit
Voltage: 18.08
Current: -8.10
Power Consumption: 17.10
Energy Regen: 2%
Energy Storage: 41%
Power Management Unit
Voltage: 13.45
Current: -39.02
Power Consumption: 168.68
Energy Regen: 11%
Energy Storage: 92%
Power Management Unit
Voltage: 11.54
Current: 85.24
Power Consumption: 763.16
Energy Regen: 30%
Energy Storage: 8%
Power Management Unit
Voltage: 10.94
Current: 24.94
Power Consumption: 217.52
Energy Regen: 25%
Energy Storage: 79%
Power Management Unit
Voltage: 16.65
Current: 14.79
Power Consumption: 62.90
Energy Regen: 14%
Energy Storage: 87%
Power Management Unit
Voltage: 13.11
Current: -63.93
Power Consumption: 942.70
Energy Regen: 5%
Energy Storage: 6%
Power Management Unit
Voltage: 10.89
Current: -20.30
Power Consumption: 116.00
Energy Regen: 64%
Energy Storage: 85%
Power Management Unit
Voltage: 18.85
Current: -80.12
Power Consumption: 62.42
Energy Regen: 83%
Energy Storage: 1%
Power Management Unit
Voltage: 18.50
Current: 87.74
Power Consumption: 320.24
Energy Regen: 36%
Energy Storage: 47%
Power Management Unit
Voltage: 13.78
Current: -40.92
Power Consumption: 630.05
Energy Regen: 66%
Energy Storage: 62%
Power Management Unit
Voltage: 14.75
Current: 78.54
Power Consumption: 463.18
Energy Regen: 18%
Energy Storage: 35%
Power Management Unit
Voltage: 16.24
Current: -55.95
Power Consumption: 414.59
Energy Regen: 50%
Energy Storage: 96%
Power Management Unit
Voltage: 19.76
Current: 90.47
Power Consumption: 903.96
Energy Regen: 80%
Energy Storage: 63%
Power Management Unit
Voltage: 14.36
Current: -50.00
Power Consumption: 918.92
Energy Regen: 48%
Energy Storage: 23%
Power Management Unit
Voltage: 12.00
Current: -28.53
Power Consumption: 491.96
Energy Regen: 86%
Energy Storage: 82%
Power Management Unit
Voltage: 14.41
Current: -16.14
Power Consumption: 541.59
Energy Regen: 67%
Energy Storage: 64%
Power Management Unit
Voltage: 19.18
Current: -52.99
Power Consumption: 192.69
Energy Regen: 84%
Energy Storage: 39%
Power Management Unit
Voltage: 14.64
Current: -1.23
Power Consumption: 948.82
Energy Regen: 70%
Energy Storage: 93%
Power Management Unit
Voltage: 17.01
Current: -83.92
Power Consumption: 234.42
Energy Regen: 41%
Energy Storage: 16%
Power Management Unit
Voltage: 19.32
Current: 3.51
Power Consumption: 385.09
Energy Regen: 6%
Energy Storage: 79%
Power Management Unit
Voltage: 12.75
Current: 86.97
Power Consumption: 86.71
Energy Regen: 79%
Energy Storage: 77%
Power Management Unit
Voltage: 11.19
Current: 64.26
Power Consumption: 457.85
Energy Regen: 27%
Energy Storage: 68%
Power Management Unit
Voltage: 18.48
Current: -98.42
Power Consumption: 280.36
Energy Regen: 29%
Energy Storage: 55%
Power Management Unit
Voltage: 13.00
Current: 84.22
Power Consumption: 910.12
Energy Regen: 22%
Energy Storage: 49%
Power Management Unit
Voltage: 16.45
Current: 69.98
Power Consumption: 225.35
Energy Regen: 91%
Energy Storage: 35%
Power Management Unit
Voltage: 16.67
Current: 74.35
Power Consumption: 826.37
Energy Regen: 70%
Energy Storage: 45%
Power Management Unit
Voltage: 18.94
Current: 14.21
Power Consumption: 656.58
Energy Regen: 2%
Energy Storage: 95%
Power Management Unit
Voltage: 19.31
Current: 5.44
Power Consumption: 238.53
Energy Regen: 48%
Energy Storage: 65%
Power Management Unit
Voltage: 16.31
Current: 44.96
Power Consumption: 746.54
Energy Regen: 30%
Energy Storage: 99%
Power Management Unit
Voltage: 12.43
Current: 81.07
Power Consumption: 162.27
Energy Regen: 56%
Energy Storage: 75%
Power Management Unit
Voltage: 14.04
Current: 16.04
Power Consumption: 897.79
Energy Regen: 53%
Energy Storage: 69%
Power Management Unit
Voltage: 11.71
Current: -18.09
Power Consumption: 274.43
Energy Regen: 45%
Energy Storage: 57%
Power Management Unit
Voltage: 19.98
Current: 90.15
Power Consumption: 824.29
Energy Regen: 52%
Energy Storage: 39%
Power Management Unit
Voltage: 16.51
Current: -67.27
Power Consumption: 298.01
Energy Regen: 0%
Energy Storage: 7%
Power Management Unit
Voltage: 10.82
Current: -98.11
Power Consumption: 824.34
Energy Regen: 99%
Energy Storage: 7%
Power Management Unit
Voltage: 12.78
Current: -27.52
Power Consumption: 479.25
Energy Regen: 61%
Energy Storage: 48%
Power Management Unit
Voltage: 11.61
Current: 38.20
Power Consumption: 72.34
Energy Regen: 9%
Energy Storage: 38%
Power Management Unit
Voltage: 19.28
Current: 72.64
Power Consumption: 241.64
Energy Regen: 8%
Energy Storage: 90%
Power Management Unit
Voltage: 16.53
Current: -95.96
Power Consumption: 403.65
Energy Regen: 43%
Energy Storage: 11%
Power Management Unit
Voltage: 11.52
Current: -15.75
Power Consumption: 858.34
Energy Regen: 66%
Energy Storage: 71%
Power Management Unit
Voltage: 14.00
Current: 97.55
Power Consumption: 756.91
Energy Regen: 42%
Energy Storage: 67%
Power Management Unit
Voltage: 18.75
Current: 68.21
Power Consumption: 3.50
Energy Regen: 70%
Energy Storage: 13%
Power Management Unit
Voltage: 15.86
Current: 83.73
Power Consumption: 832.21
Energy Regen: 23%
Energy Storage: 36%
Power Management Unit
Voltage: 15.31
Current: -26.77
Power Consumption: 558.20
Energy Regen: 97%
Energy Storage: 21%
Power Management Unit
Voltage: 16.54
Current: 39.28
Power Consumption: 74.04
Energy Regen: 2%
Energy Storage: 83%
Power Management Unit
Voltage: 13.78
Current: -82.56
Power Consumption: 49.46
Energy Regen: 12%
Energy Storage: 36%
Power Management Unit
Voltage: 15.67
Current: 18.20
Power Consumption: 264.15
Energy Regen: 45%
Energy Storage: 43%
Power Management Unit
Voltage: 14.73
Current: -25.27
Power Consumption: 620.11
Energy Regen: 19%
Energy Storage: 42%
Power Management Unit
Voltage: 13.48
Current: -39.99
Power Consumption: 552.67
Energy Regen: 67%
Energy Storage: 16%
Power Management Unit
Voltage: 13.33
Current: -59.16
Power Consumption: 943.52
Energy Regen: 12%
Energy Storage: 15%
Power Management Unit
Voltage: 14.72
Current: -21.98
Power Consumption: 4.27
Energy Regen: 40%
Energy Storage: 55%
Power Management Unit
Voltage: 14.24
Current: -7.54
Power Consumption: 215.75
Energy Regen: 36%
Energy Storage: 52%
Power Management Unit
Voltage: 10.94
Current: -22.13
Power Consumption: 794.68
Energy Regen: 95%
Energy Storage: 60%
Power Management Unit
Voltage: 10.26
Current: 94.42
Power Consumption: 334.04
Energy Regen: 6%
Energy Storage: 96%
Power Management Unit
Voltage: 14.92
Current: -29.20
Power Consumption: 65.19
Energy Regen: 17%
Energy Storage: 82%
Power Management Unit
Voltage: 15.39
Current: -52.61
Power Consumption: 397.44
Energy Regen: 12%
Energy Storage: 82%
Power Management Unit
Voltage: 10.53
Current: -25.42
Power Consumption: 318.83
Energy Regen: 14%
Energy Storage: 97%
Power Management Unit
Voltage: 18.73
Current: 49.50
Power Consumption: 726.33
Energy Regen: 38%
Energy Storage: 51%
Power Management Unit
Voltage: 13.52
Current: -21.13
Power Consumption: 832.91
Energy Regen: 54%
Energy Storage: 24%
Power Management Unit
Voltage: 14.17
Current: 31.13
Power Consumption: 458.95
Energy Regen: 32%
Energy Storage: 88%
Power Management Unit
Voltage: 15.39
Current: -71.30
Power Consumption: 421.33
Energy Regen: 30%
Energy Storage: 75%
Power Management Unit
Voltage: 17.41
Current: -40.91
Power Consumption: 951.37
Energy Regen: 64%
Energy Storage: 2%
Power Management Unit
Voltage: 17.06
Current: -95.56
Power Consumption: 119.38
Energy Regen: 8%
Energy Storage: 18%
Power Management Unit
Voltage: 19.30
Current: -65.24
Power Consumption: 71.37
Energy Regen: 91%
Energy Storage: 47%
Power Management Unit
Voltage: 11.94
Current: -45.57
Power Consumption: 264.23
Energy Regen: 26%
Energy Storage: 81%
Power Management Unit
Voltage: 14.64
Current: -12.46
Power Consumption: 812.01
Energy Regen: 44%
Energy Storage: 80%
Power Management Unit
Voltage: 16.36
Current: -11.93
Power Consumption: 143.36
Energy Regen: 12%
Energy Storage: 7%
Power Management Unit
Voltage: 11.29
Current: -20.24
Power Consumption: 721.63
Energy Regen: 51%
Energy Storage: 5%
Power Management Unit
Voltage: 14.08
Current: 37.44
Power Consumption: 610.35
Energy Regen: 85%
Energy Storage: 68%
Power Management Unit
Voltage: 18.89
Current: 51.17
Power Consumption: 977.98
Energy Regen: 36%
Energy Storage: 7%
Power Management Unit
Voltage: 16.13
Current: -60.15
Power Consumption: 875.94
Energy Regen: 67%
Energy Storage: 77%
Power Management Unit
Voltage: 10.19
Current: -78.54
Power Consumption: 959.52
Energy Regen: 80%
Energy Storage: 57%
Power Management Unit
Voltage: 11.69
Current: -60.00
Power Consumption: 172.97
Energy Regen: 15%
Energy Storage: 11%
Power Management Unit
Voltage: 17.80
Current: 42.27
Power Consumption: 665.14
Energy Regen: 25%
Energy Storage: 74%
Power Management Unit
Voltage: 10.46
Current: -26.36
Power Consumption: 563.12
Energy Regen: 9%
Energy Storage: 30%
Tire Sensor
Pressure: 23.61
Temperature: 47.18
Wear Level: 68%
Performance Score: Not Calculated
Tire Sensor
Pressure: 23.92
Temperature: 90.68
Wear Level: 0%
Performance Score: Not Calculated
Tire Sensor
Pressure: 21.27
Temperature: 95.37
Wear Level: 15%
Performance Score: Not Calculated
Tire Sensor
Pressure: 23.40
Temperature: 54.17
Wear Level: 6%
Performance Score: Not Calculated
Tire Sensor
Pressure: 19.76
Temperature: 55.40
Wear Level: 30%
Performance Score: Not Calculated
Tire Sensor
Pressure: 25.50
Temperature: 112.43
Wear Level: 3%
Performance Score: Not Calculated
Tire Sensor
Pressure: 20.38
Temperature: 15.30
Wear Level: 7%
Performance Score: Not Calculated
Tire Sensor
Pressure: 23.92
Temperature: 25.94
Wear Level: 4%
Performance Score: Not Calculated
Tire Sensor
Pressure: 20.58
Temperature: 112.59
Wear Level: 43%
Performance Score: Not Calculated
Tire Sensor
Pressure: 23.76
Temperature: 54.40
Wear Level: 17%
Performance Score: Not Calculated
Tire Sensor
Pressure: 21.49
Temperature: 22.03
Wear Level: 19%
Performance Score: Not Calculated
Tire Sensor
Pressure: 21.08
Temperature: 80.47
Wear Level: 72%
Performance Score: Not Calculated
Tire Sensor
Pressure: 25.94
Temperature: 119.69
Wear Level: 99%
Performance Score: Not Calculated
Tire Sensor
Pressure: 24.58
Temperature: 88.60
Wear Level: 73%
Performance Score: Not Calculated
Tire Sensor
Pressure: 25.22
Temperature: 34.76
Wear Level: 96%
Performance Score: Not Calculated
Tire Sensor
Pressure: 19.97
Temperature: 48.98
Wear Level: 76%
Performance Score: Not Calculated
Tire Sensor
Pressure: 23.38
Temperature: 66.70
Wear Level: 6%
Performance Score: Not Calculated
Tire Sensor
Pressure: 25.36
Temperature: 81.00
Wear Level: 46%
Performance Score: Not Calculated
Tire Sensor
Pressure: 21.17
Temperature: 11.41
Wear Level: 97%
Performance Score: Not Calculated
Tire Sensor
Pressure: 25.90
Temperature: 80.21
Wear Level: 54%
Performance Score: Not Calculated
Tire Sensor
Pressure: 21.94
Temperature: 88.58
Wear Level: 38%
Performance Score: Not Calculated
Tire Sensor
Pressure: 19.81
Temperature: 90.32
Wear Level: 41%
Performance Score: Not Calculated
Tire Sensor
Pressure: 22.46
Temperature: 57.77
Wear Level: 45%
Performance Score: Not Calculated
Tire Sensor
Pressure: 24.13
Temperature: 2.45
Wear Level: 87%
Performance Score: Not Calculated
Tire Sensor
Pressure: 21.62
Temperature: 34.33
Wear Level: 25%
Performance Score: Not Calculated
Tire Sensor
Pressure: 25.01
Temperature: 73.61
Wear Level: 54%
Performance Score: Not Calculated
Tire Sensor
Pressure: 19.87
Temperature: 114.82
Wear Level: 40%
Performance Score: Not Calculated
Tire Sensor
Pressure: 24.00
Temperature: 84.73
Wear Level: 57%
Performance Score: Not Calculated
Tire Sensor
Pressure: 21.16
Temperature: 58.82
Wear Level: 39%
Performance Score: Not Calculated
Tire Sensor
Pressure: 21.69
Temperature: 98.49
Wear Level: 75%
Performance Score: Not Calculated
Tire Sensor
Pressure: 25.51
Temperature: 31.88
Wear Level: 68%
Performance Score: Not Calculated
Tire Sensor
Pressure: 22.69
Temperature: 26.31
Wear Level: 63%
Performance Score: Not Calculated
Tire Sensor
Pressure: 20.91
Temperature: 74.62
Wear Level: 41%
Performance Score: Not Calculated
Tire Sensor
Pressure: 25.22
Temperature: 96.20
Wear Level: 20%
Performance Score: Not Calculated
Tire Sensor
Pressure: 20.20
Temperature: 89.92
Wear Level: 54%
Performance Score: Not Calculated
Tire Sensor
Pressure: 20.12
Temperature: 73.10
Wear Level: 86%
Performance Score: Not Calculated
Tire Sensor
Pressure: 23.95
Temperature: 50.30
Wear Level: 98%
Performance Score: Not Calculated
Tire Sensor
Pressure: 21.88
Temperature: 65.57
Wear Level: 67%
Performance Score: Not Calculated
Tire Sensor
Pressure: 22.48
Temperature: 86.37
Wear Level: 80%
Performance Score: Not Calculated
Tire Sensor
Pressure: 22.82
Temperature: 93.78
Wear Level: 5%
Performance Score: Not Calculated
Tire Sensor
Pressure: 20.89
Temperature: 100.45
Wear Level: 20%
Performance Score: Not Calculated
Tire Sensor
Pressure: 25.79
Temperature: 27.97
Wear Level: 8%
Performance Score: Not Calculated
Tire Sensor
Pressure: 25.48
Temperature: 46.64
Wear Level: 10%
Performance Score: Not Calculated
Tire Sensor
Pressure: 21.09
Temperature: 9.14
Wear Level: 9%
Performance Score: Not Calculated
Tire Sensor
Pressure: 19.07
Temperature: 73.39
Wear Level: 100%
Performance Score: Not Calculated
Tire Sensor
Pressure: 24.99
Temperature: 4.40
Wear Level: 28%
Performance Score: Not Calculated
Tire Sensor
Pressure: 23.27
Temperature: 1.91
Wear Level: 82%
Performance Score: Not Calculated
Tire Sensor
Pressure: 23.15
Temperature: 101.75
Wear Level: 10%
Performance Score: Not Calculated
Tire Sensor
Pressure: 23.01
Temperature: 75.37
Wear Level: 16%
Performance Score: Not Calculated
Tire Sensor
Pressure: 19.78
Temperature: 90.32
Wear Level: 44%
Performance Score: Not Calculated
Tire Sensor
Pressure: 25.17
Temperature: 29.93
Wear Level: 22%
Performance Score: Not Calculated
Tire Sensor
Pressure: 24.17
Temperature: 59.93
Wear Level: 82%
Performance Score: Not Calculated
Tire Sensor
Pressure: 23.86
Temperature: 81.12
Wear Level: 35%
Performance Score: Not Calculated
Tire Sensor
Pressure: 24.25
Temperature: 58.13
Wear Level: 32%
Performance Score: Not Calculated
Tire Sensor
Pressure: 23.30
Temperature: 33.38
Wear Level: 16%
Performance Score: Not Calculated
Tire Sensor
Pressure: 22.90
Temperature: 86.06
Wear Level: 31%
Performance Score: Not Calculated
Tire Sensor
Pressure: 24.23
Temperature: 13.37
Wear Level: 33%
Performance Score: Not Calculated
Tire Sensor
Pressure: 20.08
Temperature: 49.57
Wear Level: 88%
Performance Score: Not Calculated
Tire Sensor
Pressure: 20.74
Temperature: 55.49
Wear Level: 14%
Performance Score: Not Calculated
Tire Sensor
Pressure: 19.88
Temperature: 28.00
Wear Level: 75%
Performance Score: Not Calculated
Tire Sensor
Pressure: 24.91
Temperature: 85.70
Wear Level: 49%
Performance Score: Not Calculated
Tire Sensor
Pressure: 23.41
Temperature: 65.19
Wear Level: 52%
Performance Score: Not Calculated
Tire Sensor
Pressure: 25.01
Temperature: 2.02
Wear Level: 41%
Performance Score: Not Calculated
Tire Sensor
Pressure: 25.74
Temperature: 3.92
Wear Level: 76%
Performance Score: Not Calculated
Tire Sensor
Pressure: 20.30
Temperature: 11.31
Wear Level: 15%
Performance Score: Not Calculated
Tire Sensor
Pressure: 23.83
Temperature: 32.35
Wear Level: 88%
Performance Score: Not Calculated
Tire Sensor
Pressure: 20.63
Temperature: 107.95
Wear Level: 30%
Performance Score: Not Calculated
Tire Sensor
Pressure: 21.11
Temperature: 66.96
Wear Level: 13%
Performance Score: Not Calculated
Tire Sensor
Pressure: 25.13
Temperature: 34.49
Wear Level: 39%
Performance Score: Not Calculated
Tire Sensor
Pressure: 23.94
Temperature: 114.28
Wear Level: 45%
Performance Score: Not Calculated
Tire Sensor
Pressure: 21.18
Temperature: 0.47
Wear Level: 70%
Performance Score: Not Calculated
Tire Sensor
Pressure: 24.24
Temperature: 29.75
Wear Level: 81%
Performance Score: Not Calculated
Tire Sensor
Pressure: 22.27
Temperature: 29.18
Wear Level: 80%
Performance Score: Not Calculated
Tire Sensor
Pressure: 21.44
Temperature: 83.52
Wear Level: 24%
Performance Score: Not Calculated
Tire Sensor
Pressure: 19.42
Temperature: 109.67
Wear Level: 90%
Performance Score: Not Calculated
Tire Sensor
Pressure: 24.30
Temperature: 53.27
Wear Level: 78%
Performance Score: Not Calculated
Tire Sensor
Pressure: 22.74
Temperature: 58.14
Wear Level: 34%
Performance Score: Not Calculated
Tire Sensor
Pressure: 21.39
Temperature: 13.91
Wear Level: 23%
Performance Score: Not Calculated
Tire Sensor
Pressure: 21.72
Temperature: 117.68
Wear Level: 93%
Performance Score: Not Calculated
Tire Sensor
Pressure: 21.85
Temperature: 84.99
Wear Level: 24%
Performance Score: Not Calculated
Tire Sensor
Pressure: 24.14
Temperature: 48.73
Wear Level: 43%
Performance Score: Not Calculated
Tire Sensor
Pressure: 22.65
Temperature: 86.36
Wear Level: 62%
Performance Score: Not Calculated
Tire Sensor
Pressure: 19.75
Temperature: 113.40
Wear Level: 20%
Performance Score: Not Calculated
Tire Sensor
Pressure: 24.93
Temperature: 83.09
Wear Level: 68%
Performance Score: Not Calculated
Tire Sensor
Pressure: 20.41
Temperature: 109.67
Wear Level: 1%
Performance Score: Not Calculated
Tire Sensor
Pressure: 23.97
Temperature: 99.15
Wear Level: 68%
Performance Score: Not Calculated
Tire Sensor
Pressure: 24.32
Temperature: 114.48
Wear Level: 3%
Performance Score: Not Calculated
Tire Sensor
Pressure: 20.99
Temperature: 49.73
Wear Level: 60%
Performance Score: Not Calculated
Tire Sensor
Pressure: 20.54
Temperature: 113.88
Wear Level: 35%
Performance Score: Not Calculated
Tire Sensor
Pressure: 19.47
Temperature: 41.96
Wear Level: 18%
Performance Score: Not Calculated
Tire Sensor
Pressure: 22.81
Temperature: 2.45
Wear Level: 60%
Performance Score: Not Calculated
Tire Sensor
Pressure: 20.23
Temperature: 26.80
Wear Level: 20%
Performance Score: Not Calculated
Tire Sensor
Pressure: 20.97
Temperature: 28.54
Wear Level: 28%
Performance Score: Not Calculated
Tire Sensor
Pressure: 19.47
Temperature: 75.34
Wear Level: 46%
Performance Score: Not Calculated
Tire Sensor
Pressure: 19.01
Temperature: 49.35
Wear Level: 65%
Performance Score: Not Calculated
Tire Sensor
Pressure: 20.46
Temperature: 116.82
Wear Level: 94%
Performance Score: Not Calculated
Tire Sensor
Pressure: 25.80
Temperature: 5.15
Wear Level: 67%
Performance Score: Not Calculated
Tire Sensor
Pressure: 22.56
Temperature: 47.97
Wear Level: 83%
Performance Score: Not Calculated
Tire Sensor
Pressure: 19.51
Temperature: 16.61
Wear Level: 99%
Performance Score: Not Calculated
Tire Sensor
Pressure: 20.49
Temperature: 58.25
Wear Level: 79%
Performance Score: Not Calculated
Tire Sensor
Pressure: 25.40
Temperature: 93.59
Wear Level: 17%
Performance Score: Not Calculated
Tire Sensor
Pressure: 23.71
Temperature: 21.46
Wear Level: 71%
Performance Score: Not Calculated
Tire Sensor
Pressure: 22.83
Temperature: 99.53
Wear Level: 66%
Performance Score: Not Calculated
Tire Sensor
Pressure: 23.87
Temperature: 92.86
Wear Level: 75%
Performance Score: Not Calculated
Tire Sensor
Pressure: 20.09
Temperature: 41.57
Wear Level: 29%
Performance Score: Not Calculated
Tire Sensor
Pressure: 23.04
Temperature: 40.20
Wear Level: 46%
Performance Score: Not Calculated
Tire Sensor
Pressure: 24.98
Temperature: 41.49
Wear Level: 14%
Performance Score: Not Calculated
Tire Sensor
Pressure: 20.89
Temperature: 84.06
Wear Level: 50%
Performance Score: Not Calculated
Tire Sensor
Pressure: 25.88
Temperature: 85.32
Wear Level: 13%
Performance Score: Not Calculated
Tire Sensor
Pressure: 22.85
Temperature: 85.03
Wear Level: 0%
Performance Score: Not Calculated
Tire Sensor
Pressure: 21.70
Temperature: 109.54
Wear Level: 65%
Performance Score: Not Calculated
Tire Sensor
Pressure: 20.73
Temperature: 85.80
Wear Level: 52%
Performance Score: Not Calculated
Tire Sensor
Pressure: 20.93
Temperature: 58.04
Wear Level: 83%
Performance Score: Not Calculated
Tire Sensor
Pressure: 21.75
Temperature: 65.81
Wear Level: 62%
Performance Score: Not Calculated
Tire Sensor
Pressure: 25.91
Temperature: 4.70
Wear Level: 29%
Performance Score: Not Calculated
Tire Sensor
Pressure: 22.59
Temperature: 64.84
Wear Level: 84%
Performance Score: Not Calculated
Tire Sensor
Pressure: 20.75
Temperature: 2.19
Wear Level: 9%
Performance Score: Not Calculated
Tire Sensor
Pressure: 24.05
Temperature: 59.13
Wear Level: 92%
Performance Score: Not Calculated
Tire Sensor
Pressure: 21.88
Temperature: 0.42
Wear Level: 62%
Performance Score: Not Calculated
Tire Sensor
Pressure: 24.47
Temperature: 1.37
Wear Level: 64%
Performance Score: Not Calculated
Tire Sensor
Pressure: 23.43
Temperature: 63.33
Wear Level: 67%
Performance Score: Not Calculated
Tire Sensor
Pressure: 20.01
Temperature: 38.99
Wear Level: 94%
Performance Score: Not Calculated
Tire Sensor
Pressure: 19.48
Temperature: 47.99
Wear Level: 38%
Performance Score: Not Calculated
Tire Sensor
Pressure: 22.65
Temperature: 14.08
Wear Level: 96%
Performance Score: Not Calculated
Tire Sensor
Pressure: 22.42
Temperature: 46.75
Wear Level: 18%
Performance Score: Not Calculated
Tire Sensor
Pressure: 25.61
Temperature: 31.52
Wear Level: 51%
Performance Score: Not Calculated
Tire Sensor
Pressure: 24.37
Temperature: 2.40
Wear Level: 100%
Performance Score: Not Calculated
Tire Sensor
Pressure: 22.74
Temperature: 95.31
Wear Level: 57%
Performance Score: Not Calculated
Tire Sensor
Pressure: 24.13
Temperature: 66.74
Wear Level: 73%
Performance Score: Not Calculated
Tire Sensor
Pressure: 23.61
Temperature: 27.41
Wear Level: 20%
Performance Score: Not Calculated
Tire Sensor
Pressure: 22.81
Temperature: 89.69
Wear Level: 63%
Performance Score: Not Calculated
Tire Sensor
Pressure: 19.47
Temperature: 44.50
Wear Level: 98%
Performance Score: Not Calculated
Tire Sensor
Pressure: 22.15
Temperature: 84.12
Wear Level: 35%
Performance Score: Not Calculated
Tire Sensor
Pressure: 25.70
Temperature: 2.71
Wear Level: 76%
Performance Score: Not Calculated
Tire Sensor
Pressure: 22.65
Temperature: 16.56
Wear Level: 29%
Performance Score: Not Calculated
Tire Sensor
Pressure: 24.70
Temperature: 43.16
Wear Level: 61%
Performance Score: Not Calculated
Tire Sensor
Pressure: 21.02
Temperature: 22.09
Wear Level: 84%
Performance Score: Not Calculated
Tire Sensor
Pressure: 23.87
Temperature: 2.14
Wear Level: 63%
Performance Score: Not Calculated
Tire Sensor
Pressure: 23.08
Temperature: 81.74
Wear Level: 52%
Performance Score: Not Calculated
Tire Sensor
Pressure: 20.45
Temperature: 61.28
Wear Level: 14%
Performance Score: Not Calculated
Tire Sensor
Pressure: 25.04
Temperature: 102.04
Wear Level: 29%
Performance Score: Not Calculated
Tire Sensor
Pressure: 25.42
Temperature: 42.40
Wear Level: 31%
Performance Score: Not Calculated
Tire Sensor
Pressure: 24.73
Temperature: 24.68
Wear Level: 49%
Performance Score: Not Calculated
Tire Sensor
Pressure: 23.18
Temperature: 75.36
Wear Level: 13%
Performance Score: Not Calculated
Tire Sensor
Pressure: 24.33
Temperature: 93.77
Wear Level: 86%
Performance Score: Not Calculated
Tire Sensor
Pressure: 24.93
Temperature: 83.70
Wear Level: 1%
Performance Score: Not Calculated
Tire Sensor
Pressure: 19.06
Temperature: 115.59
Wear Level: 98%
Performance Score: Not Calculated
Tire Sensor
Pressure: 21.29
Temperature: 102.66
Wear Level: 42%
Performance Score: Not Calculated
Tire Sensor
Pressure: 21.78
Temperature: 101.90
Wear Level: 77%
Performance Score: Not Calculated
Tire Sensor
Pressure: 20.65
Temperature: 50.47
Wear Level: 78%
Performance Score: Not Calculated
Tire Sensor
Pressure: 20.02
Temperature: 103.52
Wear Level: 82%
Performance Score: Not Calculated
Tire Sensor
Pressure: 23.06
Temperature: 110.57
Wear Level: 85%
Performance Score: Not Calculated
Tire Sensor
Pressure: 19.94
Temperature: 30.23
Wear Level: 14%
Performance Score: Not Calculated
Tire Sensor
Pressure: 23.31
Temperature: 11.27
Wear Level: 41%
Performance Score: Not Calculated
Tire Sensor
Pressure: 25.49
Temperature: 47.23
Wear Level: 17%
Performance Score: Not Calculated
Tire Sensor
Pressure: 24.48
Temperature: 11.11
Wear Level: 44%
Performance Score: Not Calculated
Tire Sensor
Pressure: 21.36
Temperature: 48.29
Wear Level: 53%
Performance Score: Not Calculated
Tire Sensor
Pressure: 23.28
Temperature: 69.11
Wear Level: 12%
Performance Score: Not Calculated
Tire Sensor
Pressure: 25.97
Temperature: 30.11
Wear Level: 17%
Performance Score: Not Calculated
Tire Sensor
Pressure: 21.29
Temperature: 49.13
Wear Level: 93%
Performance Score: Not Calculated
Tire Sensor
Pressure: 23.37
Temperature: 60.15
Wear Level: 99%
Performance Score: Not Calculated
Tire Sensor
Pressure: 25.16
Temperature: 18.52
Wear Level: 22%
Performance Score: Not Calculated
Tire Sensor
Pressure: 23.92
Temperature: 111.30
Wear Level: 90%
Performance Score: Not Calculated
Tire Sensor
Pressure: 24.64
Temperature: 109.14
Wear Level: 51%
Performance Score: Not Calculated
Tire Sensor
Pressure: 21.84
Temperature: 75.33
Wear Level: 45%
Performance Score: Not Calculated
Tire Sensor
Pressure: 19.75
Temperature: 105.26
Wear Level: 75%
Performance Score: Not Calculated
Tire Sensor
Pressure: 21.08
Temperature: 89.11
Wear Level: 70%
Performance Score: Not Calculated
Tire Sensor
Pressure: 22.47
Temperature: 33.60
Wear Level: 43%
Performance Score: Not Calculated
Tire Sensor
Pressure: 22.82
Temperature: 89.48
Wear Level: 69%
Performance Score: Not Calculated
Tire Sensor
Pressure: 21.71
Temperature: 17.08
Wear Level: 97%
Performance Score: Not Calculated
Tire Sensor
Pressure: 22.92
Temperature: 15.76
Wear Level: 16%
Performance Score: Not Calculated
Tire Sensor
Pressure: 23.60
Temperature: 53.19
Wear Level: 34%
Performance Score: Not Calculated
Tire Sensor
Pressure: 23.72
Temperature: 26.53
Wear Level: 83%
Performance Score: Not Calculated
Tire Sensor
Pressure: 20.05
Temperature: 52.12
Wear Level: 32%
Performance Score: Not Calculated
Tire Sensor
Pressure: 25.14
Temperature: 89.98
Wear Level: 80%
Performance Score: Not Calculated
Tire Sensor
Pressure: 25.40
Temperature: 63.96
Wear Level: 74%
Performance Score: Not Calculated
Tire Sensor
Pressure: 19.32
Temperature: 4.01
Wear Level: 45%
Performance Score: Not Calculated
Tire Sensor
Pressure: 25.69
Temperature: 103.79
Wear Level: 55%
Performance Score: Not Calculated
Tire Sensor
Pressure: 19.18
Temperature: 11.66
Wear Level: 45%
Performance Score: Not Calculated
Tire Sensor
Pressure: 24.66
Temperature: 113.26
Wear Level: 38%
Performance Score: Not Calculated
