Power Management Unit
Voltage: 12.52
Current: 48.45
Power Consumption: 236.28
Energy Regen: 47%
Energy Storage: 91%
Power Management Unit
Voltage: 15.33
Current: 58.32
Power Consumption: 170.61
Energy Regen: 88%
Energy Storage: 15%
Power Management Unit
Voltage: 17.92
Current: 26.34
Power Consumption: 606.38
Energy Regen: 22%
Energy Storage: 12%
Power Management Unit
Voltage: 19.70
Current: -78.55
Power Consumption: 746.01
Energy Regen: 59%
Energy Storage: 38%
Power Management Unit
Voltage: 18.78
Current: 6.04
Power Consumption: 970.98
Energy Regen: 82%
Energy Storage: 17%
Power Management Unit
Voltage: 14.94
Current: -52.70
Power Consumption: 579.38
Energy Regen: -1337%
Energy Storage: 54%
Power Management Unit
Voltage: 18.43
Current: 60.37
Power Consumption: 726.50
Energy Regen: 69%
Energy Storage: 56%
Power Management Unit
Voltage: 19.12
Current: -99.63
Power Consumption: 20.56
Energy Regen: 9%
Energy Storage: 26%
Power Management Unit
Voltage: 15.34
Current: -22.89
Power Consumption: 676.46
Energy Regen: 27%
Energy Storage: 50%
Power Management Unit
Voltage: 11.51
Current: -7.86
Power Consumption: 557.42
Energy Regen: 52%
Energy Storage: 42%
Power Management Unit
Voltage: 17.28
Current: 92.96
Power Consumption: 934.71
Energy Regen: 5%
Energy Storage: 89%
Power Management Unit
Voltage: 15.42
Current: 9.52
Power Consumption: 330.11
Energy Regen: 88%
Energy Storage: 49%
Power Management Unit
Voltage: 11.18
Current: -86.82
Power Consumption: 559.93
Energy Regen: 63%
Energy Storage: 39%
Power Management Unit
Voltage: 13.64
Current: 34.86
Power Consumption: 540.14
Energy Regen: 36%
Energy Storage: 85%
Power Management Unit
Voltage: 11.56
Current: 1337.00
Power Consumption: 289.45
Energy Regen: 81%
Energy Storage: 36%
Power Management Unit
Voltage: 13.91
Current: 23.58
Power Consumption: 294.29
Energy Regen: 55%
Energy Storage: 91%
Power Management Unit
Voltage: 19.24
Current: -71.50
Power Consumption: 1337.00
Energy Regen: 6%
Energy Storage: 12%
Power Management Unit
Voltage: 16.24
Current: -64.41
Power Consumption: 378.48
Energy Regen: 80%
Energy Storage: 87%
Power Management Unit
Voltage: 17.76
Current: -59.03
Power Consumption: 251.26
Energy Regen: 40%
Energy Storage: 67%
Power Management Unit
Voltage: 16.11
Current: 54.78
Power Consumption: 841.80
Energy Regen: 56%
Energy Storage: 26%
Power Management Unit
Voltage: 19.10
Current: 67.31
Power Consumption: 248.43
Energy Regen: 6%
Energy Storage: 61%
Power Management Unit
Voltage: 17.24
Current: -5.92
Power Consumption: 936.12
Energy Regen: 87%
Energy Storage: 85%
Power Management Unit
Voltage: 13.22
Current: -47.22
Power Consumption: 681.90
Energy Regen: 95%
Energy Storage: 59%
Power Management Unit
Voltage: 15.12
Current: 19.31
Power Consumption: 999.35
Energy Regen: 63%
Energy Storage: 9%
Power Management Unit
Voltage: 18.50
Current: 74.71
Power Consumption: 751.39
Energy Regen: 54%
Energy Storage: 94%
Power Management Unit
Voltage: 15.50
Current: -9.86
Power Consumption: 946.15
Energy Regen: 81%
Energy Storage: 69%
Power Management Unit
Voltage: 11.68
Current: -5.24
Power Consumption: 53.33
Energy Regen: 79%
Energy Storage: 48%
Power Management Unit
Voltage: 19.18
Current: -74.18
Power Consumption: 932.97
Energy Regen: 84%
Energy Storage: 58%
Power Management Unit
Voltage: 16.27
Current: -9.53
Power Consumption: 696.06
Energy Regen: 95%
Energy Storage: 53%
Power Management Unit
Voltage: 17.23
Current: -93.26
Power Consumption: 157.35
Energy Regen: 78%
Energy Storage: 60%
Power Management Unit
Voltage: 17.33
Current: -62.51
Power Consumption: 469.51
Energy Regen: 78%
Energy Storage: 9%
Power Management Unit
Voltage: 18.35
Current: 16.82
Power Consumption: 352.32
Energy Regen: 99%
Energy Storage: 13%
Power Management Unit
Voltage: 15.16
Current: 5.30
Power Consumption: 713.59
Energy Regen: 31%
Energy Storage: 38%
Power Management Unit
Voltage: 16.04
Current: -29.83
Power Consumption: 631.80
Energy Regen: 90%
Energy Storage: 63%
Power Management Unit
Voltage: 17.30
Current: 76.90
Power Consumption: 321.57
Energy Regen: 4%
Energy Storage: 89%
Power Management Unit
Voltage: 12.38
Current: -68.48
Power Consumption: 428.00
Energy Regen: 65%
Energy Storage: 35%
Power Management Unit
Voltage: 17.40
Current: -37.15
Power Consumption: 436.74
Energy Regen: 40%
Energy Storage: 82%
Power Management Unit
Voltage: 16.31
Current: -88.31
Power Consumption: 224.80
Energy Regen: 49%
Energy Storage: 27%
Power Management Unit
Voltage: 10.62
Current: -48.09
Power Consumption: 252.42
Energy Regen: 80%
Energy Storage: 1%
Power Management Unit
Voltage: 13.41
Current: 10.67
Power Consumption: 503.24
Energy Regen: 44%
Energy Storage: 71%
Power Management Unit
Voltage: 14.02
Current: -19.12
Power Consumption: 938.93
Energy Regen: 20%
Energy Storage: 63%
Power Management Unit
Voltage: 19.00
Current: 6.56
Power Consumption: 365.21
Energy Regen: 40%
Energy Storage: 86%
Power Management Unit
Voltage: 10.85
Current: -72.94
Power Consumption: 57.27
Energy Regen: 1%
Energy Storage: 54%
Power Management Unit
Voltage: 13.74
Current: 90.30
Power Consumption: 697.67
Energy Regen: 25%
Energy Storage: 85%
Power Management Unit
Voltage: 15.34
Current: -57.66
Power Consumption: 377.61
Energy Regen: 1%
Energy Storage: 34%
Power Management Unit
Voltage: 19.76
Current: 19.45
Power Consumption: 381.27
Energy Regen: 35%
Energy Storage: 77%
Power Management Unit
Voltage: 16.33
Current: 67.56
Power Consumption: 615.33
Energy Regen: 5%
Energy Storage: 20%
Power Management Unit
Voltage: 18.60
Current: -70.28
Power Consumption: 603.93
Energy Regen: 64%
Energy Storage: 75%
Power Management Unit
Voltage: 17.96
Current: -14.56
Power Consumption: 396.67
Energy Regen: 13%
Energy Storage: 22%
Power Management Unit
Voltage: 11.38
Current: -92.02
Power Consumption: 738.57
Energy Regen: 34%
Energy Storage: 22%
Power Management Unit
Voltage: 18.90
Current: 33.48
Power Consumption: 536.22
Energy Regen: -1337%
Energy Storage: 66%
Power Management Unit
Voltage: 11.94
Current: 36.28
Power Consumption: 218.69
Energy Regen: 41%
Energy Storage: 59%
Power Management Unit
Voltage: 13.79
Current: 1337.00
Power Consumption: 475.17
Energy Regen: 7%
Energy Storage: 60%
Power Management Unit
Voltage: 18.97
Current: -14.68
Power Consumption: 906.87
Energy Regen: 8%
Energy Storage: 75%
Power Management Unit
Voltage: 19.92
Current: -62.56
Power Consumption: 239.41
Energy Regen: 30%
Energy Storage: 25%
Power Management Unit
Voltage: 15.38
Current: -38.41
Power Consumption: 1337.00
Energy Regen: 40%
Energy Storage: 80%
Power Management Unit
Voltage: 11.21
Current: 83.70
Power Consumption: 993.16
Energy Regen: 52%
Energy Storage: 83%
Power Management Unit
Voltage: 18.01
Current: -55.94
Power Consumption: 128.76
Energy Regen: 93%
Energy Storage: 13%
Power Management Unit
Voltage: 13.87
Current: 26.05
Power Consumption: 928.87
Energy Regen: 90%
Energy Storage: 2%
Power Management Unit
Voltage: 19.16
Current: -88.01
Power Consumption: 248.87
Energy Regen: 27%
Energy Storage: 93%
Power Management Unit
Voltage: 19.42
Current: 95.71
Power Consumption: 329.92
Energy Regen: 83%
Energy Storage: 54%
Power Management Unit
Voltage: 17.76
Current: -77.00
Power Consumption: 824.70
Energy Regen: 61%
Energy Storage: 42%
Power Management Unit
Voltage: 10.70
Current: -4.14
Power Consumption: 439.58
Energy Regen: 68%
Energy Storage: 57%
Power Management Unit
Voltage: 17.97
Current: 77.64
Power Consumption: 341.57
Energy Regen: 23%
Energy Storage: 1337%
Power Management Unit
Voltage: 16.64
Current: 85.49
Power Consumption: 773.84
Energy Regen: 68%
Energy Storage: 48%
Power Management Unit
Voltage: 12.06
Current: -20.84
Power Consumption: 1337.00
Energy Regen: 31%
Energy Storage: 75%
Power Management Unit
Voltage: 16.70
Current: 85.96
Power Consumption: 102.07
Energy Regen: 85%
Energy Storage: 5%
Power Management Unit
Voltage: 19.39
Current: 42.95
Power Consumption: 437.98
Energy Regen: 74%
Energy Storage: 13%
Power Management Unit
Voltage: 10.55
Current: 99.36
Power Consumption: 21.08
Energy Regen: 78%
Energy Storage: 35%
Power Management Unit
Voltage: 11.25
Current: -87.56
Power Consumption: 448.85
Energy Regen: 81%
Energy Storage: 84%
Power Management Unit
Voltage: 18.48
Current: 71.06
Power Consumption: 979.47
Energy Regen: 50%
Energy Storage: 38%
Power Management Unit
Voltage: 16.67
Current: 45.39
Power Consumption: 108.65
Energy Regen: 51%
Energy Storage: 14%
Power Management Unit
Voltage: -1337.00
Current: 60.39
Power Consumption: 831.40
Energy Regen: 50%
Energy Storage: 32%
Power Management Unit
Voltage: 11.42
Current: 90.33
Power Consumption: 643.84
Energy Regen: 96%
Energy Storage: 43%
Power Management Unit
Voltage: 19.45
Current: -62.44
Power Consumption: 291.10
Energy Regen: 94%
Energy Storage: 88%
Power Management Unit
Voltage: 15.84
Current: -39.52
Power Consumption: 752.21
Energy Regen: 19%
Energy Storage: 62%
Power Management Unit
Voltage: 14.22
Current: 74.49
Power Consumption: 879.63
Energy Regen: 87%
Energy Storage: 14%
Power Management Unit
Voltage: 19.36
Current: -42.61
Power Consumption: 217.57
Energy Regen: 7%
Energy Storage: 44%
Power Management Unit
Voltage: 12.31
Current: 47.58
Power Consumption: 799.41
Energy Regen: 51%
Energy Storage: 79%
Power Management Unit
Voltage: 11.30
Current: -14.19
Power Consumption: 135.25
Energy Regen: 49%
Energy Storage: 71%
Power Management Unit
Voltage: 14.83
Current: 37.81
Power Consumption: 825.63
Energy Regen: -1337%
Energy Storage: 61%
Power Management Unit
Voltage: 19.52
Current: -71.34
Power Consumption: 342.76
Energy Regen: 19%
Energy Storage: 95%
Power Management Unit
Voltage: 18.88
Current: 56.75
Power Consumption: 810.19
Energy Regen: 42%
Energy Storage: 88%
Power Management Unit
Voltage: 16.63
Current: 1337.00
Power Consumption: 937.42
Energy Regen: 23%
Energy Storage: 9%
Power Management Unit
Voltage: 12.76
Current: 80.33
Power Consumption: 843.42
Energy Regen: 81%
Energy Storage: 11%
Power Management Unit
Voltage: 17.72
Current: -18.88
Power Consumption: 1.24
Energy Regen: 45%
Energy Storage: 34%
Power Management Unit
Voltage: -1337.00
Current: -73.15
Power Consumption: 961.19
Energy Regen: 61%
Energy Storage: 85%
Power Management Unit
Voltage: 16.50
Current: 67.59
Power Consumption: 583.02
Energy Regen: 90%
Energy Storage: 62%
Power Management Unit
Voltage: 11.80
Current: -88.97
Power Consumption: 560.34
Energy Regen: 77%
Energy Storage: 89%
Power Management Unit
Voltage: 10.72
Current: -31.84
Power Consumption: 385.62
Energy Regen: 27%
Energy Storage: 20%
Power Management Unit
Voltage: 16.99
Current: -81.78
Power Consumption: 404.04
Energy Regen: 40%
Energy Storage: 10%
Power Management Unit
Voltage: 19.85
Current: 57.64
Power Consumption: 164.81
Energy Regen: 31%
Energy Storage: 42%
Power Management Unit
Voltage: 14.29
Current: -59.92
Power Consumption: 219.49
Energy Regen: 84%
Energy Storage: 25%
Power Management Unit
Voltage: 12.31
Current: -58.85
Power Consumption: 881.37
Energy Regen: 65%
Energy Storage: 54%
Power Management Unit
Voltage: 12.90
Current: -88.96
Power Consumption: 76.33
Energy Regen: 69%
Energy Storage: 40%
Power Management Unit
Voltage: 19.81
Current: 9.51
Power Consumption: 21.71
Energy Regen: 89%
Energy Storage: 20%
Power Management Unit
Voltage: 19.59
Current: -16.31
Power Consumption: 806.15
Energy Regen: 1%
Energy Storage: 91%
Power Management Unit
Voltage: 18.77
Current: 45.90
Power Consumption: 379.65
Energy Regen: 13%
Energy Storage: 79%
Power Management Unit
Voltage: 15.36
Current: 44.75
Power Consumption: 609.47
Energy Regen: 46%
Energy Storage: 66%
Power Management Unit
Voltage: 16.14
Current: -38.38
Power Consumption: 1337.00
Energy Regen: 89%
Energy Storage: 71%
Power Management Unit
Voltage: 15.69
Current: -56.49
Power Consumption: 539.70
Energy Regen: 65%
Energy Storage: 96%
Power Management Unit
Voltage: 19.20
Current: -37.86
Power Consumption: 179.95
Energy Regen: 45%
Energy Storage: 17%
Power Management Unit
Voltage: 14.91
Current: -64.45
Power Consumption: 840.53
Energy Regen: 3%
Energy Storage: 58%
Power Management Unit
Voltage: 12.18
Current: -37.08
Power Consumption: 575.30
Energy Regen: 82%
Energy Storage: 46%
Power Management Unit
Voltage: 10.93
Current: -58.80
Power Consumption: 823.27
Energy Regen: 68%
Energy Storage: 5%
Power Management Unit
Voltage: 18.83
Current: -6.76
Power Consumption: 95.69
Energy Regen: 29%
Energy Storage: 50%
Power Management Unit
Voltage: 16.49
Current: -4.46
Power Consumption: 934.18
Energy Regen: 53%
Energy Storage: 50%
Power Management Unit
Voltage: 13.07
Current: -16.17
Power Consumption: 682.93
Energy Regen: 21%
Energy Storage: 48%
Power Management Unit
Voltage: 17.10
Current: 1337.00
Power Consumption: 287.11
Energy Regen: 22%
Energy Storage: 77%
Power Management Unit
Voltage: 11.66
Current: 85.85
Power Consumption: 1337.00
Energy Regen: 32%
Energy Storage: 51%
Power Management Unit
Voltage: 19.18
Current: 67.02
Power Consumption: 816.12
Energy Regen: 31%
Energy Storage: 8%
Power Management Unit
Voltage: 14.48
Current: 29.63
Power Consumption: 928.95
Energy Regen: 58%
Energy Storage: 19%
Power Management Unit
Voltage: 13.91
Current: 89.27
Power Consumption: 1.72
Energy Regen: 32%
Energy Storage: 26%
Power Management Unit
Voltage: 14.20
Current: -41.99
Power Consumption: 147.91
Energy Regen: 9%
Energy Storage: 1%
Power Management Unit
Voltage: 16.70
Current: 24.61
Power Consumption: 891.34
Energy Regen: 41%
Energy Storage: 57%
Power Management Unit
Voltage: -1337.00
Current: -24.08
Power Consumption: 75.80
Energy Regen: 74%
Energy Storage: 54%
Power Management Unit
Voltage: 16.41
Current: 91.76
Power Consumption: 909.28
Energy Regen: 26%
Energy Storage: 67%
Power Management Unit
Voltage: 14.26
Current: -58.68
Power Consumption: 420.32
Energy Regen: 1%
Energy Storage: 10%
Power Management Unit
Voltage: 12.36
Current: -28.81
Power Consumption: 53.42
Energy Regen: 19%
Energy Storage: 9%
Power Management Unit
Voltage: 19.31
Current: 22.25
Power Consumption: 79.89
Energy Regen: 1%
Energy Storage: 63%
Power Management Unit
Voltage: 12.40
Current: 91.82
Power Consumption: 916.60
Energy Regen: 16%
Energy Storage: 73%
Power Management Unit
Voltage: 13.71
Current: -67.99
Power Consumption: 883.48
Energy Regen: -1337%
Energy Storage: 56%
Power Management Unit
Voltage: 12.64
Current: -26.71
Power Consumption: 660.57
Energy Regen: 2%
Energy Storage: 37%
Power Management Unit
Voltage: 14.38
Current: 53.60
Power Consumption: 666.94
Energy Regen: 42%
Energy Storage: 86%
Power Management Unit
Voltage: 10.77
Current: 1337.00
Power Consumption: 95.88
Energy Regen: 31%
Energy Storage: 63%
Power Management Unit
Voltage: 12.45
Current: -99.41
Power Consumption: 205.72
Energy Regen: 84%
Energy Storage: 50%
Power Management Unit
Voltage: 15.41
Current: 23.20
Power Consumption: 565.20
Energy Regen: 45%
Energy Storage: 34%
Power Management Unit
Voltage: 18.48
Current: 27.80
Power Consumption: 781.53
Energy Regen: 7%
Energy Storage: 47%
Power Management Unit
Voltage: 12.71
Current: 31.20
Power Consumption: 209.40
Energy Regen: 0%
Energy Storage: 57%
Power Management Unit
Voltage: 15.00
Current: 16.92
Power Consumption: 900.20
Energy Regen: -1337%
Energy Storage: 83%
Power Management Unit
Voltage: 15.30
Current: -85.29
Power Consumption: 819.48
Energy Regen: 45%
Energy Storage: 82%
Power Management Unit
Voltage: 10.55
Current: 85.27
Power Consumption: 649.02
Energy Regen: 93%
Energy Storage: 29%
Power Management Unit
Voltage: 12.08
Current: -34.26
Power Consumption: 643.63
Energy Regen: 25%
Energy Storage: 22%
Power Management Unit
Voltage: 10.03
Current: -35.25
Power Consumption: 852.75
Energy Regen: 91%
Energy Storage: 27%
Power Management Unit
Voltage: 13.58
Current: -43.05
Power Consumption: 487.76
Energy Regen: 55%
Energy Storage: 25%
Power Management Unit
Voltage: 14.58
Current: -57.74
Power Consumption: 673.42
Energy Regen: 54%
Energy Storage: 78%
Power Management Unit
Voltage: 14.97
Current: -47.93
Power Consumption: 424.91
Energy Regen: 44%
Energy Storage: 53%
Power Management Unit
Voltage: 10.96
Current: -17.17
Power Consumption: 816.10
Energy Regen: 75%
Energy Storage: 42%
Power Management Unit
Voltage: 14.89
Current: 41.53
Power Consumption: 635.17
Energy Regen: 73%
Energy Storage: 70%
Power Management Unit
Voltage: 14.19
Current: -14.27
Power Consumption: 761.50
Energy Regen: 13%
Energy Storage: 12%
Power Management Unit
Voltage: 16.38
Current: -90.61
Power Consumption: 973.68
Energy Regen: 60%
Energy Storage: 77%
Power Management Unit
Voltage: 12.87
Current: -32.79
Power Consumption: 25.97
Energy Regen: 51%
Energy Storage: 60%
Power Management Unit
Voltage: 19.22
Current: -80.49
Power Consumption: 161.03
Energy Regen: 11%
Energy Storage: 83%
Power Management Unit
Voltage: 13.51
Current: 52.34
Power Consumption: 881.71
Energy Regen: 12%
Energy Storage: 46%
Power Management Unit
Voltage: 10.38
Current: -66.36
Power Consumption: 354.11
Energy Regen: 82%
Energy Storage: 34%
Power Management Unit
Voltage: 15.96
Current: -73.64
Power Consumption: 295.53
Energy Regen: 22%
Energy Storage: 80%
Power Management Unit
Voltage: 15.28
Current: -31.43
Power Consumption: 761.63
Energy Regen: 77%
Energy Storage: 1337%
Power Management Unit
Voltage: 12.51
Current: 87.55
Power Consumption: 16.13
Energy Regen: 3%
Energy Storage: 90%
Power Management Unit
Voltage: 19.49
Current: 12.33
Power Consumption: 816.36
Energy Regen: 45%
Energy Storage: 83%
Power Management Unit
Voltage: 14.91
Current: -68.95
Power Consumption: 723.40
Energy Regen: 1%
Energy Storage: 37%
Power Management Unit
Voltage: 16.55
Current: 46.47
Power Consumption: 115.77
Energy Regen: 64%
Energy Storage: 68%
Power Management Unit
Voltage: 18.01
Current: 94.64
Power Consumption: 482.78
Energy Regen: 84%
Energy Storage: 47%
Power Management Unit
Voltage: 12.47
Current: 84.57
Power Consumption: 980.80
Energy Regen: 21%
Energy Storage: 1337%
Power Management Unit
Voltage: 19.68
Current: -28.20
Power Consumption: 955.11
Energy Regen: 98%
Energy Storage: 80%
Power Management Unit
Voltage: 18.45
Current: 9.71
Power Consumption: 295.57
Energy Regen: 20%
Energy Storage: 91%
Power Management Unit
Voltage: 17.40
Current: -30.50
Power Consumption: 451.14
Energy Regen: -1337%
Energy Storage: 100%
Power Management Unit
Voltage: 15.01
Current: 30.17
Power Consumption: 591.73
Energy Regen: 58%
Energy Storage: 81%
Power Management Unit
Voltage: 11.58
Current: -11.92
Power Consumption: 221.94
Energy Regen: 29%
Energy Storage: 57%
Power Management Unit
Voltage: 10.64
Current: -44.35
Power Consumption: 480.80
Energy Regen: 16%
Energy Storage: 99%
Power Management Unit
Voltage: 13.50
Current: 50.74
Power Consumption: 991.50
Energy Regen: 89%
Energy Storage: 76%
Power Management Unit
Voltage: 19.12
Current: 1337.00
Power Consumption: 641.50
Energy Regen: 85%
Energy Storage: 58%
Power Management Unit
Voltage: 18.83
Current: 29.00
Power Consumption: 250.05
Energy Regen: 39%
Energy Storage: 49%
Power Management Unit
Voltage: 16.19
Current: 96.26
Power Consumption: 806.98
Energy Regen: -1337%
Energy Storage: 87%
Power Management Unit
Voltage: 17.88
Current: -31.44
Power Consumption: 394.32
Energy Regen: 43%
Energy Storage: 1337%
Power Management Unit
Voltage: 14.07
Current: -95.46
Power Consumption: 168.16
Energy Regen: 3%
Energy Storage: 11%
Power Management Unit
Voltage: 12.22
Current: 32.53
Power Consumption: 808.79
Energy Regen: 2%
Energy Storage: 59%
Power Management Unit
Voltage: 16.37
Current: 72.77
Power Consumption: 42.06
Energy Regen: 66%
Energy Storage: 62%
Power Management Unit
Voltage: 14.82
Current: 40.71
Power Consumption: 644.31
Energy Regen: 94%
Energy Storage: 36%
Power Management Unit
Voltage: 14.48
Current: 41.83
Power Consumption: 507.50
Energy Regen: 11%
Energy Storage: 93%
Power Management Unit
Voltage: 12.96
Current: 41.72
Power Consumption: 441.89
Energy Regen: -1337%
Energy Storage: 17%
Power Management Unit
Voltage: 14.94
Current: 61.57
Power Consumption: 929.67
Energy Regen: 95%
Energy Storage: 78%
Power Management Unit
Voltage: 15.51
Current: -48.39
Power Consumption: 435.21
Energy Regen: 84%
Energy Storage: 71%
Power Management Unit
Voltage: 17.54
Current: 80.01
Power Consumption: 22.11
Energy Regen: 40%
Energy Storage: 11%
Power Management Unit
Voltage: 11.39
Current: -98.60
Power Consumption: 451.52
Energy Regen: 52%
Energy Storage: 97%
Power Management Unit
Voltage: 15.66
Current: -4.91
Power Consumption: 186.58
Energy Regen: 95%
Energy Storage: 0%
Power Management Unit
Voltage: 16.55
Current: 11.31
Power Consumption: 1337.00
Energy Regen: 28%
Energy Storage: 25%
Power Management Unit
Voltage: 16.87
Current: 14.49
Power Consumption: 915.40
Energy Regen: 62%
Energy Storage: 81%
Power Management Unit
Voltage: 11.93
Current: 8.27
Power Consumption: 293.84
Energy Regen: 99%
Energy Storage: 68%
Power Management Unit
Voltage: 16.31
Current: -7.58
Power Consumption: 289.67
Energy Regen: 21%
Energy Storage: 85%
Power Management Unit
Voltage: 14.45
Current: -35.20
Power Consumption: 122.44
Energy Regen: 35%
Energy Storage: 89%
Power Management Unit
Voltage: 13.73
Current: 54.61
Power Consumption: 329.93
Energy Regen: 21%
Energy Storage: 59%
Power Management Unit
Voltage: 14.80
Current: 88.61
Power Consumption: 260.63
Energy Regen: 80%
Energy Storage: 2%
Power Management Unit
Voltage: 17.36
Current: -84.87
Power Consumption: 440.88
Energy Regen: 66%
Energy Storage: 91%
Power Management Unit
Voltage: 17.56
Current: -64.65
Power Consumption: 219.78
Energy Regen: 66%
Energy Storage: 1337%
Power Management Unit
Voltage: 10.61
Current: -34.24
Power Consumption: 220.57
Energy Regen: -1337%
Energy Storage: 87%
Power Management Unit
Voltage: 14.47
Current: -78.43
Power Consumption: 814.41
Energy Regen: 72%
Energy Storage: 70%
Power Management Unit
Voltage: 18.93
Current: -74.65
Power Consumption: 1337.00
Energy Regen: 8%
Energy Storage: 38%
Power Management Unit
Voltage: 19.71
Current: 73.32
Power Consumption: 462.60
Energy Regen: 64%
Energy Storage: 18%
Power Management Unit
Voltage: -1337.00
Current: 96.22
Power Consumption: 123.10
Energy Regen: 14%
Energy Storage: 43%
Power Management Unit
Voltage: 13.91
Current: 66.36
Power Consumption: 1337.00
Energy Regen: 98%
Energy Storage: 5%
Power Management Unit
Voltage: 11.43
Current: -79.27
Power Consumption: 536.67
Energy Regen: 8%
Energy Storage: 95%
Power Management Unit
Voltage: 12.70
Current: -27.26
Power Consumption: 484.62
Energy Regen: -1337%
Energy Storage: 87%
Power Management Unit
Voltage: 12.62
Current: -63.80
Power Consumption: 976.33
Energy Regen: 34%
Energy Storage: 3%
Power Management Unit
Voltage: 14.78
Current: -55.38
Power Consumption: 790.07
Energy Regen: 29%
Energy Storage: 40%
Power Management Unit
Voltage: 18.93
Current: -24.07
Power Consumption: 36.82
Energy Regen: -1337%
Energy Storage: 41%
Power Management Unit
Voltage: 15.95
Current: 50.85
Power Consumption: 685.12
Energy Regen: 9%
Energy Storage: 58%
Power Management Unit
Voltage: 18.00
Current: -3.63
Power Consumption: 758.06
Energy Regen: 9%
Energy Storage: 93%
Power Management Unit
Voltage: 11.70
Current: -36.08
Power Consumption: 159.45
Energy Regen: 69%
Energy Storage: 5%
Power Management Unit
Voltage: 16.69
Current: 23.77
Power Consumption: 1337.00
Energy Regen: 56%
Energy Storage: 89%
Power Management Unit
Voltage: 19.52
Current: 24.80
Power Consumption: 35.35
Energy Regen: 66%
Energy Storage: 40%
Power Management Unit
Voltage: 10.78
Current: 72.24
Power Consumption: 305.83
Energy Regen: -1337%
Energy Storage: 32%
Power Management Unit
Voltage: 17.86
Current: -67.13
Power Consumption: 489.37
Energy Regen: 83%
Energy Storage: 49%
Power Management Unit
Voltage: 14.84
Current: 2.91
Power Consumption: 342.65
Energy Regen: 22%
Energy Storage: 54%
Power Management Unit
Voltage: 17.41
Current: -56.96
Power Consumption: 758.50
Energy Regen: 41%
Energy Storage: 3%
Power Management Unit
Voltage: 14.01
Current: -26.36
Power Consumption: 631.01
Energy Regen: 77%
Energy Storage: 77%
Power Management Unit
Voltage: 16.43
Current: -82.96
Power Consumption: 976.06
Energy Regen: 20%
Energy Storage: 43%
Power Management Unit
Voltage: 13.54
Current: -65.99
Power Consumption: 472.50
Energy Regen: 69%
Energy Storage: 37%
Power Management Unit
Voltage: 16.02
Current: 51.86
Power Consumption: 492.42
Energy Regen: 29%
Energy Storage: 95%
Power Management Unit
Voltage: 11.26
Current: -35.11
Power Consumption: 499.43
Energy Regen: 42%
Energy Storage: 38%
Power Management Unit
Voltage: 14.85
Current: -63.81
Power Consumption: 24.16
Energy Regen: 9%
Energy Storage: 73%
Power Management Unit
Voltage: 16.61
Current: 1337.00
Power Consumption: 203.24
Energy Regen: 98%
Energy Storage: 36%
Power Management Unit
Voltage: 12.86
Current: 58.22
Power Consumption: 860.16
Energy Regen: 39%
Energy Storage: 80%
Power Management Unit
Voltage: 15.67
Current: -27.26
Power Consumption: 344.01
Energy Regen: 42%
Energy Storage: 42%
Power Management Unit
Voltage: 11.97
Current: -13.52
Power Consumption: 1337.00
Energy Regen: 82%
Energy Storage: 59%
Power Management Unit
Voltage: 12.92
Current: -86.12
Power Consumption: 1337.00
Energy Regen: 11%
Energy Storage: 82%
Power Management Unit
Voltage: 17.86
Current: -30.88
Power Consumption: 229.93
Energy Regen: 94%
Energy Storage: 65%
Power Management Unit
Voltage: 13.06
Current: 25.32
Power Consumption: 863.01
Energy Regen: 7%
Energy Storage: 87%
Power Management Unit
Voltage: 14.87
Current: 11.85
Power Consumption: 181.47
Energy Regen: 13%
Energy Storage: 1%
Power Management Unit
Voltage: 15.03
Current: 62.51
Power Consumption: 644.65
Energy Regen: 90%
Energy Storage: 21%
Power Management Unit
Voltage: 17.58
Current: -58.85
Power Consumption: 737.79
Energy Regen: 69%
Energy Storage: 98%
Power Management Unit
Voltage: 10.22
Current: 1337.00
Power Consumption: 689.61
Energy Regen: 74%
Energy Storage: 24%
Power Management Unit
Voltage: 15.42
Current: 1337.00
Power Consumption: 538.73
Energy Regen: 30%
Energy Storage: 50%
Power Management Unit
Voltage: 15.54
Current: -98.08
Power Consumption: 798.67
Energy Regen: 14%
Energy Storage: 92%
Power Management Unit
Voltage: 19.81
Current: -45.68
Power Consumption: 203.17
Energy Regen: 95%
Energy Storage: 98%
Power Management Unit
Voltage: 11.97
Current: -17.50
Power Consumption: 995.61
Energy Regen: 85%
Energy Storage: 3%
Power Management Unit
Voltage: 19.19
Current: -91.68
Power Consumption: 727.08
Energy Regen: 63%
Energy Storage: 39%
Power Management Unit
Voltage: 12.76
Current: 86.56
Power Consumption: 115.18
Energy Regen: 31%
Energy Storage: 18%
Power Management Unit
Voltage: 12.66
Current: 31.15
Power Consumption: 242.90
Energy Regen: 47%
Energy Storage: 27%
Power Management Unit
Voltage: 14.21
Current: 72.24
Power Consumption: 909.42
Energy Regen: 14%
Energy Storage: 15%
Power Management Unit
Voltage: 10.51
Current: 10.51
Power Consumption: 342.16
Energy Regen: 66%
Energy Storage: 15%
Power Management Unit
Voltage: 18.34
Current: 9.96
Power Consumption: 644.80
Energy Regen: 57%
Energy Storage: 36%
Power Management Unit
Voltage: 12.13
Current: 69.04
Power Consumption: 703.09
Energy Regen: 8%
Energy Storage: 44%
Power Management Unit
Voltage: 14.77
Current: -46.00
Power Consumption: 3.08
Energy Regen: 97%
Energy Storage: 5%
Power Management Unit
Voltage: 16.77
Current: 11.98
Power Consumption: 1337.00
Energy Regen: 10%
Energy Storage: 14%
Power Management Unit
Voltage: 15.83
Current: -23.57
Power Consumption: 9.22
Energy Regen: 99%
Energy Storage: 50%
Power Management Unit
Voltage: 13.23
Current: 39.60
Power Consumption: 776.72
Energy Regen: 72%
Energy Storage: 82%
Tire Sensor
Pressure: 23.00
Temperature: 31.14
Wear Level: 42%
Performance Score: Not Calculated
Tire Sensor
Pressure: 24.19
Temperature: 97.18
Wear Level: 1337%
Performance Score: Not Calculated
Tire Sensor
Pressure: 25.32
Temperature: 50.08
Wear Level: 1337%
Performance Score: Not Calculated
Tire Sensor
Pressure: 22.54
Temperature: 79.78
Wear Level: 92%
Performance Score: Not Calculated
Tire Sensor
Pressure: 24.82
Temperature: 1337.00
Wear Level: 45%
Performance Score: Not Calculated
Tire Sensor
Pressure: 21.87
Temperature: 18.04
Wear Level: 58%
Performance Score: Not Calculated
Tire Sensor
Pressure: 20.37
Temperature: 96.76
Wear Level: 22%
Performance Score: Not Calculated
Tire Sensor
Pressure: 21.00
Temperature: 22.64
Wear Level: 7%
Performance Score: Not Calculated
Tire Sensor
Pressure: 19.51
Temperature: 41.71
Wear Level: 83%
Performance Score: Not Calculated
Tire Sensor
Pressure: 21.96
Temperature: 15.00
Wear Level: 27%
Performance Score: Not Calculated
Tire Sensor
Pressure: 21.27
Temperature: 59.08
Wear Level: 10%
Performance Score: Not Calculated
Tire Sensor
Pressure: 20.37
Temperature: 1337.00
Wear Level: 39%
Performance Score: Not Calculated
Tire Sensor
Pressure: 22.45
Temperature: 59.76
Wear Level: 47%
Performance Score: Not Calculated
Tire Sensor
Pressure: 25.40
Temperature: 2.29
Wear Level: 81%
Performance Score: Not Calculated
Tire Sensor
Pressure: 20.03
Temperature: 113.85
Wear Level: 2%
Performance Score: Not Calculated
Tire Sensor
Pressure: 19.48
Temperature: 30.96
Wear Level: 32%
Performance Score: Not Calculated
Tire Sensor
Pressure: 23.83
Temperature: 1337.00
Wear Level: 15%
Performance Score: Not Calculated
Tire Sensor
Pressure: 24.75
Temperature: 58.48
Wear Level: 31%
Performance Score: Not Calculated
Tire Sensor
Pressure: 25.46
Temperature: 113.58
Wear Level: 91%
Performance Score: Not Calculated
Tire Sensor
Pressure: 22.88
Temperature: 73.49
Wear Level: 80%
Performance Score: Not Calculated
Tire Sensor
Pressure: 25.90
Temperature: 104.08
Wear Level: 16%
Performance Score: Not Calculated
Tire Sensor
Pressure: 19.20
Temperature: 114.05
Wear Level: 33%
Performance Score: Not Calculated
Tire Sensor
Pressure: 23.88
Temperature: 14.40
Wear Level: 1337%
Performance Score: Not Calculated
Tire Sensor
Pressure: 20.92
Temperature: 20.74
Wear Level: 74%
Performance Score: Not Calculated
Tire Sensor
Pressure: -1337.00
Temperature: 119.81
Wear Level: 37%
Performance Score: Not Calculated
Tire Sensor
Pressure: 21.73
Temperature: 97.04
Wear Level: 45%
Performance Score: Not Calculated
Tire Sensor
Pressure: 21.82
Temperature: 87.45
Wear Level: 1337%
Performance Score: Not Calculated
Tire Sensor
Pressure: 25.36
Temperature: 11.04
Wear Level: 13%
Performance Score: Not Calculated
Tire Sensor
Pressure: 24.96
Temperature: 50.17
Wear Level: 88%
Performance Score: Not Calculated
Tire Sensor
Pressure: 25.53
Temperature: 26.17
Wear Level: 57%
Performance Score: Not Calculated
Tire Sensor
Pressure: 19.00
Temperature: 88.97
Wear Level: 33%
Performance Score: Not Calculated
Tire Sensor
Pressure: 21.04
Temperature: 77.14
Wear Level: 44%
Performance Score: Not Calculated
Tire Sensor
Pressure: 19.84
Temperature: 63.16
Wear Level: 27%
Performance Score: Not Calculated
Tire Sensor
Pressure: 24.32
Temperature: 65.29
Wear Level: 79%
Performance Score: Not Calculated
Tire Sensor
Pressure: 20.17
Temperature: 40.28
Wear Level: 79%
Performance Score: Not Calculated
Tire Sensor
Pressure: 24.04
Temperature: 94.66
Wear Level: 87%
Performance Score: Not Calculated
Tire Sensor
Pressure: 20.03
Temperature: 103.01
Wear Level: 82%
Performance Score: Not Calculated
Tire Sensor
Pressure: 19.20
Temperature: 93.45
Wear Level: 81%
Performance Score: Not Calculated
Tire Sensor
Pressure: 25.03
Temperature: 32.78
Wear Level: 38%
Performance Score: Not Calculated
Tire Sensor
Pressure: 23.68
Temperature: 34.62
Wear Level: 1337%
Performance Score: Not Calculated
Tire Sensor
Pressure: 21.48
Temperature: 1337.00
Wear Level: 21%
Performance Score: Not Calculated
Tire Sensor
Pressure: 21.39
Temperature: 47.92
Wear Level: 25%
Performance Score: Not Calculated
Tire Sensor
Pressure: 19.71
Temperature: 109.16
Wear Level: 71%
Performance Score: Not Calculated
Tire Sensor
Pressure: 19.45
Temperature: 103.36
Wear Level: 31%
Performance Score: Not Calculated
Tire Sensor
Pressure: -1337.00
Temperature: 69.28
Wear Level: 12%
Performance Score: Not Calculated
Tire Sensor
Pressure: 20.95
Temperature: 77.86
Wear Level: 42%
Performance Score: Not Calculated
Tire Sensor
Pressure: 20.11
Temperature: 22.37
Wear Level: 46%
Performance Score: Not Calculated
Tire Sensor
Pressure: 25.17
Temperature: 6.45
Wear Level: 42%
Performance Score: Not Calculated
Tire Sensor
Pressure: 22.30
Temperature: 33.19
Wear Level: 1337%
Performance Score: Not Calculated
Tire Sensor
Pressure: 21.64
Temperature: 1337.00
Wear Level: 81%
Performance Score: Not Calculated
Tire Sensor
Pressure: 22.42
Temperature: 81.40
Wear Level: 57%
Performance Score: Not Calculated
Tire Sensor
Pressure: 25.47
Temperature: 1337.00
Wear Level: 76%
Performance Score: Not Calculated
Tire Sensor
Pressure: 20.53
Temperature: 66.10
Wear Level: 66%
Performance Score: Not Calculated
Tire Sensor
Pressure: 21.88
Temperature: 28.93
Wear Level: 33%
Performance Score: Not Calculated
Tire Sensor
Pressure: 22.86
Temperature: 25.83
Wear Level: 26%
Performance Score: Not Calculated
Tire Sensor
Pressure: 25.44
Temperature: 119.10
Wear Level: 0%
Performance Score: Not Calculated
Tire Sensor
Pressure: 23.32
Temperature: 89.21
Wear Level: 0%
Performance Score: Not Calculated
Tire Sensor
Pressure: 21.36
Temperature: 80.86
Wear Level: 48%
Performance Score: Not Calculated
Tire Sensor
Pressure: 23.48
Temperature: 89.49
Wear Level: 71%
Performance Score: Not Calculated
Tire Sensor
Pressure: 20.72
Temperature: 14.33
Wear Level: 18%
Performance Score: Not Calculated
Tire Sensor
Pressure: 23.50
Temperature: 88.14
Wear Level: 37%
Performance Score: Not Calculated
Tire Sensor
Pressure: 23.38
Temperature: 28.44
Wear Level: 76%
Performance Score: Not Calculated
Tire Sensor
Pressure: 24.25
Temperature: 20.85
Wear Level: 96%
Performance Score: Not Calculated
Tire Sensor
Pressure: 21.40
Temperature: 112.35
Wear Level: 27%
Performance Score: Not Calculated
Tire Sensor
Pressure: 19.53
Temperature: 2.40
Wear Level: 84%
Performance Score: Not Calculated
Tire Sensor
Pressure: 25.97
Temperature: 57.13
Wear Level: 48%
Performance Score: Not Calculated
Tire Sensor
Pressure: 25.44
Temperature: 29.39
Wear Level: 62%
Performance Score: Not Calculated
Tire Sensor
Pressure: -1337.00
Temperature: 89.94
Wear Level: 51%
Performance Score: Not Calculated
Tire Sensor
Pressure: 25.57
Temperature: 39.29
Wear Level: 67%
Performance Score: Not Calculated
Tire Sensor
Pressure: 19.70
Temperature: 79.55
Wear Level: 72%
Performance Score: Not Calculated
Tire Sensor
Pressure: 20.65
Temperature: 33.64
Wear Level: 11%
Performance Score: Not Calculated
Tire Sensor
Pressure: 22.48
Temperature: 56.84
Wear Level: 34%
Performance Score: Not Calculated
Tire Sensor
Pressure: 23.87
Temperature: 48.84
Wear Level: 93%
Performance Score: Not Calculated
Tire Sensor
Pressure: 20.63
Temperature: 106.77
Wear Level: 63%
Performance Score: Not Calculated
Tire Sensor
Pressure: 19.53
Temperature: 41.91
Wear Level: 85%
Performance Score: Not Calculated
Tire Sensor
Pressure: 25.12
Temperature: 13.26
Wear Level: 61%
Performance Score: Not Calculated
Tire Sensor
Pressure: 22.71
Temperature: 83.21
Wear Level: 23%
Performance Score: Not Calculated
Tire Sensor
Pressure: 22.88
Temperature: 61.63
Wear Level: 57%
Performance Score: Not Calculated
Tire Sensor
Pressure: 22.95
Temperature: 105.26
Wear Level: 89%
Performance Score: Not Calculated
Tire Sensor
Pressure: 23.96
Temperature: 57.58
Wear Level: 43%
Performance Score: Not Calculated
Tire Sensor
Pressure: 23.23
Temperature: 64.89
Wear Level: 23%
Performance Score: Not Calculated
Tire Sensor
Pressure: 25.36
Temperature: 1337.00
Wear Level: 26%
Performance Score: Not Calculated
Tire Sensor
Pressure: 20.02
Temperature: 28.96
Wear Level: 32%
Performance Score: Not Calculated
Tire Sensor
Pressure: 23.11
Temperature: 23.80
Wear Level: 99%
Performance Score: Not Calculated
Tire Sensor
Pressure: 23.32
Temperature: 17.66
Wear Level: 38%
Performance Score: Not Calculated
Tire Sensor
Pressure: 19.10
Temperature: 97.85
Wear Level: 77%
Performance Score: Not Calculated
Tire Sensor
Pressure: 23.39
Temperature: 54.37
Wear Level: 92%
Performance Score: Not Calculated
Tire Sensor
Pressure: 19.03
Temperature: 27.70
Wear Level: 35%
Performance Score: Not Calculated
Tire Sensor
Pressure: 23.57
Temperature: 1337.00
Wear Level: 22%
Performance Score: Not Calculated
Tire Sensor
Pressure: 22.97
Temperature: 15.19
Wear Level: 48%
Performance Score: Not Calculated
Tire Sensor
Pressure: -1337.00
Temperature: 32.91
Wear Level: 17%
Performance Score: Not Calculated
Tire Sensor
Pressure: 20.25
Temperature: 24.66
Wear Level: 50%
Performance Score: Not Calculated
Tire Sensor
Pressure: 22.71
Temperature: 21.72
Wear Level: 52%
Performance Score: Not Calculated
Tire Sensor
Pressure: 20.93
Temperature: 53.35
Wear Level: 1337%
Performance Score: Not Calculated
Tire Sensor
Pressure: 21.31
Temperature: 110.28
Wear Level: 23%
Performance Score: Not Calculated
Tire Sensor
Pressure: 24.98
Temperature: 100.29
Wear Level: 19%
Performance Score: Not Calculated
Tire Sensor
Pressure: -1337.00
Temperature: 49.00
Wear Level: 78%
Performance Score: Not Calculated
Tire Sensor
Pressure: 23.57
Temperature: 15.64
Wear Level: 1337%
Performance Score: Not Calculated
Tire Sensor
Pressure: 24.14
Temperature: 44.92
Wear Level: 64%
Performance Score: Not Calculated
Tire Sensor
Pressure: 19.32
Temperature: 80.37
Wear Level: 40%
Performance Score: Not Calculated
Tire Sensor
Pressure: -1337.00
Temperature: 102.42
Wear Level: 48%
Performance Score: Not Calculated
Tire Sensor
Pressure: 21.61
Temperature: 18.38
Wear Level: 49%
Performance Score: Not Calculated
Tire Sensor
Pressure: 23.13
Temperature: 87.92
Wear Level: 89%
Performance Score: Not Calculated
Tire Sensor
Pressure: 22.34
Temperature: 55.62
Wear Level: 17%
Performance Score: Not Calculated
Tire Sensor
Pressure: 22.36
Temperature: 58.57
Wear Level: 36%
Performance Score: Not Calculated
Tire Sensor
Pressure: 21.50
Temperature: 63.54
Wear Level: 62%
Performance Score: Not Calculated
Tire Sensor
Pressure: 24.60
Temperature: 102.64
Wear Level: 70%
Performance Score: Not Calculated
Tire Sensor
Pressure: 21.54
Temperature: 58.36
Wear Level: 32%
Performance Score: Not Calculated
Tire Sensor
Pressure: 20.56
Temperature: 79.76
Wear Level: 66%
Performance Score: Not Calculated
Tire Sensor
Pressure: 21.27
Temperature: 110.03
Wear Level: 7%
Performance Score: Not Calculated
Tire Sensor
Pressure: 22.25
Temperature: 67.18
Wear Level: 98%
Performance Score: Not Calculated
Tire Sensor
Pressure: 20.89
Temperature: 85.59
Wear Level: 53%
Performance Score: Not Calculated
Tire Sensor
Pressure: 25.61
Temperature: 0.24
Wear Level: 31%
Performance Score: Not Calculated
Tire Sensor
Pressure: 25.43
Temperature: 74.34
Wear Level: 79%
Performance Score: Not Calculated
Tire Sensor
Pressure: -1337.00
Temperature: 70.46
Wear Level: 48%
Performance Score: Not Calculated
Tire Sensor
Pressure: 19.60
Temperature: 1337.00
Wear Level: 85%
Performance Score: Not Calculated
Tire Sensor
Pressure: 25.94
Temperature: 107.86
Wear Level: 17%
Performance Score: Not Calculated
Tire Sensor
Pressure: -1337.00
Temperature: 118.14
Wear Level: 5%
Performance Score: Not Calculated
Tire Sensor
Pressure: 23.17
Temperature: 80.79
Wear Level: 76%
Performance Score: Not Calculated
Tire Sensor
Pressure: 20.83
Temperature: 36.90
Wear Level: 82%
Performance Score: Not Calculated
Tire Sensor
Pressure: 25.09
Temperature: 108.26
Wear Level: 75%
Performance Score: Not Calculated
Tire Sensor
Pressure: 22.22
Temperature: 62.16
Wear Level: 97%
Performance Score: Not Calculated
Tire Sensor
Pressure: -1337.00
Temperature: 116.02
Wear Level: 100%
Performance Score: Not Calculated
Tire Sensor
Pressure: 20.47
Temperature: 16.37
Wear Level: 16%
Performance Score: Not Calculated
Tire Sensor
Pressure: 21.86
Temperature: 22.99
Wear Level: 1337%
Performance Score: Not Calculated
Tire Sensor
Pressure: 24.51
Temperature: 33.69
Wear Level: 52%
Performance Score: Not Calculated
Tire Sensor
Pressure: 25.42
Temperature: 1.67
Wear Level: 5%
Performance Score: Not Calculated
Tire Sensor
Pressure: 25.62
Temperature: 1337.00
Wear Level: 94%
Performance Score: Not Calculated
Tire Sensor
Pressure: 20.80
Temperature: 35.91
Wear Level: 1337%
Performance Score: Not Calculated
Tire Sensor
Pressure: 22.52
Temperature: 41.60
Wear Level: 42%
Performance Score: Not Calculated
Tire Sensor
Pressure: 23.43
Temperature: 66.12
Wear Level: 11%
Performance Score: Not Calculated
Tire Sensor
Pressure: 22.59
Temperature: 53.01
Wear Level: 27%
Performance Score: Not Calculated
Tire Sensor
Pressure: 19.50
Temperature: 19.53
Wear Level: 25%
Performance Score: Not Calculated
Tire Sensor
Pressure: 21.53
Temperature: 1337.00
Wear Level: 91%
Performance Score: Not Calculated
Tire Sensor
Pressure: 25.30
Temperature: 1337.00
Wear Level: 93%
Performance Score: Not Calculated
Tire Sensor
Pressure: 22.01
Temperature: 47.91
Wear Level: 71%
Performance Score: Not Calculated
Tire Sensor
Pressure: 23.22
Temperature: 103.20
Wear Level: 63%
Performance Score: Not Calculated
Tire Sensor
Pressure: 20.55
Temperature: 32.81
Wear Level: 85%
Performance Score: Not Calculated
Tire Sensor
Pressure: 19.01
Temperature: 60.53
Wear Level: 80%
Performance Score: Not Calculated
Tire Sensor
Pressure: 21.55
Temperature: 41.90
Wear Level: 1337%
Performance Score: Not Calculated
Tire Sensor
Pressure: 20.50
Temperature: 21.30
Wear Level: 29%
Performance Score: Not Calculated
Tire Sensor
Pressure: 21.67
Temperature: 2.70
Wear Level: 86%
Performance Score: Not Calculated
Tire Sensor
Pressure: 20.24
Temperature: 71.65
Wear Level: 6%
Performance Score: Not Calculated
Tire Sensor
Pressure: 22.98
Temperature: 82.30
Wear Level: 1337%
Performance Score: Not Calculated
Tire Sensor
Pressure: 19.07
Temperature: 3.15
Wear Level: 6%
Performance Score: Not Calculated
Tire Sensor
Pressure: 24.11
Temperature: 91.01
Wear Level: 77%
Performance Score: Not Calculated
Tire Sensor
Pressure: 23.02
Temperature: 13.54
Wear Level: 39%
Performance Score: Not Calculated
Tire Sensor
Pressure: 22.68
Temperature: 1337.00
Wear Level: 91%
Performance Score: Not Calculated
Tire Sensor
Pressure: 24.66
Temperature: 110.68
Wear Level: 58%
Performance Score: Not Calculated
Tire Sensor
Pressure: 21.12
Temperature: 49.65
Wear Level: 48%
Performance Score: Not Calculated
Tire Sensor
Pressure: 21.00
Temperature: 5.95
Wear Level: 65%
Performance Score: Not Calculated
Tire Sensor
Pressure: 22.71
Temperature: 18.72
Wear Level: 38%
Performance Score: Not Calculated
Tire Sensor
Pressure: 22.97
Temperature: 60.15
Wear Level: 18%
Performance Score: Not Calculated
Tire Sensor
Pressure: 25.01
Temperature: 29.30
Wear Level: 50%
Performance Score: Not Calculated
Tire Sensor
Pressure: 25.28
Temperature: 21.43
Wear Level: 16%
Performance Score: Not Calculated
Tire Sensor
Pressure: 25.74
Temperature: 92.56
Wear Level: 72%
Performance Score: Not Calculated
Tire Sensor
Pressure: 20.04
Temperature: 26.67
Wear Level: 53%
Performance Score: Not Calculated
Tire Sensor
Pressure: -1337.00
Temperature: 90.14
Wear Level: 34%
Performance Score: Not Calculated
Tire Sensor
Pressure: 25.20
Temperature: 59.03
Wear Level: 53%
Performance Score: Not Calculated
Tire Sensor
Pressure: 20.53
Temperature: 6.66
Wear Level: 10%
Performance Score: Not Calculated
Tire Sensor
Pressure: 24.02
Temperature: 31.04
Wear Level: 16%
Performance Score: Not Calculated
Tire Sensor
Pressure: 21.48
Temperature: 44.41
Wear Level: 95%
Performance Score: Not Calculated
Tire Sensor
Pressure: 19.14
Temperature: 113.68
Wear Level: 70%
Performance Score: Not Calculated
Tire Sensor
Pressure: 25.37
Temperature: 4.87
Wear Level: 71%
Performance Score: Not Calculated
Tire Sensor
Pressure: 21.93
Temperature: 40.02
Wear Level: 66%
Performance Score: Not Calculated
Tire Sensor
Pressure: 24.67
Temperature: 15.10
Wear Level: 69%
Performance Score: Not Calculated
Tire Sensor
Pressure: 22.72
Temperature: 95.60
Wear Level: 64%
Performance Score: Not Calculated
Tire Sensor
Pressure: 24.37
Temperature: 1337.00
Wear Level: 28%
Performance Score: Not Calculated
Tire Sensor
Pressure: 22.57
Temperature: 20.21
Wear Level: 22%
Performance Score: Not Calculated
Tire Sensor
Pressure: 22.28
Temperature: 68.17
Wear Level: 7%
Performance Score: Not Calculated
Tire Sensor
Pressure: 23.10
Temperature: 10.13
Wear Level: 46%
Performance Score: Not Calculated
Tire Sensor
Pressure: 25.93
Temperature: 38.78
Wear Level: 41%
Performance Score: Not Calculated
Tire Sensor
Pressure: 19.65
Temperature: 41.45
Wear Level: 66%
Performance Score: Not Calculated
Tire Sensor
Pressure: 24.74
Temperature: 54.61
Wear Level: 27%
Performance Score: Not Calculated
Tire Sensor
Pressure: -1337.00
Temperature: 33.72
Wear Level: 63%
Performance Score: Not Calculated
Tire Sensor
Pressure: 21.86
Temperature: 83.77
Wear Level: 67%
Performance Score: Not Calculated
Tire Sensor
Pressure: 19.56
Temperature: 4.04
Wear Level: 31%
Performance Score: Not Calculated
Tire Sensor
Pressure: 19.90
Temperature: 100.86
Wear Level: 22%
Performance Score: Not Calculated
Tire Sensor
Pressure: 25.18
Temperature: 37.86
Wear Level: 90%
Performance Score: Not Calculated
Tire Sensor
Pressure: 25.46
Temperature: 59.71
Wear Level: 1337%
Performance Score: Not Calculated
Tire Sensor
Pressure: 21.19
Temperature: 41.19
Wear Level: 3%
Performance Score: Not Calculated
Tire Sensor
Pressure: 20.34
Temperature: 38.53
Wear Level: 71%
Performance Score: Not Calculated
Tire Sensor
Pressure: 25.65
Temperature: 1337.00
Wear Level: 24%
Performance Score: Not Calculated
Tire Sensor
Pressure: 19.00
Temperature: 37.04
Wear Level: 63%
Performance Score: Not Calculated
Tire Sensor
Pressure: -1337.00
Temperature: 62.14
Wear Level: 48%
Performance Score: Not Calculated
Tire Sensor
Pressure: 20.72
Temperature: 54.06
Wear Level: 28%
Performance Score: Not Calculated
Tire Sensor
Pressure: 25.62
Temperature: 29.10
Wear Level: 1337%
Performance Score: Not Calculated
Tire Sensor
Pressure: 23.31
Temperature: 1337.00
Wear Level: 50%
Performance Score: Not Calculated
Tire Sensor
Pressure: -1337.00
Temperature: 37.70
Wear Level: 76%
Performance Score: Not Calculated
Tire Sensor
Pressure: 19.05
Temperature: 34.87
Wear Level: 13%
Performance Score: Not Calculated
Tire Sensor
Pressure: 20.32
Temperature: 108.99
Wear Level: 70%
Performance Score: Not Calculated
Tire Sensor
Pressure: 21.98
Temperature: 35.04
Wear Level: 5%
Performance Score: Not Calculated
Tire Sensor
Pressure: 20.51
Temperature: 44.13
Wear Level: 3%
Performance Score: Not Calculated
Tire Sensor
Pressure: 24.50
Temperature: 13.89
Wear Level: 99%
Performance Score: Not Calculated
Tire Sensor
Pressure: 25.65
Temperature: 23.66
Wear Level: 69%
Performance Score: Not Calculated
Tire Sensor
Pressure: 23.21
Temperature: 1337.00
Wear Level: 55%
Performance Score: Not Calculated
Tire Sensor
Pressure: 25.48
Temperature: 61.00
Wear Level: 65%
Performance Score: Not Calculated
Tire Sensor
Pressure: 21.52
Temperature: 111.01
Wear Level: 83%
Performance Score: Not Calculated
Tire Sensor
Pressure: 21.68
Temperature: 78.73
Wear Level: 89%
Performance Score: Not Calculated
Tire Sensor
Pressure: 19.08
Temperature: 88.47
Wear Level: 23%
Performance Score: Not Calculated
Tire Sensor
Pressure: 22.42
Temperature: 20.75
Wear Level: 78%
Performance Score: Not Calculated
Tire Sensor
Pressure: 22.93
Temperature: 80.37
Wear Level: 0%
Performance Score: Not Calculated
Tire Sensor
Pressure: 22.78
Temperature: 96.79
Wear Level: 4%
Performance Score: Not Calculated
Tire Sensor
Pressure: 24.79
Temperature: 86.61
Wear Level: 2%
Performance Score: Not Calculated
Tire Sensor
Pressure: 22.39
Temperature: 13.21
Wear Level: 1337%
Performance Score: Not Calculated
Tire Sensor
Pressure: 24.72
Temperature: 51.18
Wear Level: 1%
Performance Score: Not Calculated
Tire Sensor
Pressure: 25.34
Temperature: 81.72
Wear Level: 26%
Performance Score: Not Calculated
Tire Sensor
Pressure: 23.15
Temperature: 34.76
Wear Level: 48%
Performance Score: Not Calculated
Tire Sensor
Pressure: -1337.00
Temperature: 78.88
Wear Level: 77%
Performance Score: Not Calculated
Tire Sensor
Pressure: 21.56
Temperature: 95.47
Wear Level: 93%
Performance Score: Not Calculated
Tire Sensor
Pressure: 23.50
Temperature: 97.26
Wear Level: 27%
Performance Score: Not Calculated
Tire Sensor
Pressure: 19.89
Temperature: 58.01
Wear Level: 16%
Performance Score: Not Calculated
Tire Sensor
Pressure: 22.95
Temperature: 94.33
Wear Level: 52%
Performance Score: Not Calculated
Tire Sensor
Pressure: 22.18
Temperature: 48.13
Wear Level: 90%
Performance Score: Not Calculated
Tire Sensor
Pressure: 22.24
Temperature: 49.38
Wear Level: 67%
Performance Score: Not Calculated
Tire Sensor
Pressure: -1337.00
Temperature: 61.64
Wear Level: 48%
Performance Score: Not Calculated
Tire Sensor
Pressure: -1337.00
Temperature: 61.18
Wear Level: 60%
Performance Score: Not Calculated
Tire Sensor
Pressure: 21.78
Temperature: 101.12
Wear Level: 1337%
Performance Score: Not Calculated
Tire Sensor
Pressure: 24.97
Temperature: 79.13
Wear Level: 43%
Performance Score: Not Calculated
Tire Sensor
Pressure: 22.22
Temperature: 38.90
Wear Level: 76%
Performance Score: Not Calculated
Tire Sensor
Pressure: 23.39
Temperature: 48.64
Wear Level: 1337%
Performance Score: Not Calculated
Tire Sensor
Pressure: 25.82
Temperature: 43.55
Wear Level: 86%
Performance Score: Not Calculated
Tire Sensor
Pressure: 21.50
Temperature: 17.72
Wear Level: 71%
Performance Score: Not Calculated
Tire Sensor
Pressure: 22.61
Temperature: 72.18
Wear Level: 60%
Performance Score: Not Calculated
Tire Sensor
Pressure: 20.85
Temperature: 100.10
Wear Level: 100%
Performance Score: Not Calculated
Power Management Unit
Voltage: 12.52
Current: 48.45
Power Consumption: 236.28
Energy Regen: 47%
Energy Storage: 91%
Power Management Unit
Voltage: 15.33
Current: 58.32
Power Consumption: 170.61
Energy Regen: 88%
Energy Storage: 15%
Power Management Unit
Voltage: 17.92
Current: 26.34
Power Consumption: 606.38
Energy Regen: 22%
Energy Storage: 12%
Power Management Unit
Voltage: 19.70
Current: -78.55
Power Consumption: 746.01
Energy Regen: 59%
Energy Storage: 38%
Power Management Unit
Voltage: 18.78
Current: 6.04
Power Consumption: 970.98
Energy Regen: 82%
Energy Storage: 17%
Power Management Unit
Voltage: 18.43
Current: 60.37
Power Consumption: 726.50
Energy Regen: 69%
Energy Storage: 56%
Power Management Unit
Voltage: 19.12
Current: -99.63
Power Consumption: 20.56
Energy Regen: 9%
Energy Storage: 26%
Power Management Unit
Voltage: 15.34
Current: -22.89
Power Consumption: 676.46
Energy Regen: 27%
Energy Storage: 50%
Power Management Unit
Voltage: 11.51
Current: -7.86
Power Consumption: 557.42
Energy Regen: 52%
Energy Storage: 42%
Power Management Unit
Voltage: 17.28
Current: 92.96
Power Consumption: 934.71
Energy Regen: 5%
Energy Storage: 89%
Power Management Unit
Voltage: 15.42
Current: 9.52
Power Consumption: 330.11
Energy Regen: 88%
Energy Storage: 49%
Power Management Unit
Voltage: 11.18
Current: -86.82
Power Consumption: 559.93
Energy Regen: 63%
Energy Storage: 39%
Power Management Unit
Voltage: 13.64
Current: 34.86
Power Consumption: 540.14
Energy Regen: 36%
Energy Storage: 85%
Power Management Unit
Voltage: 13.91
Current: 23.58
Power Consumption: 294.29
Energy Regen: 55%
Energy Storage: 91%
Power Management Unit
Voltage: 16.24
Current: -64.41
Power Consumption: 378.48
Energy Regen: 80%
Energy Storage: 87%
Power Management Unit
Voltage: 17.76
Current: -59.03
Power Consumption: 251.26
Energy Regen: 40%
Energy Storage: 67%
Power Management Unit
Voltage: 16.11
Current: 54.78
Power Consumption: 841.80
Energy Regen: 56%
Energy Storage: 26%
Power Management Unit
Voltage: 19.10
Current: 67.31
Power Consumption: 248.43
Energy Regen: 6%
Energy Storage: 61%
Power Management Unit
Voltage: 17.24
Current: -5.92
Power Consumption: 936.12
Energy Regen: 87%
Energy Storage: 85%
Power Management Unit
Voltage: 13.22
Current: -47.22
Power Consumption: 681.90
Energy Regen: 95%
Energy Storage: 59%
Power Management Unit
Voltage: 15.12
Current: 19.31
Power Consumption: 999.35
Energy Regen: 63%
Energy Storage: 9%
Power Management Unit
Voltage: 18.50
Current: 74.71
Power Consumption: 751.39
Energy Regen: 54%
Energy Storage: 94%
Power Management Unit
Voltage: 15.50
Current: -9.86
Power Consumption: 946.15
Energy Regen: 81%
Energy Storage: 69%
Power Management Unit
Voltage: 11.68
Current: -5.24
Power Consumption: 53.33
Energy Regen: 79%
Energy Storage: 48%
Power Management Unit
Voltage: 19.18
Current: -74.18
Power Consumption: 932.97
Energy Regen: 84%
Energy Storage: 58%
Power Management Unit
Voltage: 16.27
Current: -9.53
Power Consumption: 696.06
Energy Regen: 95%
Energy Storage: 53%
Power Management Unit
Voltage: 17.23
Current: -93.26
Power Consumption: 157.35
Energy Regen: 78%
Energy Storage: 60%
Power Management Unit
Voltage: 17.33
Current: -62.51
Power Consumption: 469.51
Energy Regen: 78%
Energy Storage: 9%
Power Management Unit
Voltage: 18.35
Current: 16.82
Power Consumption: 352.32
Energy Regen: 99%
Energy Storage: 13%
Power Management Unit
Voltage: 15.16
Current: 5.30
Power Consumption: 713.59
Energy Regen: 31%
Energy Storage: 38%
Power Management Unit
Voltage: 16.04
Current: -29.83
Power Consumption: 631.80
Energy Regen: 90%
Energy Storage: 63%
Power Management Unit
Voltage: 17.30
Current: 76.90
Power Consumption: 321.57
Energy Regen: 4%
Energy Storage: 89%
Power Management Unit
Voltage: 12.38
Current: -68.48
Power Consumption: 428.00
Energy Regen: 65%
Energy Storage: 35%
Power Management Unit
Voltage: 17.40
Current: -37.15
Power Consumption: 436.74
Energy Regen: 40%
Energy Storage: 82%
Power Management Unit
Voltage: 16.31
Current: -88.31
Power Consumption: 224.80
Energy Regen: 49%
Energy Storage: 27%
Power Management Unit
Voltage: 10.62
Current: -48.09
Power Consumption: 252.42
Energy Regen: 80%
Energy Storage: 1%
Power Management Unit
Voltage: 13.41
Current: 10.67
Power Consumption: 503.24
Energy Regen: 44%
Energy Storage: 71%
Power Management Unit
Voltage: 14.02
Current: -19.12
Power Consumption: 938.93
Energy Regen: 20%
Energy Storage: 63%
Power Management Unit
Voltage: 19.00
Current: 6.56
Power Consumption: 365.21
Energy Regen: 40%
Energy Storage: 86%
Power Management Unit
Voltage: 10.85
Current: -72.94
Power Consumption: 57.27
Energy Regen: 1%
Energy Storage: 54%
Power Management Unit
Voltage: 13.74
Current: 90.30
Power Consumption: 697.67
Energy Regen: 25%
Energy Storage: 85%
Power Management Unit
Voltage: 15.34
Current: -57.66
Power Consumption: 377.61
Energy Regen: 1%
Energy Storage: 34%
Power Management Unit
Voltage: 19.76
Current: 19.45
Power Consumption: 381.27
Energy Regen: 35%
Energy Storage: 77%
Power Management Unit
Voltage: 16.33
Current: 67.56
Power Consumption: 615.33
Energy Regen: 5%
Energy Storage: 20%
Power Management Unit
Voltage: 18.60
Current: -70.28
Power Consumption: 603.93
Energy Regen: 64%
Energy Storage: 75%
Power Management Unit
Voltage: 17.96
Current: -14.56
Power Consumption: 396.67
Energy Regen: 13%
Energy Storage: 22%
Power Management Unit
Voltage: 11.38
Current: -92.02
Power Consumption: 738.57
Energy Regen: 34%
Energy Storage: 22%
Power Management Unit
Voltage: 11.94
Current: 36.28
Power Consumption: 218.69
Energy Regen: 41%
Energy Storage: 59%
Power Management Unit
Voltage: 18.97
Current: -14.68
Power Consumption: 906.87
Energy Regen: 8%
Energy Storage: 75%
Power Management Unit
Voltage: 19.92
Current: -62.56
Power Consumption: 239.41
Energy Regen: 30%
Energy Storage: 25%
Power Management Unit
Voltage: 11.21
Current: 83.70
Power Consumption: 993.16
Energy Regen: 52%
Energy Storage: 83%
Power Management Unit
Voltage: 18.01
Current: -55.94
Power Consumption: 128.76
Energy Regen: 93%
Energy Storage: 13%
Power Management Unit
Voltage: 13.87
Current: 26.05
Power Consumption: 928.87
Energy Regen: 90%
Energy Storage: 2%
Power Management Unit
Voltage: 19.16
Current: -88.01
Power Consumption: 248.87
Energy Regen: 27%
Energy Storage: 93%
Power Management Unit
Voltage: 19.42
Current: 95.71
Power Consumption: 329.92
Energy Regen: 83%
Energy Storage: 54%
Power Management Unit
Voltage: 17.76
Current: -77.00
Power Consumption: 824.70
Energy Regen: 61%
Energy Storage: 42%
Power Management Unit
Voltage: 10.70
Current: -4.14
Power Consumption: 439.58
Energy Regen: 68%
Energy Storage: 57%
Power Management Unit
Voltage: 16.64
Current: 85.49
Power Consumption: 773.84
Energy Regen: 68%
Energy Storage: 48%
Power Management Unit
Voltage: 16.70
Current: 85.96
Power Consumption: 102.07
Energy Regen: 85%
Energy Storage: 5%
Power Management Unit
Voltage: 19.39
Current: 42.95
Power Consumption: 437.98
Energy Regen: 74%
Energy Storage: 13%
Power Management Unit
Voltage: 10.55
Current: 99.36
Power Consumption: 21.08
Energy Regen: 78%
Energy Storage: 35%
Power Management Unit
Voltage: 11.25
Current: -87.56
Power Consumption: 448.85
Energy Regen: 81%
Energy Storage: 84%
Power Management Unit
Voltage: 18.48
Current: 71.06
Power Consumption: 979.47
Energy Regen: 50%
Energy Storage: 38%
Power Management Unit
Voltage: 16.67
Current: 45.39
Power Consumption: 108.65
Energy Regen: 51%
Energy Storage: 14%
Power Management Unit
Voltage: 11.42
Current: 90.33
Power Consumption: 643.84
Energy Regen: 96%
Energy Storage: 43%
Power Management Unit
Voltage: 19.45
Current: -62.44
Power Consumption: 291.10
Energy Regen: 94%
Energy Storage: 88%
Power Management Unit
Voltage: 15.84
Current: -39.52
Power Consumption: 752.21
Energy Regen: 19%
Energy Storage: 62%
Power Management Unit
Voltage: 14.22
Current: 74.49
Power Consumption: 879.63
Energy Regen: 87%
Energy Storage: 14%
Power Management Unit
Voltage: 19.36
Current: -42.61
Power Consumption: 217.57
Energy Regen: 7%
Energy Storage: 44%
Power Management Unit
Voltage: 12.31
Current: 47.58
Power Consumption: 799.41
Energy Regen: 51%
Energy Storage: 79%
Power Management Unit
Voltage: 11.30
Current: -14.19
Power Consumption: 135.25
Energy Regen: 49%
Energy Storage: 71%
Power Management Unit
Voltage: 19.52
Current: -71.34
Power Consumption: 342.76
Energy Regen: 19%
Energy Storage: 95%
Power Management Unit
Voltage: 18.88
Current: 56.75
Power Consumption: 810.19
Energy Regen: 42%
Energy Storage: 88%
Power Management Unit
Voltage: 12.76
Current: 80.33
Power Consumption: 843.42
Energy Regen: 81%
Energy Storage: 11%
Power Management Unit
Voltage: 17.72
Current: -18.88
Power Consumption: 1.24
Energy Regen: 45%
Energy Storage: 34%
Power Management Unit
Voltage: 16.50
Current: 67.59
Power Consumption: 583.02
Energy Regen: 90%
Energy Storage: 62%
Power Management Unit
Voltage: 11.80
Current: -88.97
Power Consumption: 560.34
Energy Regen: 77%
Energy Storage: 89%
Power Management Unit
Voltage: 10.72
Current: -31.84
Power Consumption: 385.62
Energy Regen: 27%
Energy Storage: 20%
Power Management Unit
Voltage: 16.99
Current: -81.78
Power Consumption: 404.04
Energy Regen: 40%
Energy Storage: 10%
Power Management Unit
Voltage: 19.85
Current: 57.64
Power Consumption: 164.81
Energy Regen: 31%
Energy Storage: 42%
Power Management Unit
Voltage: 14.29
Current: -59.92
Power Consumption: 219.49
Energy Regen: 84%
Energy Storage: 25%
Power Management Unit
Voltage: 12.31
Current: -58.85
Power Consumption: 881.37
Energy Regen: 65%
Energy Storage: 54%
Power Management Unit
Voltage: 12.90
Current: -88.96
Power Consumption: 76.33
Energy Regen: 69%
Energy Storage: 40%
Power Management Unit
Voltage: 19.81
Current: 9.51
Power Consumption: 21.71
Energy Regen: 89%
Energy Storage: 20%
Power Management Unit
Voltage: 19.59
Current: -16.31
Power Consumption: 806.15
Energy Regen: 1%
Energy Storage: 91%
Power Management Unit
Voltage: 18.77
Current: 45.90
Power Consumption: 379.65
Energy Regen: 13%
Energy Storage: 79%
Power Management Unit
Voltage: 15.36
Current: 44.75
Power Consumption: 609.47
Energy Regen: 46%
Energy Storage: 66%
Power Management Unit
Voltage: 15.69
Current: -56.49
Power Consumption: 539.70
Energy Regen: 65%
Energy Storage: 96%
Power Management Unit
Voltage: 19.20
Current: -37.86
Power Consumption: 179.95
Energy Regen: 45%
Energy Storage: 17%
Power Management Unit
Voltage: 14.91
Current: -64.45
Power Consumption: 840.53
Energy Regen: 3%
Energy Storage: 58%
Power Management Unit
Voltage: 12.18
Current: -37.08
Power Consumption: 575.30
Energy Regen: 82%
Energy Storage: 46%
Power Management Unit
Voltage: 10.93
Current: -58.80
Power Consumption: 823.27
Energy Regen: 68%
Energy Storage: 5%
Power Management Unit
Voltage: 18.83
Current: -6.76
Power Consumption: 95.69
Energy Regen: 29%
Energy Storage: 50%
Power Management Unit
Voltage: 16.49
Current: -4.46
Power Consumption: 934.18
Energy Regen: 53%
Energy Storage: 50%
Power Management Unit
Voltage: 13.07
Current: -16.17
Power Consumption: 682.93
Energy Regen: 21%
Energy Storage: 48%
Power Management Unit
Voltage: 19.18
Current: 67.02
Power Consumption: 816.12
Energy Regen: 31%
Energy Storage: 8%
Power Management Unit
Voltage: 14.48
Current: 29.63
Power Consumption: 928.95
Energy Regen: 58%
Energy Storage: 19%
Power Management Unit
Voltage: 13.91
Current: 89.27
Power Consumption: 1.72
Energy Regen: 32%
Energy Storage: 26%
Power Management Unit
Voltage: 14.20
Current: -41.99
Power Consumption: 147.91
Energy Regen: 9%
Energy Storage: 1%
Power Management Unit
Voltage: 16.70
Current: 24.61
Power Consumption: 891.34
Energy Regen: 41%
Energy Storage: 57%
Power Management Unit
Voltage: 16.41
Current: 91.76
Power Consumption: 909.28
Energy Regen: 26%
Energy Storage: 67%
Power Management Unit
Voltage: 14.26
Current: -58.68
Power Consumption: 420.32
Energy Regen: 1%
Energy Storage: 10%
Power Management Unit
Voltage: 12.36
Current: -28.81
Power Consumption: 53.42
Energy Regen: 19%
Energy Storage: 9%
Power Management Unit
Voltage: 19.31
Current: 22.25
Power Consumption: 79.89
Energy Regen: 1%
Energy Storage: 63%
Power Management Unit
Voltage: 12.40
Current: 91.82
Power Consumption: 916.60
Energy Regen: 16%
Energy Storage: 73%
Power Management Unit
Voltage: 12.64
Current: -26.71
Power Consumption: 660.57
Energy Regen: 2%
Energy Storage: 37%
Power Management Unit
Voltage: 14.38
Current: 53.60
Power Consumption: 666.94
Energy Regen: 42%
Energy Storage: 86%
Power Management Unit
Voltage: 12.45
Current: -99.41
Power Consumption: 205.72
Energy Regen: 84%
Energy Storage: 50%
Power Management Unit
Voltage: 15.41
Current: 23.20
Power Consumption: 565.20
Energy Regen: 45%
Energy Storage: 34%
Power Management Unit
Voltage: 18.48
Current: 27.80
Power Consumption: 781.53
Energy Regen: 7%
Energy Storage: 47%
Power Management Unit
Voltage: 12.71
Current: 31.20
Power Consumption: 209.40
Energy Regen: 0%
Energy Storage: 57%
Power Management Unit
Voltage: 15.30
Current: -85.29
Power Consumption: 819.48
Energy Regen: 45%
Energy Storage: 82%
Power Management Unit
Voltage: 10.55
Current: 85.27
Power Consumption: 649.02
Energy Regen: 93%
Energy Storage: 29%
Power Management Unit
Voltage: 12.08
Current: -34.26
Power Consumption: 643.63
Energy Regen: 25%
Energy Storage: 22%
Power Management Unit
Voltage: 10.03
Current: -35.25
Power Consumption: 852.75
Energy Regen: 91%
Energy Storage: 27%
Power Management Unit
Voltage: 13.58
Current: -43.05
Power Consumption: 487.76
Energy Regen: 55%
Energy Storage: 25%
Power Management Unit
Voltage: 14.58
Current: -57.74
Power Consumption: 673.42
Energy Regen: 54%
Energy Storage: 78%
Power Management Unit
Voltage: 14.97
Current: -47.93
Power Consumption: 424.91
Energy Regen: 44%
Energy Storage: 53%
Power Management Unit
Voltage: 10.96
Current: -17.17
Power Consumption: 816.10
Energy Regen: 75%
Energy Storage: 42%
Power Management Unit
Voltage: 14.89
Current: 41.53
Power Consumption: 635.17
Energy Regen: 73%
Energy Storage: 70%
Power Management Unit
Voltage: 14.19
Current: -14.27
Power Consumption: 761.50
Energy Regen: 13%
Energy Storage: 12%
Power Management Unit
Voltage: 16.38
Current: -90.61
Power Consumption: 973.68
Energy Regen: 60%
Energy Storage: 77%
Power Management Unit
Voltage: 12.87
Current: -32.79
Power Consumption: 25.97
Energy Regen: 51%
Energy Storage: 60%
Power Management Unit
Voltage: 19.22
Current: -80.49
Power Consumption: 161.03
Energy Regen: 11%
Energy Storage: 83%
Power Management Unit
Voltage: 13.51
Current: 52.34
Power Consumption: 881.71
Energy Regen: 12%
Energy Storage: 46%
Power Management Unit
Voltage: 10.38
Current: -66.36
Power Consumption: 354.11
Energy Regen: 82%
Energy Storage: 34%
Power Management Unit
Voltage: 15.96
Current: -73.64
Power Consumption: 295.53
Energy Regen: 22%
Energy Storage: 80%
Power Management Unit
Voltage: 12.51
Current: 87.55
Power Consumption: 16.13
Energy Regen: 3%
Energy Storage: 90%
Power Management Unit
Voltage: 19.49
Current: 12.33
Power Consumption: 816.36
Energy Regen: 45%
Energy Storage: 83%
Power Management Unit
Voltage: 14.91
Current: -68.95
Power Consumption: 723.40
Energy Regen: 1%
Energy Storage: 37%
Power Management Unit
Voltage: 16.55
Current: 46.47
Power Consumption: 115.77
Energy Regen: 64%
Energy Storage: 68%
Power Management Unit
Voltage: 18.01
Current: 94.64
Power Consumption: 482.78
Energy Regen: 84%
Energy Storage: 47%
Power Management Unit
Voltage: 19.68
Current: -28.20
Power Consumption: 955.11
Energy Regen: 98%
Energy Storage: 80%
Power Management Unit
Voltage: 18.45
Current: 9.71
Power Consumption: 295.57
Energy Regen: 20%
Energy Storage: 91%
Power Management Unit
Voltage: 15.01
Current: 30.17
Power Consumption: 591.73
Energy Regen: 58%
Energy Storage: 81%
Power Management Unit
Voltage: 11.58
Current: -11.92
Power Consumption: 221.94
Energy Regen: 29%
Energy Storage: 57%
Power Management Unit
Voltage: 10.64
Current: -44.35
Power Consumption: 480.80
Energy Regen: 16%
Energy Storage: 99%
Power Management Unit
Voltage: 13.50
Current: 50.74
Power Consumption: 991.50
Energy Regen: 89%
Energy Storage: 76%
Power Management Unit
Voltage: 18.83
Current: 29.00
Power Consumption: 250.05
Energy Regen: 39%
Energy Storage: 49%
Power Management Unit
Voltage: 14.07
Current: -95.46
Power Consumption: 168.16
Energy Regen: 3%
Energy Storage: 11%
Power Management Unit
Voltage: 12.22
Current: 32.53
Power Consumption: 808.79
Energy Regen: 2%
Energy Storage: 59%
Power Management Unit
Voltage: 16.37
Current: 72.77
Power Consumption: 42.06
Energy Regen: 66%
Energy Storage: 62%
Power Management Unit
Voltage: 14.82
Current: 40.71
Power Consumption: 644.31
Energy Regen: 94%
Energy Storage: 36%
Power Management Unit
Voltage: 14.48
Current: 41.83
Power Consumption: 507.50
Energy Regen: 11%
Energy Storage: 93%
Power Management Unit
Voltage: 14.94
Current: 61.57
Power Consumption: 929.67
Energy Regen: 95%
Energy Storage: 78%
Power Management Unit
Voltage: 15.51
Current: -48.39
Power Consumption: 435.21
Energy Regen: 84%
Energy Storage: 71%
Power Management Unit
Voltage: 17.54
Current: 80.01
Power Consumption: 22.11
Energy Regen: 40%
Energy Storage: 11%
Power Management Unit
Voltage: 11.39
Current: -98.60
Power Consumption: 451.52
Energy Regen: 52%
Energy Storage: 97%
Power Management Unit
Voltage: 15.66
Current: -4.91
Power Consumption: 186.58
Energy Regen: 95%
Energy Storage: 0%
Power Management Unit
Voltage: 16.87
Current: 14.49
Power Consumption: 915.40
Energy Regen: 62%
Energy Storage: 81%
Power Management Unit
Voltage: 11.93
Current: 8.27
Power Consumption: 293.84
Energy Regen: 99%
Energy Storage: 68%
Power Management Unit
Voltage: 16.31
Current: -7.58
Power Consumption: 289.67
Energy Regen: 21%
Energy Storage: 85%
Power Management Unit
Voltage: 14.45
Current: -35.20
Power Consumption: 122.44
Energy Regen: 35%
Energy Storage: 89%
Power Management Unit
Voltage: 13.73
Current: 54.61
Power Consumption: 329.93
Energy Regen: 21%
Energy Storage: 59%
Power Management Unit
Voltage: 14.80
Current: 88.61
Power Consumption: 260.63
Energy Regen: 80%
Energy Storage: 2%
Power Management Unit
Voltage: 17.36
Current: -84.87
Power Consumption: 440.88
Energy Regen: 66%
Energy Storage: 91%
Power Management Unit
Voltage: 14.47
Current: -78.43
Power Consumption: 814.41
Energy Regen: 72%
Energy Storage: 70%
Power Management Unit
Voltage: 19.71
Current: 73.32
Power Consumption: 462.60
Energy Regen: 64%
Energy Storage: 18%
Power Management Unit
Voltage: 11.43
Current: -79.27
Power Consumption: 536.67
Energy Regen: 8%
Energy Storage: 95%
Power Management Unit
Voltage: 12.62
Current: -63.80
Power Consumption: 976.33
Energy Regen: 34%
Energy Storage: 3%
Power Management Unit
Voltage: 14.78
Current: -55.38
Power Consumption: 790.07
Energy Regen: 29%
Energy Storage: 40%
Power Management Unit
Voltage: 15.95
Current: 50.85
Power Consumption: 685.12
Energy Regen: 9%
Energy Storage: 58%
Power Management Unit
Voltage: 18.00
Current: -3.63
Power Consumption: 758.06
Energy Regen: 9%
Energy Storage: 93%
Power Management Unit
Voltage: 11.70
Current: -36.08
Power Consumption: 159.45
Energy Regen: 69%
Energy Storage: 5%
Power Management Unit
Voltage: 19.52
Current: 24.80
Power Consumption: 35.35
Energy Regen: 66%
Energy Storage: 40%
Power Management Unit
Voltage: 17.86
Current: -67.13
Power Consumption: 489.37
Energy Regen: 83%
Energy Storage: 49%
Power Management Unit
Voltage: 14.84
Current: 2.91
Power Consumption: 342.65
Energy Regen: 22%
Energy Storage: 54%
Power Management Unit
Voltage: 17.41
Current: -56.96
Power Consumption: 758.50
Energy Regen: 41%
Energy Storage: 3%
Power Management Unit
Voltage: 14.01
Current: -26.36
Power Consumption: 631.01
Energy Regen: 77%
Energy Storage: 77%
Power Management Unit
Voltage: 16.43
Current: -82.96
Power Consumption: 976.06
Energy Regen: 20%
Energy Storage: 43%
Power Management Unit
Voltage: 13.54
Current: -65.99
Power Consumption: 472.50
Energy Regen: 69%
Energy Storage: 37%
Power Management Unit
Voltage: 16.02
Current: 51.86
Power Consumption: 492.42
Energy Regen: 29%
Energy Storage: 95%
Power Management Unit
Voltage: 11.26
Current: -35.11
Power Consumption: 499.43
Energy Regen: 42%
Energy Storage: 38%
Power Management Unit
Voltage: 14.85
Current: -63.81
Power Consumption: 24.16
Energy Regen: 9%
Energy Storage: 73%
Power Management Unit
Voltage: 12.86
Current: 58.22
Power Consumption: 860.16
Energy Regen: 39%
Energy Storage: 80%
Power Management Unit
Voltage: 15.67
Current: -27.26
Power Consumption: 344.01
Energy Regen: 42%
Energy Storage: 42%
Power Management Unit
Voltage: 17.86
Current: -30.88
Power Consumption: 229.93
Energy Regen: 94%
Energy Storage: 65%
Power Management Unit
Voltage: 13.06
Current: 25.32
Power Consumption: 863.01
Energy Regen: 7%
Energy Storage: 87%
Power Management Unit
Voltage: 14.87
Current: 11.85
Power Consumption: 181.47
Energy Regen: 13%
Energy Storage: 1%
Power Management Unit
Voltage: 15.03
Current: 62.51
Power Consumption: 644.65
Energy Regen: 90%
Energy Storage: 21%
Power Management Unit
Voltage: 17.58
Current: -58.85
Power Consumption: 737.79
Energy Regen: 69%
Energy Storage: 98%
Power Management Unit
Voltage: 15.54
Current: -98.08
Power Consumption: 798.67
Energy Regen: 14%
Energy Storage: 92%
Power Management Unit
Voltage: 19.81
Current: -45.68
Power Consumption: 203.17
Energy Regen: 95%
Energy Storage: 98%
Power Management Unit
Voltage: 11.97
Current: -17.50
Power Consumption: 995.61
Energy Regen: 85%
Energy Storage: 3%
Power Management Unit
Voltage: 19.19
Current: -91.68
Power Consumption: 727.08
Energy Regen: 63%
Energy Storage: 39%
Power Management Unit
Voltage: 12.76
Current: 86.56
Power Consumption: 115.18
Energy Regen: 31%
Energy Storage: 18%
Power Management Unit
Voltage: 12.66
Current: 31.15
Power Consumption: 242.90
Energy Regen: 47%
Energy Storage: 27%
Power Management Unit
Voltage: 14.21
Current: 72.24
Power Consumption: 909.42
Energy Regen: 14%
Energy Storage: 15%
Power Management Unit
Voltage: 10.51
Current: 10.51
Power Consumption: 342.16
Energy Regen: 66%
Energy Storage: 15%
Power Management Unit
Voltage: 18.34
Current: 9.96
Power Consumption: 644.80
Energy Regen: 57%
Energy Storage: 36%
Power Management Unit
Voltage: 12.13
Current: 69.04
Power Consumption: 703.09
Energy Regen: 8%
Energy Storage: 44%
Power Management Unit
Voltage: 14.77
Current: -46.00
Power Consumption: 3.08
Energy Regen: 97%
Energy Storage: 5%
Power Management Unit
Voltage: 15.83
Current: -23.57
Power Consumption: 9.22
Energy Regen: 99%
Energy Storage: 50%
Power Management Unit
Voltage: 13.23
Current: 39.60
Power Consumption: 776.72
Energy Regen: 72%
Energy Storage: 82%
Tire Sensor
Pressure: 23.00
Temperature: 31.14
Wear Level: 42%
Performance Score: Not Calculated
Tire Sensor
Pressure: 22.54
Temperature: 79.78
Wear Level: 92%
Performance Score: Not Calculated
Tire Sensor
Pressure: 21.87
Temperature: 18.04
Wear Level: 58%
Performance Score: Not Calculated
Tire Sensor
Pressure: 20.37
Temperature: 96.76
Wear Level: 22%
Performance Score: Not Calculated
Tire Sensor
Pressure: 21.00
Temperature: 22.64
Wear Level: 7%
Performance Score: Not Calculated
Tire Sensor
Pressure: 19.51
Temperature: 41.71
Wear Level: 83%
Performance Score: Not Calculated
Tire Sensor
Pressure: 21.96
Temperature: 15.00
Wear Level: 27%
Performance Score: Not Calculated
Tire Sensor
Pressure: 21.27
Temperature: 59.08
Wear Level: 10%
Performance Score: Not Calculated
Tire Sensor
Pressure: 22.45
Temperature: 59.76
Wear Level: 47%
Performance Score: Not Calculated
Tire Sensor
Pressure: 25.40
Temperature: 2.29
Wear Level: 81%
Performance Score: Not Calculated
Tire Sensor
Pressure: 20.03
Temperature: 113.85
Wear Level: 2%
Performance Score: Not Calculated
Tire Sensor
Pressure: 19.48
Temperature: 30.96
Wear Level: 32%
Performance Score: Not Calculated
Tire Sensor
Pressure: 24.75
Temperature: 58.48
Wear Level: 31%
Performance Score: Not Calculated
Tire Sensor
Pressure: 25.46
Temperature: 113.58
Wear Level: 91%
Performance Score: Not Calculated
Tire Sensor
Pressure: 22.88
Temperature: 73.49
Wear Level: 80%
Performance Score: Not Calculated
Tire Sensor
Pressure: 25.90
Temperature: 104.08
Wear Level: 16%
Performance Score: Not Calculated
Tire Sensor
Pressure: 19.20
Temperature: 114.05
Wear Level: 33%
Performance Score: Not Calculated
Tire Sensor
Pressure: 20.92
Temperature: 20.74
Wear Level: 74%
Performance Score: Not Calculated
Tire Sensor
Pressure: 21.73
Temperature: 97.04
Wear Level: 45%
Performance Score: Not Calculated
Tire Sensor
Pressure: 25.36
Temperature: 11.04
Wear Level: 13%
Performance Score: Not Calculated
Tire Sensor
Pressure: 24.96
Temperature: 50.17
Wear Level: 88%
Performance Score: Not Calculated
Tire Sensor
Pressure: 25.53
Temperature: 26.17
Wear Level: 57%
Performance Score: Not Calculated
Tire Sensor
Pressure: 19.00
Temperature: 88.97
Wear Level: 33%
Performance Score: Not Calculated
Tire Sensor
Pressure: 21.04
Temperature: 77.14
Wear Level: 44%
Performance Score: Not Calculated
Tire Sensor
Pressure: 19.84
Temperature: 63.16
Wear Level: 27%
Performance Score: Not Calculated
Tire Sensor
Pressure: 24.32
Temperature: 65.29
Wear Level: 79%
Performance Score: Not Calculated
Tire Sensor
Pressure: 20.17
Temperature: 40.28
Wear Level: 79%
Performance Score: Not Calculated
Tire Sensor
Pressure: 24.04
Temperature: 94.66
Wear Level: 87%
Performance Score: Not Calculated
Tire Sensor
Pressure: 20.03
Temperature: 103.01
Wear Level: 82%
Performance Score: Not Calculated
Tire Sensor
Pressure: 19.20
Temperature: 93.45
Wear Level: 81%
Performance Score: Not Calculated
Tire Sensor
Pressure: 25.03
Temperature: 32.78
Wear Level: 38%
Performance Score: Not Calculated
Tire Sensor
Pressure: 21.39
Temperature: 47.92
Wear Level: 25%
Performance Score: Not Calculated
Tire Sensor
Pressure: 19.71
Temperature: 109.16
Wear Level: 71%
Performance Score: Not Calculated
Tire Sensor
Pressure: 19.45
Temperature: 103.36
Wear Level: 31%
Performance Score: Not Calculated
Tire Sensor
Pressure: 20.95
Temperature: 77.86
Wear Level: 42%
Performance Score: Not Calculated
Tire Sensor
Pressure: 20.11
Temperature: 22.37
Wear Level: 46%
Performance Score: Not Calculated
Tire Sensor
Pressure: 25.17
Temperature: 6.45
Wear Level: 42%
Performance Score: Not Calculated
Tire Sensor
Pressure: 22.42
Temperature: 81.40
Wear Level: 57%
Performance Score: Not Calculated
Tire Sensor
Pressure: 20.53
Temperature: 66.10
Wear Level: 66%
Performance Score: Not Calculated
Tire Sensor
Pressure: 21.88
Temperature: 28.93
Wear Level: 33%
Performance Score: Not Calculated
Tire Sensor
Pressure: 22.86
Temperature: 25.83
Wear Level: 26%
Performance Score: Not Calculated
Tire Sensor
Pressure: 25.44
Temperature: 119.10
Wear Level: 0%
Performance Score: Not Calculated
Tire Sensor
Pressure: 23.32
Temperature: 89.21
Wear Level: 0%
Performance Score: Not Calculated
Tire Sensor
Pressure: 21.36
Temperature: 80.86
Wear Level: 48%
Performance Score: Not Calculated
Tire Sensor
Pressure: 23.48
Temperature: 89.49
Wear Level: 71%
Performance Score: Not Calculated
Tire Sensor
Pressure: 20.72
Temperature: 14.33
Wear Level: 18%
Performance Score: Not Calculated
Tire Sensor
Pressure: 23.50
Temperature: 88.14
Wear Level: 37%
Performance Score: Not Calculated
Tire Sensor
Pressure: 23.38
Temperature: 28.44
Wear Level: 76%
Performance Score: Not Calculated
Tire Sensor
Pressure: 24.25
Temperature: 20.85
Wear Level: 96%
Performance Score: Not Calculated
Tire Sensor
Pressure: 21.40
Temperature: 112.35
Wear Level: 27%
Performance Score: Not Calculated
Tire Sensor
Pressure: 19.53
Temperature: 2.40
Wear Level: 84%
Performance Score: Not Calculated
Tire Sensor
Pressure: 25.97
Temperature: 57.13
Wear Level: 48%
Performance Score: Not Calculated
Tire Sensor
Pressure: 25.44
Temperature: 29.39
Wear Level: 62%
Performance Score: Not Calculated
Tire Sensor
Pressure: 25.57
Temperature: 39.29
Wear Level: 67%
Performance Score: Not Calculated
Tire Sensor
Pressure: 19.70
Temperature: 79.55
Wear Level: 72%
Performance Score: Not Calculated
Tire Sensor
Pressure: 20.65
Temperature: 33.64
Wear Level: 11%
Performance Score: Not Calculated
Tire Sensor
Pressure: 22.48
Temperature: 56.84
Wear Level: 34%
Performance Score: Not Calculated
Tire Sensor
Pressure: 23.87
Temperature: 48.84
Wear Level: 93%
Performance Score: Not Calculated
Tire Sensor
Pressure: 20.63
Temperature: 106.77
Wear Level: 63%
Performance Score: Not Calculated
Tire Sensor
Pressure: 19.53
Temperature: 41.91
Wear Level: 85%
Performance Score: Not Calculated
Tire Sensor
Pressure: 25.12
Temperature: 13.26
Wear Level: 61%
Performance Score: Not Calculated
Tire Sensor
Pressure: 22.71
Temperature: 83.21
Wear Level: 23%
Performance Score: Not Calculated
Tire Sensor
Pressure: 22.88
Temperature: 61.63
Wear Level: 57%
Performance Score: Not Calculated
Tire Sensor
Pressure: 22.95
Temperature: 105.26
Wear Level: 89%
Performance Score: Not Calculated
Tire Sensor
Pressure: 23.96
Temperature: 57.58
Wear Level: 43%
Performance Score: Not Calculated
Tire Sensor
Pressure: 23.23
Temperature: 64.89
Wear Level: 23%
Performance Score: Not Calculated
Tire Sensor
Pressure: 20.02
Temperature: 28.96
Wear Level: 32%
Performance Score: Not Calculated
Tire Sensor
Pressure: 23.11
Temperature: 23.80
Wear Level: 99%
Performance Score: Not Calculated
Tire Sensor
Pressure: 23.32
Temperature: 17.66
Wear Level: 38%
Performance Score: Not Calculated
Tire Sensor
Pressure: 19.10
Temperature: 97.85
Wear Level: 77%
Performance Score: Not Calculated
Tire Sensor
Pressure: 23.39
Temperature: 54.37
Wear Level: 92%
Performance Score: Not Calculated
Tire Sensor
Pressure: 19.03
Temperature: 27.70
Wear Level: 35%
Performance Score: Not Calculated
Tire Sensor
Pressure: 22.97
Temperature: 15.19
Wear Level: 48%
Performance Score: Not Calculated
Tire Sensor
Pressure: 20.25
Temperature: 24.66
Wear Level: 50%
Performance Score: Not Calculated
Tire Sensor
Pressure: 22.71
Temperature: 21.72
Wear Level: 52%
Performance Score: Not Calculated
Tire Sensor
Pressure: 21.31
Temperature: 110.28
Wear Level: 23%
Performance Score: Not Calculated
Tire Sensor
Pressure: 24.98
Temperature: 100.29
Wear Level: 19%
Performance Score: Not Calculated
Tire Sensor
Pressure: 24.14
Temperature: 44.92
Wear Level: 64%
Performance Score: Not Calculated
Tire Sensor
Pressure: 19.32
Temperature: 80.37
Wear Level: 40%
Performance Score: Not Calculated
Tire Sensor
Pressure: 21.61
Temperature: 18.38
Wear Level: 49%
Performance Score: Not Calculated
Tire Sensor
Pressure: 23.13
Temperature: 87.92
Wear Level: 89%
Performance Score: Not Calculated
Tire Sensor
Pressure: 22.34
Temperature: 55.62
Wear Level: 17%
Performance Score: Not Calculated
Tire Sensor
Pressure: 22.36
Temperature: 58.57
Wear Level: 36%
Performance Score: Not Calculated
Tire Sensor
Pressure: 21.50
Temperature: 63.54
Wear Level: 62%
Performance Score: Not Calculated
Tire Sensor
Pressure: 24.60
Temperature: 102.64
Wear Level: 70%
Performance Score: Not Calculated
Tire Sensor
Pressure: 21.54
Temperature: 58.36
Wear Level: 32%
Performance Score: Not Calculated
Tire Sensor
Pressure: 20.56
Temperature: 79.76
Wear Level: 66%
Performance Score: Not Calculated
Tire Sensor
Pressure: 21.27
Temperature: 110.03
Wear Level: 7%
Performance Score: Not Calculated
Tire Sensor
Pressure: 22.25
Temperature: 67.18
Wear Level: 98%
Performance Score: Not Calculated
Tire Sensor
Pressure: 20.89
Temperature: 85.59
Wear Level: 53%
Performance Score: Not Calculated
Tire Sensor
Pressure: 25.61
Temperature: 0.24
Wear Level: 31%
Performance Score: Not Calculated
Tire Sensor
Pressure: 25.43
Temperature: 74.34
Wear Level: 79%
Performance Score: Not Calculated
Tire Sensor
Pressure: 25.94
Temperature: 107.86
Wear Level: 17%
Performance Score: Not Calculated
Tire Sensor
Pressure: 23.17
Temperature: 80.79
Wear Level: 76%
Performance Score: Not Calculated
Tire Sensor
Pressure: 20.83
Temperature: 36.90
Wear Level: 82%
Performance Score: Not Calculated
Tire Sensor
Pressure: 25.09
Temperature: 108.26
Wear Level: 75%
Performance Score: Not Calculated
Tire Sensor
Pressure: 22.22
Temperature: 62.16
Wear Level: 97%
Performance Score: Not Calculated
Tire Sensor
Pressure: 20.47
Temperature: 16.37
Wear Level: 16%
Performance Score: Not Calculated
Tire Sensor
Pressure: 24.51
Temperature: 33.69
Wear Level: 52%
Performance Score: Not Calculated
Tire Sensor
Pressure: 25.42
Temperature: 1.67
Wear Level: 5%
Performance Score: Not Calculated
Tire Sensor
Pressure: 22.52
Temperature: 41.60
Wear Level: 42%
Performance Score: Not Calculated
Tire Sensor
Pressure: 23.43
Temperature: 66.12
Wear Level: 11%
Performance Score: Not Calculated
Tire Sensor
Pressure: 22.59
Temperature: 53.01
Wear Level: 27%
Performance Score: Not Calculated
Tire Sensor
Pressure: 19.50
Temperature: 19.53
Wear Level: 25%
Performance Score: Not Calculated
Tire Sensor
Pressure: 22.01
Temperature: 47.91
Wear Level: 71%
Performance Score: Not Calculated
Tire Sensor
Pressure: 23.22
Temperature: 103.20
Wear Level: 63%
Performance Score: Not Calculated
Tire Sensor
Pressure: 20.55
Temperature: 32.81
Wear Level: 85%
Performance Score: Not Calculated
Tire Sensor
Pressure: 19.01
Temperature: 60.53
Wear Level: 80%
Performance Score: Not Calculated
Tire Sensor
Pressure: 20.50
Temperature: 21.30
Wear Level: 29%
Performance Score: Not Calculated
Tire Sensor
Pressure: 21.67
Temperature: 2.70
Wear Level: 86%
Performance Score: Not Calculated
Tire Sensor
Pressure: 20.24
Temperature: 71.65
Wear Level: 6%
Performance Score: Not Calculated
Tire Sensor
Pressure: 19.07
Temperature: 3.15
Wear Level: 6%
Performance Score: Not Calculated
Tire Sensor
Pressure: 24.11
Temperature: 91.01
Wear Level: 77%
Performance Score: Not Calculated
Tire Sensor
Pressure: 23.02
Temperature: 13.54
Wear Level: 39%
Performance Score: Not Calculated
Tire Sensor
Pressure: 24.66
Temperature: 110.68
Wear Level: 58%
Performance Score: Not Calculated
Tire Sensor
Pressure: 21.12
Temperature: 49.65
Wear Level: 48%
Performance Score: Not Calculated
Tire Sensor
Pressure: 21.00
Temperature: 5.95
Wear Level: 65%
Performance Score: Not Calculated
Tire Sensor
Pressure: 22.71
Temperature: 18.72
Wear Level: 38%
Performance Score: Not Calculated
Tire Sensor
Pressure: 22.97
Temperature: 60.15
Wear Level: 18%
Performance Score: Not Calculated
Tire Sensor
Pressure: 25.01
Temperature: 29.30
Wear Level: 50%
Performance Score: Not Calculated
Tire Sensor
Pressure: 25.28
Temperature: 21.43
Wear Level: 16%
Performance Score: Not Calculated
Tire Sensor
Pressure: 25.74
Temperature: 92.56
Wear Level: 72%
Performance Score: Not Calculated
Tire Sensor
Pressure: 20.04
Temperature: 26.67
Wear Level: 53%
Performance Score: Not Calculated
Tire Sensor
Pressure: 25.20
Temperature: 59.03
Wear Level: 53%
Performance Score: Not Calculated
Tire Sensor
Pressure: 20.53
Temperature: 6.66
Wear Level: 10%
Performance Score: Not Calculated
Tire Sensor
Pressure: 24.02
Temperature: 31.04
Wear Level: 16%
Performance Score: Not Calculated
Tire Sensor
Pressure: 21.48
Temperature: 44.41
Wear Level: 95%
Performance Score: Not Calculated
Tire Sensor
Pressure: 19.14
Temperature: 113.68
Wear Level: 70%
Performance Score: Not Calculated
Tire Sensor
Pressure: 25.37
Temperature: 4.87
Wear Level: 71%
Performance Score: Not Calculated
Tire Sensor
Pressure: 21.93
Temperature: 40.02
Wear Level: 66%
Performance Score: Not Calculated
Tire Sensor
Pressure: 24.67
Temperature: 15.10
Wear Level: 69%
Performance Score: Not Calculated
Tire Sensor
Pressure: 22.72
Temperature: 95.60
Wear Level: 64%
Performance Score: Not Calculated
Tire Sensor
Pressure: 22.57
Temperature: 20.21
Wear Level: 22%
Performance Score: Not Calculated
Tire Sensor
Pressure: 22.28
Temperature: 68.17
Wear Level: 7%
Performance Score: Not Calculated
Tire Sensor
Pressure: 23.10
Temperature: 10.13
Wear Level: 46%
Performance Score: Not Calculated
Tire Sensor
Pressure: 25.93
Temperature: 38.78
Wear Level: 41%
Performance Score: Not Calculated
Tire Sensor
Pressure: 19.65
Temperature: 41.45
Wear Level: 66%
Performance Score: Not Calculated
Tire Sensor
Pressure: 24.74
Temperature: 54.61
Wear Level: 27%
Performance Score: Not Calculated
Tire Sensor
Pressure: 21.86
Temperature: 83.77
Wear Level: 67%
Performance Score: Not Calculated
Tire Sensor
Pressure: 19.56
Temperature: 4.04
Wear Level: 31%
Performance Score: Not Calculated
Tire Sensor
Pressure: 19.90
Temperature: 100.86
Wear Level: 22%
Performance Score: Not Calculated
Tire Sensor
Pressure: 25.18
Temperature: 37.86
Wear Level: 90%
Performance Score: Not Calculated
Tire Sensor
Pressure: 21.19
Temperature: 41.19
Wear Level: 3%
Performance Score: Not Calculated
Tire Sensor
Pressure: 20.34
Temperature: 38.53
Wear Level: 71%
Performance Score: Not Calculated
Tire Sensor
Pressure: 19.00
Temperature: 37.04
Wear Level: 63%
Performance Score: Not Calculated
Tire Sensor
Pressure: 20.72
Temperature: 54.06
Wear Level: 28%
Performance Score: Not Calculated
Tire Sensor
Pressure: 19.05
Temperature: 34.87
Wear Level: 13%
Performance Score: Not Calculated
Tire Sensor
Pressure: 20.32
Temperature: 108.99
Wear Level: 70%
Performance Score: Not Calculated
Tire Sensor
Pressure: 21.98
Temperature: 35.04
Wear Level: 5%
Performance Score: Not Calculated
Tire Sensor
Pressure: 20.51
Temperature: 44.13
Wear Level: 3%
Performance Score: Not Calculated
Tire Sensor
Pressure: 24.50
Temperature: 13.89
Wear Level: 99%
Performance Score: Not Calculated
Tire Sensor
Pressure: 25.65
Temperature: 23.66
Wear Level: 69%
Performance Score: Not Calculated
Tire Sensor
Pressure: 25.48
Temperature: 61.00
Wear Level: 65%
Performance Score: Not Calculated
Tire Sensor
Pressure: 21.52
Temperature: 111.01
Wear Level: 83%
Performance Score: Not Calculated
Tire Sensor
Pressure: 21.68
Temperature: 78.73
Wear Level: 89%
Performance Score: Not Calculated
Tire Sensor
Pressure: 19.08
Temperature: 88.47
Wear Level: 23%
Performance Score: Not Calculated
Tire Sensor
Pressure: 22.42
Temperature: 20.75
Wear Level: 78%
Performance Score: Not Calculated
Tire Sensor
Pressure: 22.93
Temperature: 80.37
Wear Level: 0%
Performance Score: Not Calculated
Tire Sensor
Pressure: 22.78
Temperature: 96.79
Wear Level: 4%
Performance Score: Not Calculated
Tire Sensor
Pressure: 24.79
Temperature: 86.61
Wear Level: 2%
Performance Score: Not Calculated
Tire Sensor
Pressure: 24.72
Temperature: 51.18
Wear Level: 1%
Performance Score: Not Calculated
Tire Sensor
Pressure: 25.34
Temperature: 81.72
Wear Level: 26%
Performance Score: Not Calculated
Tire Sensor
Pressure: 23.15
Temperature: 34.76
Wear Level: 48%
Performance Score: Not Calculated
Tire Sensor
Pressure: 21.56
Temperature: 95.47
Wear Level: 93%
Performance Score: Not Calculated
Tire Sensor
Pressure: 23.50
Temperature: 97.26
Wear Level: 27%
Performance Score: Not Calculated
Tire Sensor
Pressure: 19.89
Temperature: 58.01
Wear Level: 16%
Performance Score: Not Calculated
Tire Sensor
Pressure: 22.95
Temperature: 94.33
Wear Level: 52%
Performance Score: Not Calculated
Tire Sensor
Pressure: 22.18
Temperature: 48.13
Wear Level: 90%
Performance Score: Not Calculated
Tire Sensor
Pressure: 22.24
Temperature: 49.38
Wear Level: 67%
Performance Score: Not Calculated
Tire Sensor
Pressure: 24.97
Temperature: 79.13
Wear Level: 43%
Performance Score: Not Calculated
Tire Sensor
Pressure: 22.22
Temperature: 38.90
Wear Level: 76%
Performance Score: Not Calculated
Tire Sensor
Pressure: 25.82
Temperature: 43.55
Wear Level: 86%
Performance Score: Not Calculated
Tire Sensor
Pressure: 21.50
Temperature: 17.72
Wear Level: 71%
Performance Score: Not Calculated
Tire Sensor
Pressure: 22.61
Temperature: 72.18
Wear Level: 60%
Performance Score: Not Calculated
Tire Sensor
Pressure: 20.85
Temperature: 100.10
Wear Level: 100%
Performance Score: Not Calculated
